Component: ARM Compiler 5.06 update 2 (build 183) Tool: armlink [4d35b7]

==============================================================================

Section Cross References

    startup_stm32f103xe.o(RESET) refers to startup_stm32f103xe.o(STACK) for __initial_sp
    startup_stm32f103xe.o(RESET) refers to startup_stm32f103xe.o(.text) for Reset_Handler
    startup_stm32f103xe.o(RESET) refers to stm32f1xx_it.o(i.NMI_Handler) for NMI_Handler
    startup_stm32f103xe.o(RESET) refers to stm32f1xx_it.o(i.HardFault_Handler) for HardFault_Handler
    startup_stm32f103xe.o(RESET) refers to stm32f1xx_it.o(i.MemManage_Handler) for MemManage_Handler
    startup_stm32f103xe.o(RESET) refers to stm32f1xx_it.o(i.BusFault_Handler) for BusFault_Handler
    startup_stm32f103xe.o(RESET) refers to stm32f1xx_it.o(i.UsageFault_Handler) for UsageFault_Handler
    startup_stm32f103xe.o(RESET) refers to stm32f1xx_it.o(i.SVC_Handler) for SVC_Handler
    startup_stm32f103xe.o(RESET) refers to stm32f1xx_it.o(i.DebugMon_Handler) for DebugMon_Handler
    startup_stm32f103xe.o(RESET) refers to stm32f1xx_it.o(i.PendSV_Handler) for PendSV_Handler
    startup_stm32f103xe.o(RESET) refers to stm32f1xx_it.o(i.SysTick_Handler) for SysTick_Handler
    startup_stm32f103xe.o(RESET) refers to stm32f1xx_it.o(i.RTC_IRQHandler) for RTC_IRQHandler
    startup_stm32f103xe.o(RESET) refers to stm32f1xx_it.o(i.ADC1_2_IRQHandler) for ADC1_2_IRQHandler
    startup_stm32f103xe.o(RESET) refers to stm32f1xx_it.o(i.USB_LP_CAN1_RX0_IRQHandler) for USB_LP_CAN1_RX0_IRQHandler
    startup_stm32f103xe.o(RESET) refers to stm32f1xx_it.o(i.TIM3_IRQHandler) for TIM3_IRQHandler
    startup_stm32f103xe.o(.text) refers to system_stm32f1xx.o(i.SystemInit) for SystemInit
    startup_stm32f103xe.o(.text) refers to entry.o(.ARM.Collect$$$$00000000) for __main
    adc.o(i.ADC_Initialize) refers to adc.o(i.ADCif_CloseADC) for ADCif_CloseADC
    adc.o(i.ADC_Initialize) refers to adc.o(.data) for .data
    adc.o(i.ADC_InterruptHandler) refers to stm32f1xx_hal_adc.o(i.HAL_ADC_GetValue) for HAL_ADC_GetValue
    adc.o(i.ADC_InterruptHandler) refers to stm32f1xx_hal_adc.o(i.HAL_ADC_Start_IT) for HAL_ADC_Start_IT
    adc.o(i.ADC_InterruptHandler) refers to adc.o(i.ADCif_CloseADC) for ADCif_CloseADC
    adc.o(i.ADC_InterruptHandler) refers to adc.o(.data) for .data
    adc.o(i.ADC_InterruptHandler) refers to main.o(.bss) for hadc1
    adc.o(i.ADCif_CloseADC) refers to stm32f1xx_hal_adc.o(i.HAL_ADC_Stop_IT) for HAL_ADC_Stop_IT
    adc.o(i.ADCif_CloseADC) refers to adc.o(.data) for .data
    adc.o(i.ADCif_CloseADC) refers to main.o(.bss) for hadc1
    adc.o(i.ADCif_NewEventHandler) refers to memseta.o(.text) for __aeabi_memclr4
    adc.o(i.ADCif_NewEventHandler) refers to temperature.o(i.TSif_HandleSampleValue) for TSif_HandleSampleValue
    adc.o(i.ADCif_NewEventHandler) refers to power.o(i.Powerif_SetBatteryValue) for Powerif_SetBatteryValue
    adc.o(i.ADCif_NewEventHandler) refers to adc.o(.data) for .data
    adc.o(i.ADCif_SampleADC) refers to adc.o(i.ADCif_CloseADC) for ADCif_CloseADC
    adc.o(i.ADCif_SampleADC) refers to stm32f1xx_hal_adc.o(i.HAL_ADC_ConfigChannel) for HAL_ADC_ConfigChannel
    adc.o(i.ADCif_SampleADC) refers to stm32f1xx_hal_adc.o(i.HAL_ADC_Start_IT) for HAL_ADC_Start_IT
    adc.o(i.ADCif_SampleADC) refers to adc.o(.data) for .data
    adc.o(i.ADCif_SampleADC) refers to main.o(.bss) for hadc1
    key.o(i.Key_DebounceInterruptHandler) refers to key.o(i.Key_GetKeyData) for Key_GetKeyData
    key.o(i.Key_DebounceInterruptHandler) refers to stm32f1xx_hal_tim.o(i.HAL_TIM_Base_Stop_IT) for HAL_TIM_Base_Stop_IT
    key.o(i.Key_DebounceInterruptHandler) refers to key.o(.data) for .data
    key.o(i.Key_DebounceInterruptHandler) refers to main.o(.bss) for htim2
    key.o(i.Key_GetKeyData) refers to stm32f1xx_hal_gpio.o(i.HAL_GPIO_ReadPin) for HAL_GPIO_ReadPin
    key.o(i.Key_InitializeModule) refers to key.o(.data) for .data
    key.o(i.Key_ParseKey) refers to key.o(i.Key_GetKeyData) for Key_GetKeyData
    key.o(i.Key_ParseKey) refers to stm32f1xx_hal_tim.o(i.HAL_TIM_Base_Stop_IT) for HAL_TIM_Base_Stop_IT
    key.o(i.Key_ParseKey) refers to stm32f1xx_hal_tim.o(i.HAL_TIM_Base_Start_IT) for HAL_TIM_Base_Start_IT
    key.o(i.Key_ParseKey) refers to key.o(.data) for .data
    key.o(i.Key_ParseKey) refers to main.o(.bss) for htim2
    key.o(i.Key_PressTimeOut) refers to key.o(.data) for .data
    key.o(i.Keyif_GetKeyState) refers to key.o(.data) for .data
    key.o(i.Keyif_NewEventHandler) refers to utility.o(i.MALLOC) for MALLOC
    key.o(i.Keyif_NewEventHandler) refers to key.o(i.Key_FindKeyValue) for Key_FindKeyValue
    key.o(i.Keyif_NewEventHandler) refers to module.o(i.Module_AddSignal) for Module_AddSignal
    key.o(i.Keyif_NewEventHandler) refers to key.o(.data) for .data
    key.o(i.Keyif_StopModule) refers to key.o(.data) for .data
    module.o(i.Module_AddSignal) refers to utility.o(i.MALLOC) for MALLOC
[...]
    __aeabi_memcpy                           0x08000189   Thumb Code    36  memcpya.o(.text)
    __aeabi_memcpy4                          0x08000189   Thumb Code     0  memcpya.o(.text)
    __aeabi_memcpy8                          0x08000189   Thumb Code     0  memcpya.o(.text)
    __aeabi_memset                           0x080001ad   Thumb Code    14  memseta.o(.text)
    __aeabi_memset4                          0x080001ad   Thumb Code     0  memseta.o(.text)
    __aeabi_memset8                          0x080001ad   Thumb Code     0  memseta.o(.text)
    __aeabi_memclr                           0x080001bb   Thumb Code     4  memseta.o(.text)
    __aeabi_memclr4                          0x080001bb   Thumb Code     0  memseta.o(.text)
    __aeabi_memclr8                          0x080001bb   Thumb Code     0  memseta.o(.text)
    _memset$wrapper                          0x080001bf   Thumb Code    18  memseta.o(.text)
    strcat                                   0x080001d1   Thumb Code    24  strcat.o(.text)
    strlen                                   0x080001e9   Thumb Code    14  strlen.o(.text)
    strcpy                                   0x080001f7   Thumb Code    18  strcpy.o(.text)
    __aeabi_dmul                             0x08000209   Thumb Code   228  dmul.o(.text)
    __ARM_scalbn                             0x080002ed   Thumb Code    46  dscalb.o(.text)
    scalbn                                   0x080002ed   Thumb Code     0  dscalb.o(.text)
    __aeabi_ui2d                             0x0800031b   Thumb Code    26  dfltui.o(.text)
    __aeabi_d2uiz                            0x08000335   Thumb Code    50  dfixui.o(.text)
    __I$use$fp                               0x08000367   Thumb Code     0  iusefp.o(.text)
    _double_round                            0x08000367   Thumb Code    30  depilogue.o(.text)
    _double_epilogue                         0x08000385   Thumb Code   156  depilogue.o(.text)
    __scatterload                            0x08000421   Thumb Code    28  init.o(.text)
    __scatterload_rt2                        0x08000421   Thumb Code     0  init.o(.text)
    __aeabi_llsl                             0x08000445   Thumb Code    30  llshl.o(.text)
    _ll_shift_l                              0x08000445   Thumb Code     0  llshl.o(.text)
    __decompress                             0x08000463   Thumb Code     0  __dczerorl2.o(.text)
    __decompress1                            0x08000463   Thumb Code    86  __dczerorl2.o(.text)
    ADC1_2_IRQHandler                        0x080004b9   Thumb Code    16  stm32f1xx_it.o(i.ADC1_2_IRQHandler)
    ADC_ConversionStop_Disable               0x080004cd   Thumb Code    76  stm32f1xx_hal_adc.o(i.ADC_ConversionStop_Disable)
    ADC_Enable                               0x08000519   Thumb Code   104  stm32f1xx_hal_adc.o(i.ADC_Enable)
    ADC_Initialize                           0x08000589   Thumb Code    10  adc.o(i.ADC_Initialize)
    ADC_InterruptHandler                     0x08000599   Thumb Code    80  adc.o(i.ADC_InterruptHandler)
    ADCif_CloseADC                           0x080005f1   Thumb Code    14  adc.o(i.ADCif_CloseADC)
    ADCif_NewEventHandler                    0x08000609   Thumb Code    68  adc.o(i.ADCif_NewEventHandler)
    ADCif_SampleADC                          0x08000651   Thumb Code    68  adc.o(i.ADCif_SampleADC)
    BSP_SD_GetCardInfo                       0x0800069d   Thumb Code     8  bsp_driver_sd.o(i.BSP_SD_GetCardInfo)
    BSP_SD_GetCardState                      0x080006a9   Thumb Code    20  bsp_driver_sd.o(i.BSP_SD_GetCardState)
    BSP_SD_Init                              0x080006c1   Thumb Code    48  bsp_driver_sd.o(i.BSP_SD_Init)
    BSP_SD_ReadBlocks                        0x080006f5   Thumb Code    26  bsp_driver_sd.o(i.BSP_SD_ReadBlocks)
    BSP_SD_WriteBlocks                       0x08000715   Thumb Code    26  bsp_driver_sd.o(i.BSP_SD_WriteBlocks)
    BusFault_Handler                         0x08000735   Thumb Code     2  stm32f1xx_it.o(i.BusFault_Handler)
    CDC_ISBUSY                               0x08000741   Thumb Code    20  usbd_cdc_if.o(i.CDC_ISBUSY)
    CDC_Transmit_FS                          0x080007a1   Thumb Code    38  usbd_cdc_if.o(i.CDC_Transmit_FS)
    DebugMon_Handler                         0x080007cd   Thumb Code     2  stm32f1xx_it.o(i.DebugMon_Handler)
    FATFS_LinkDriver                         0x080007cf   Thumb Code     6  ff_gen_drv.o(i.FATFS_LinkDriver)
    FATFS_LinkDriverEx                       0x080007d5   Thumb Code    60  ff_gen_drv.o(i.FATFS_LinkDriverEx)
    FREE                                     0x08000815   Thumb Code     4  utility.o(i.FREE)
    HAL_ADCEx_InjectedConvCpltCallback       0x08000819   Thumb Code     2  stm32f1xx_hal_adc_ex.o(i.HAL_ADCEx_InjectedConvCpltCallback)
    HAL_ADC_ConfigChannel                    0x0800081d   Thumb Code   240  stm32f1xx_hal_adc.o(i.HAL_ADC_ConfigChannel)
    HAL_ADC_ConvCpltCallback                 0x08000919   Thumb Code     2  stm32f1xx_hal_adc.o(i.HAL_ADC_ConvCpltCallback)
    HAL_ADC_GetValue                         0x0800091b   Thumb Code     6  stm32f1xx_hal_adc.o(i.HAL_ADC_GetValue)
    HAL_ADC_IRQHandler                       0x08000921   Thumb Code   230  stm32f1xx_hal_adc.o(i.HAL_ADC_IRQHandler)
    HAL_ADC_Init                             0x08000a09   Thumb Code   276  stm32f1xx_hal_adc.o(i.HAL_ADC_Init)
    HAL_ADC_LevelOutOfWindowCallback         0x08000b2d   Thumb Code     2  stm32f1xx_hal_adc.o(i.HAL_ADC_LevelOutOfWindowCallback)
    HAL_ADC_MspInit                          0x08000b31   Thumb Code    66  stm32f1xx_hal_msp.o(i.HAL_ADC_MspInit)
    HAL_ADC_Start_IT                         0x08000b81   Thumb Code   194  stm32f1xx_hal_adc.o(i.HAL_ADC_Start_IT)
    HAL_ADC_Stop_IT                          0x08000c4d   Thumb Code    62  stm32f1xx_hal_adc.o(i.HAL_ADC_Stop_IT)
    HAL_Delay                                0x08000c8d   Thumb Code    32  stm32f1xx_hal.o(i.HAL_Delay)
    HAL_GPIO_Init                            0x08000cb1   Thumb Code   446  stm32f1xx_hal_gpio.o(i.HAL_GPIO_Init)
    HAL_GPIO_TogglePin                       0x08000e99   Thumb Code     8  stm32f1xx_hal_gpio.o(i.HAL_GPIO_TogglePin)
    HAL_GPIO_WritePin                        0x08000ea1   Thumb Code    10  stm32f1xx_hal_gpio.o(i.HAL_GPIO_WritePin)
    HAL_GetTick                              0x08000ead   Thumb Code     6  stm32f1xx_hal.o(i.HAL_GetTick)
    HAL_I2C_Init                             0x08000eb9   Thumb Code   302  stm32f1xx_hal_i2c.o(i.HAL_I2C_Init)
    HAL_I2C_MspInit                          0x08000ff9   Thumb Code    56  stm32f1xx_hal_msp.o(i.HAL_I2C_MspInit)
    HAL_IncTick                              0x0800103d   Thumb Code    12  stm32f1xx_hal.o(i.HAL_IncTick)
    HAL_Init                                 0x0800104d   Thumb Code    32  stm32f1xx_hal.o(i.HAL_Init)
    HAL_InitTick                             0x08001071   Thumb Code    54  stm32f1xx_hal.o(i.HAL_InitTick)
    HAL_MspInit                              0x080010b1   Thumb Code   134  stm32f1xx_hal_msp.o(i.HAL_MspInit)
    HAL_NVIC_EnableIRQ                       0x08001141   Thumb Code    22  stm32f1xx_hal_cortex.o(i.HAL_NVIC_EnableIRQ)
    HAL_NVIC_SetPriority                     0x08001159   Thumb Code    60  stm32f1xx_hal_cortex.o(i.HAL_NVIC_SetPriority)
    HAL_NVIC_SetPriorityGrouping             0x08001199   Thumb Code    26  stm32f1xx_hal_cortex.o(i.HAL_NVIC_SetPriorityGrouping)
    HAL_PCDEx_PMAConfig                      0x080011bd   Thumb Code    52  stm32f1xx_hal_pcd_ex.o(i.HAL_PCDEx_PMAConfig)
    HAL_PCDEx_SetConnectionState             0x080011f1   Thumb Code     2  usbd_conf.o(i.HAL_PCDEx_SetConnectionState)
    HAL_PCD_DataInStageCallback              0x080011f3   Thumb Code    14  usbd_conf.o(i.HAL_PCD_DataInStageCallback)
    HAL_PCD_DataOutStageCallback             0x08001201   Thumb Code    16  usbd_conf.o(i.HAL_PCD_DataOutStageCallback)
    HAL_PCD_EP_Close                         0x08001211   Thumb Code    64  stm32f1xx_hal_pcd.o(i.HAL_PCD_EP_Close)
    HAL_PCD_EP_ClrStall                      0x08001251   Thumb Code    72  stm32f1xx_hal_pcd.o(i.HAL_PCD_EP_ClrStall)
    HAL_PCD_EP_GetRxCount                    0x08001299   Thumb Code    16  stm32f1xx_hal_pcd.o(i.HAL_PCD_EP_GetRxCount)
    HAL_PCD_EP_Open                          0x080012a9   Thumb Code    68  stm32f1xx_hal_pcd.o(i.HAL_PCD_EP_Open)
    HAL_PCD_EP_Receive                       0x080012ed   Thumb Code    46  stm32f1xx_hal_pcd.o(i.HAL_PCD_EP_Receive)
    HAL_PCD_EP_SetStall                      0x0800131b   Thumb Code    86  stm32f1xx_hal_pcd.o(i.HAL_PCD_EP_SetStall)
    HAL_PCD_EP_Transmit                      0x08001371   Thumb Code    42  stm32f1xx_hal_pcd.o(i.HAL_PCD_EP_Transmit)
    HAL_PCD_IRQHandler                       0x0800139b   Thumb Code   268  stm32f1xx_hal_pcd.o(i.HAL_PCD_IRQHandler)
    HAL_PCD_Init                             0x080014a9   Thumb Code   192  stm32f1xx_hal_pcd.o(i.HAL_PCD_Init)
    HAL_PCD_MspInit                          0x08001569   Thumb Code    50  usbd_conf.o(i.HAL_PCD_MspInit)
    HAL_PCD_ResetCallback                    0x080015a5   Thumb Code    26  usbd_conf.o(i.HAL_PCD_ResetCallback)
    HAL_PCD_ResumeCallback                   0x080015bf   Thumb Code     8  usbd_conf.o(i.HAL_PCD_ResumeCallback)
    HAL_PCD_SOFCallback                      0x080015c7   Thumb Code     8  usbd_conf.o(i.HAL_PCD_SOFCallback)
    HAL_PCD_SetAddress                       0x080015cf   Thumb Code    40  stm32f1xx_hal_pcd.o(i.HAL_PCD_SetAddress)
    HAL_PCD_SetupStageCallback               0x080015f7   Thumb Code    14  usbd_conf.o(i.HAL_PCD_SetupStageCallback)
    HAL_PCD_Start                            0x08001605   Thumb Code    50  stm32f1xx_hal_pcd.o(i.HAL_PCD_Start)
    HAL_PCD_SuspendCallback                  0x08001639   Thumb Code    30  usbd_conf.o(i.HAL_PCD_SuspendCallback)
    HAL_PWR_EnableBkUpAccess                 0x0800165d   Thumb Code     8  stm32f1xx_hal_pwr.o(i.HAL_PWR_EnableBkUpAccess)
    HAL_RCCEx_GetPeriphCLKFreq               0x08001669   Thumb Code   180  stm32f1xx_hal_rcc_ex.o(i.HAL_RCCEx_GetPeriphCLKFreq)
    HAL_RCCEx_PeriphCLKConfig                0x0800173d   Thumb Code   224  stm32f1xx_hal_rcc_ex.o(i.HAL_RCCEx_PeriphCLKConfig)
    HAL_RCC_ClockConfig                      0x08001829   Thumb Code   322  stm32f1xx_hal_rcc.o(i.HAL_RCC_ClockConfig)
    HAL_RCC_GetHCLKFreq                      0x0800197d   Thumb Code     6  stm32f1xx_hal_rcc.o(i.HAL_RCC_GetHCLKFreq)
    HAL_RCC_GetPCLK1Freq                     0x08001989   Thumb Code    20  stm32f1xx_hal_rcc.o(i.HAL_RCC_GetPCLK1Freq)
    HAL_RCC_GetPCLK2Freq                     0x080019a9   Thumb Code    20  stm32f1xx_hal_rcc.o(i.HAL_RCC_GetPCLK2Freq)
    HAL_RCC_GetSysClockFreq                  0x080019c9   Thumb Code    74  stm32f1xx_hal_rcc.o(i.HAL_RCC_GetSysClockFreq)
    HAL_RCC_OscConfig                        0x08001a35   Thumb Code   750  stm32f1xx_hal_rcc.o(i.HAL_RCC_OscConfig)
    HAL_RTCEx_DeactivateSecond               0x08001d39   Thumb Code    44  stm32f1xx_hal_rtc_ex.o(i.HAL_RTCEx_DeactivateSecond)
    HAL_RTCEx_RTCEventCallback               0x08001d65   Thumb Code     2  stm32f1xx_hal_rtc_ex.o(i.HAL_RTCEx_RTCEventCallback)
    HAL_RTCEx_RTCEventErrorCallback          0x08001d67   Thumb Code     2  stm32f1xx_hal_rtc_ex.o(i.HAL_RTCEx_RTCEventErrorCallback)
    HAL_RTCEx_RTCIRQHandler                  0x08001d69   Thumb Code    60  stm32f1xx_hal_rtc_ex.o(i.HAL_RTCEx_RTCIRQHandler)
    HAL_RTCEx_SetSecond_IT                   0x08001da5   Thumb Code    44  stm32f1xx_hal_rtc_ex.o(i.HAL_RTCEx_SetSecond_IT)
    HAL_RTC_Init                             0x08001dd1   Thumb Code   154  stm32f1xx_hal_rtc.o(i.HAL_RTC_Init)
    HAL_RTC_MspInit                          0x08001e71   Thumb Code    60  stm32f1xx_hal_msp.o(i.HAL_RTC_MspInit)
    HAL_RTC_SetDate                          0x08001eb9   Thumb Code   192  stm32f1xx_hal_rtc.o(i.HAL_RTC_SetDate)
    HAL_RTC_SetTime                          0x08001f7d   Thumb Code   168  stm32f1xx_hal_rtc.o(i.HAL_RTC_SetTime)
    HAL_RTC_WaitForSynchro                   0x08002029   Thumb Code    58  stm32f1xx_hal_rtc.o(i.HAL_RTC_WaitForSynchro)
    HAL_SD_ConfigWideBusOperation            0x08002063   Thumb Code   120  stm32f1xx_hal_sd.o(i.HAL_SD_ConfigWideBusOperation)
    HAL_SD_GetCardCSD                        0x080020db   Thumb Code   474  stm32f1xx_hal_sd.o(i.HAL_SD_GetCardCSD)
    HAL_SD_GetCardInfo                       0x080022b5   Thumb Code    36  stm32f1xx_hal_sd.o(i.HAL_SD_GetCardInfo)
    HAL_SD_GetCardState                      0x080022d9   Thumb Code    44  stm32f1xx_hal_sd.o(i.HAL_SD_GetCardState)
    HAL_SD_Init                              0x08002305   Thumb Code    54  stm32f1xx_hal_sd.o(i.HAL_SD_Init)
    HAL_SD_InitCard                          0x0800233d   Thumb Code    80  stm32f1xx_hal_sd.o(i.HAL_SD_InitCard)
    HAL_SD_MspInit                           0x08002391   Thumb Code    72  stm32f1xx_hal_msp.o(i.HAL_SD_MspInit)
    HAL_SD_ReadBlocks                        0x080023e9   Thumb Code   434  stm32f1xx_hal_sd.o(i.HAL_SD_ReadBlocks)
    HAL_SD_WriteBlocks                       0x0800259d   Thumb Code   410  stm32f1xx_hal_sd.o(i.HAL_SD_WriteBlocks)
    HAL_SYSTICK_CLKSourceConfig              0x08002737   Thumb Code    24  stm32f1xx_hal_cortex.o(i.HAL_SYSTICK_CLKSourceConfig)
    HAL_SYSTICK_Callback                     0x0800274f   Thumb Code     2  stm32f1xx_hal_cortex.o(i.HAL_SYSTICK_Callback)
    HAL_SYSTICK_Config                       0x08002751   Thumb Code    40  stm32f1xx_hal_cortex.o(i.HAL_SYSTICK_Config)
    HAL_SYSTICK_IRQHandler                   0x08002779   Thumb Code     8  stm32f1xx_hal_cortex.o(i.HAL_SYSTICK_IRQHandler)
    HAL_TIMEx_BreakCallback                  0x08002781   Thumb Code     2  stm32f1xx_hal_tim_ex.o(i.HAL_TIMEx_BreakCallback)
    HAL_TIMEx_CommutationCallback            0x08002783   Thumb Code     2  stm32f1xx_hal_tim_ex.o(i.HAL_TIMEx_CommutationCallback)
    HAL_TIMEx_MasterConfigSynchronization    0x08002785   Thumb Code    80  stm32f1xx_hal_tim_ex.o(i.HAL_TIMEx_MasterConfigSynchronization)
    HAL_TIM_Base_Init                        0x080027d5   Thumb Code    54  stm32f1xx_hal_tim.o(i.HAL_TIM_Base_Init)
    HAL_TIM_Base_MspInit                     0x0800280d   Thumb Code    72  stm32f1xx_hal_msp.o(i.HAL_TIM_Base_MspInit)
    HAL_TIM_Base_Start_IT                    0x0800285d   Thumb Code    24  stm32f1xx_hal_tim.o(i.HAL_TIM_Base_Start_IT)
    HAL_TIM_Base_Stop_IT                     0x08002875   Thumb Code    42  stm32f1xx_hal_tim.o(i.HAL_TIM_Base_Stop_IT)
    HAL_TIM_ConfigClockSource                0x0800289f   Thumb Code   242  stm32f1xx_hal_tim.o(i.HAL_TIM_ConfigClockSource)
    HAL_TIM_IC_CaptureCallback               0x08002991   Thumb Code     2  stm32f1xx_hal_tim.o(i.HAL_TIM_IC_CaptureCallback)
    HAL_TIM_IRQHandler                       0x08002993   Thumb Code   358  stm32f1xx_hal_tim.o(i.HAL_TIM_IRQHandler)
    HAL_TIM_OC_DelayElapsedCallback          0x08002af9   Thumb Code     2  stm32f1xx_hal_tim.o(i.HAL_TIM_OC_DelayElapsedCallback)
    HAL_TIM_PWM_PulseFinishedCallback        0x08002afb   Thumb Code     2  stm32f1xx_hal_tim.o(i.HAL_TIM_PWM_PulseFinishedCallback)
    HAL_TIM_PeriodElapsedCallback            0x08002afd   Thumb Code    14  main.o(i.HAL_TIM_PeriodElapsedCallback)
    HAL_TIM_TriggerCallback                  0x08002b11   Thumb Code     2  stm32f1xx_hal_tim.o(i.HAL_TIM_TriggerCallback)
    HardFault_Handler                        0x08002b13   Thumb Code     2  stm32f1xx_it.o(i.HardFault_Handler)
    ItoStr                                   0x08002b15   Thumb Code   104  utility.o(i.ItoStr)
    Key_FindKeyValue                         0x08002b7d   Thumb Code    22  key.o(i.Key_FindKeyValue)
    Key_InitializeModule                     0x08002b95   Thumb Code    12  key.o(i.Key_InitializeModule)
    Keyif_NewEventHandler                    0x08002ba5   Thumb Code    72  key.o(i.Keyif_NewEventHandler)
    MALLOC                                   0x08002bf1   Thumb Code    10  utility.o(i.MALLOC)
    MX_FATFS_Init                            0x08002c51   Thumb Code    18  fatfs.o(i.MX_FATFS_Init)
    MX_USB_DEVICE_Init                       0x08002ed5   Thumb Code    38  usb_device.o(i.MX_USB_DEVICE_Init)
    Main_SystemInitialize                    0x08002f0d   Thumb Code    38  main.o(i.Main_SystemInitialize)
    MemManage_Handler                        0x08002f33   Thumb Code     2  stm32f1xx_it.o(i.MemManage_Handler)
    Module_AddSignal                         0x08002f35   Thumb Code    56  module.o(i.Module_AddSignal)
    Module_HandleSignal                      0x08002f71   Thumb Code    50  module.o(i.Module_HandleSignal)
    Module_InitSignalQueue                   0x08002fa9   Thumb Code    22  module.o(i.Module_InitSignalQueue)
    Module_RemoveSignal                      0x08002fc5   Thumb Code    18  module.o(i.Module_RemoveSignal)
    NMI_Handler                              0x08002fdd   Thumb Code     2  stm32f1xx_it.o(i.NMI_Handler)
    PendSV_Handler                           0x08003361   Thumb Code     2  stm32f1xx_it.o(i.PendSV_Handler)
    Power_Initialize                         0x08003365   Thumb Code    14  power.o(i.Power_Initialize)
    Power_SampleBatteryAlgorithm             0x08003379   Thumb Code   144  power.o(i.Power_SampleBatteryAlgorithm)
    Powerif_GetLowBatteryThreshold           0x08003421   Thumb Code    48  power.o(i.Powerif_GetLowBatteryThreshold)
    Powerif_GetVoltageValue                  0x0800345d   Thumb Code   106  power.o(i.Powerif_GetVoltageValue)
    Powerif_SetBatteryValue                  0x080034d1   Thumb Code    54  power.o(i.Powerif_SetBatteryValue)
    Powerif_SetLowBatteryThreshold           0x0800350d   Thumb Code     6  power.o(i.Powerif_SetLowBatteryThreshold)
    RTC_IRQHandler                           0x08003599   Thumb Code    16  stm32f1xx_it.o(i.RTC_IRQHandler)
    RTC_Initialize                           0x080035ad   Thumb Code    32  rtc.o(i.RTC_Initialize)
    RTC_SetOneSecTimerEnable                 0x08003609   Thumb Code    14  rtc.o(i.RTC_SetOneSecTimerEnable)
    RTC_TimeOutHandler                       0x0800361d   Thumb Code    92  rtc.o(i.RTC_TimeOutHandler)
    RTC_TimeStampToDate                      0x0800367d   Thumb Code   392  rtc.o(i.RTC_TimeStampToDate)
    RTC_TimerHandler                         0x08003819   Thumb Code   132  rtc.o(i.RTC_TimerHandler)
    RTCif_GetDateString                      0x0800394d   Thumb Code   360  rtc.o(i.RTCif_GetDateString)
    RTCif_GetSystemUptime                    0x08003bc9   Thumb Code     6  rtc.o(i.RTCif_GetSystemUptime)
    RTCif_GetTimeStamp                       0x08003bd5   Thumb Code     6  rtc.o(i.RTCif_GetTimeStamp)
    RTCif_GetTimeString                      0x08003be1   Thumb Code   166  rtc.o(i.RTCif_GetTimeString)
    RTCif_SetHalfSecondTimeout               0x08003c89   Thumb Code    10  rtc.o(i.RTCif_SetHalfSecondTimeout)
    RTCif_SetLEDTimer                        0x08003c99   Thumb Code    76  rtc.o(i.RTCif_SetLEDTimer)
    RTCif_SetTimeStamp                       0x08003ced   Thumb Code     6  rtc.o(i.RTCif_SetTimeStamp)
    RTCif_TimeSecondsToString                0x08003cf9   Thumb Code   134  rtc.o(i.RTCif_TimeSecondsToString)
    SDCard_InitializeModule                  0x08003d89   Thumb Code     8  sdcard.o(i.SDCard_InitializeModule)
    SDCard_TestWrite                         0x08003d95   Thumb Code   226  sdcard.o(i.SDCard_TestWrite)
    SDIO_ConfigData                          0x08003edd   Thumb Code    36  stm32f1xx_ll_sdmmc.o(i.SDIO_ConfigData)
    SDIO_GetPowerState                       0x08003f01   Thumb Code     8  stm32f1xx_ll_sdmmc.o(i.SDIO_GetPowerState)
    SDIO_GetResponse                         0x08003f09   Thumb Code    12  stm32f1xx_ll_sdmmc.o(i.SDIO_GetResponse)
    SDIO_Init                                0x08003f15   Thumb Code    36  stm32f1xx_ll_sdmmc.o(i.SDIO_Init)
    SDIO_PowerState_ON                       0x08003f39   Thumb Code     8  stm32f1xx_ll_sdmmc.o(i.SDIO_PowerState_ON)
    SDIO_ReadFIFO                            0x08003f41   Thumb Code     6  stm32f1xx_ll_sdmmc.o(i.SDIO_ReadFIFO)
    SDIO_SendCommand                         0x08003f47   Thumb Code    32  stm32f1xx_ll_sdmmc.o(i.SDIO_SendCommand)
    SDIO_WriteFIFO                           0x08003f67   Thumb Code    10  stm32f1xx_ll_sdmmc.o(i.SDIO_WriteFIFO)
    SDMMC_CmdAppCommand                      0x08003f71   Thumb Code    50  stm32f1xx_ll_sdmmc.o(i.SDMMC_CmdAppCommand)
    SDMMC_CmdAppOperCommand                  0x08003fa5   Thumb Code    48  stm32f1xx_ll_sdmmc.o(i.SDMMC_CmdAppOperCommand)
    SDMMC_CmdBlockLength                     0x08003fd9   Thumb Code    50  stm32f1xx_ll_sdmmc.o(i.SDMMC_CmdBlockLength)
    SDMMC_CmdBusWidth                        0x0800400b   Thumb Code    50  stm32f1xx_ll_sdmmc.o(i.SDMMC_CmdBusWidth)
    SDMMC_CmdGoIdleState                     0x0800403d   Thumb Code    76  stm32f1xx_ll_sdmmc.o(i.SDMMC_CmdGoIdleState)
    SDMMC_CmdOperCond                        0x0800408d   Thumb Code    98  stm32f1xx_ll_sdmmc.o(i.SDMMC_CmdOperCond)
    SDMMC_CmdReadMultiBlock                  0x080040f5   Thumb Code    50  stm32f1xx_ll_sdmmc.o(i.SDMMC_CmdReadMultiBlock)
    SDMMC_CmdReadSingleBlock                 0x08004127   Thumb Code    50  stm32f1xx_ll_sdmmc.o(i.SDMMC_CmdReadSingleBlock)
    SDMMC_CmdSelDesel                        0x08004159   Thumb Code    50  stm32f1xx_ll_sdmmc.o(i.SDMMC_CmdSelDesel)
    SDMMC_CmdSendCID                         0x0800418b   Thumb Code    44  stm32f1xx_ll_sdmmc.o(i.SDMMC_CmdSendCID)
    SDMMC_CmdSendCSD                         0x080041b7   Thumb Code    44  stm32f1xx_ll_sdmmc.o(i.SDMMC_CmdSendCSD)
    SDMMC_CmdSendSCR                         0x080041e3   Thumb Code    48  stm32f1xx_ll_sdmmc.o(i.SDMMC_CmdSendSCR)
    SDMMC_CmdSendStatus                      0x08004213   Thumb Code    50  stm32f1xx_ll_sdmmc.o(i.SDMMC_CmdSendStatus)
    SDMMC_CmdSetRelAdd                       0x08004245   Thumb Code    48  stm32f1xx_ll_sdmmc.o(i.SDMMC_CmdSetRelAdd)
    SDMMC_CmdStopTransfer                    0x08004275   Thumb Code    46  stm32f1xx_ll_sdmmc.o(i.SDMMC_CmdStopTransfer)
    SDMMC_CmdWriteMultiBlock                 0x080042a9   Thumb Code    50  stm32f1xx_ll_sdmmc.o(i.SDMMC_CmdWriteMultiBlock)
    SDMMC_CmdWriteSingleBlock                0x080042db   Thumb Code    50  stm32f1xx_ll_sdmmc.o(i.SDMMC_CmdWriteSingleBlock)
    SD_initialize                            0x08004835   Thumb Code    26  sd_diskio.o(i.SD_initialize)
    SD_ioctl                                 0x08004855   Thumb Code    74  sd_diskio.o(i.SD_ioctl)
    SD_read                                  0x080048a5   Thumb Code    52  sd_diskio.o(i.SD_read)
    SD_status                                0x080048e1   Thumb Code    26  sd_diskio.o(i.SD_status)
    SD_write                                 0x08004901   Thumb Code    52  sd_diskio.o(i.SD_write)
    SVC_Handler                              0x0800493d   Thumb Code     2  stm32f1xx_it.o(i.SVC_Handler)
    StoI                                     0x08004941   Thumb Code    46  utility.o(i.StoI)
    StrCmpN                                  0x0800496f   Thumb Code    36  utility.o(i.StrCmpN)
    StrUpperCase                             0x08004993   Thumb Code    54  utility.o(i.StrUpperCase)
    SysTick_Handler                          0x080049c9   Thumb Code    14  stm32f1xx_it.o(i.SysTick_Handler)
    SystemClock_Config                       0x080049d9   Thumb Code   154  main.o(i.SystemClock_Config)
    SystemInit                               0x08004a85   Thumb Code    56  system_stm32f1xx.o(i.SystemInit)
    TIM3_IRQHandler                          0x08004acd   Thumb Code     6  stm32f1xx_it.o(i.TIM3_IRQHandler)
    TIM_Base_SetConfig                       0x08004ad9   Thumb Code   120  stm32f1xx_hal_tim.o(i.TIM_Base_SetConfig)
    TS_Initialize                            0x08004bcf   Thumb Code     2  temperature.o(i.TS_Initialize)
    TSif_HandleSampleValue                   0x08004bd1   Thumb Code    36  temperature.o(i.TSif_HandleSampleValue)
    UI_InitializeModule                      0x08004bfd   Thumb Code    20  ui.o(i.UI_InitializeModule)
    UI_KeyHandler                            0x08004c15   Thumb Code    18  ui.o(i.UI_KeyHandler)
    UI_SignalHandler                         0x08004c2d   Thumb Code    32  ui.o(i.UI_SignalHandler)
    UIif_HandleFastBlinkLEDTimeout           0x08004c4d   Thumb Code   190  ui.o(i.UIif_HandleFastBlinkLEDTimeout)
    UIif_SetBlinkLED                         0x08004d1d   Thumb Code   144  ui.o(i.UIif_SetBlinkLED)
    UIif_StartFastBlinkLED                   0x08004db9   Thumb Code    18  ui.o(i.UIif_StartFastBlinkLED)
    USBD_CDC_GetDeviceQualifierDescriptor    0x08004e79   Thumb Code     8  usbd_cdc.o(i.USBD_CDC_GetDeviceQualifierDescriptor)
    USBD_CDC_ReceivePacket                   0x08004f31   Thumb Code    40  usbd_cdc.o(i.USBD_CDC_ReceivePacket)
    USBD_CDC_RegisterInterface               0x08004f59   Thumb Code    16  usbd_cdc.o(i.USBD_CDC_RegisterInterface)
    USBD_CDC_SetRxBuffer                     0x08004f69   Thumb Code    12  usbd_cdc.o(i.USBD_CDC_SetRxBuffer)
    USBD_CDC_SetTxBuffer                     0x08004f75   Thumb Code    16  usbd_cdc.o(i.USBD_CDC_SetTxBuffer)
    USBD_CDC_TransmitPacket                  0x08004ff5   Thumb Code    48  usbd_cdc.o(i.USBD_CDC_TransmitPacket)
    USBD_ClrClassConfig                      0x08005025   Thumb Code    14  usbd_core.o(i.USBD_ClrClassConfig)
    USBD_CtlContinueRx                       0x08005033   Thumb Code    16  usbd_ioreq.o(i.USBD_CtlContinueRx)
    USBD_CtlContinueSendData                 0x08005043   Thumb Code    16  usbd_ioreq.o(i.USBD_CtlContinueSendData)
    USBD_CtlError                            0x08005053   Thumb Code    22  usbd_ctlreq.o(i.USBD_CtlError)
    USBD_CtlPrepareRx                        0x08005069   Thumb Code    30  usbd_ioreq.o(i.USBD_CtlPrepareRx)
    USBD_CtlReceiveStatus                    0x08005087   Thumb Code    22  usbd_ioreq.o(i.USBD_CtlReceiveStatus)
    USBD_CtlSendData                         0x0800509d   Thumb Code    26  usbd_ioreq.o(i.USBD_CtlSendData)
    USBD_CtlSendStatus                       0x080050b7   Thumb Code    22  usbd_ioreq.o(i.USBD_CtlSendStatus)
    USBD_FS_ConfigStrDescriptor              0x080050cd   Thumb Code    16  usbd_desc.o(i.USBD_FS_ConfigStrDescriptor)
    USBD_FS_DeviceDescriptor                 0x080050ed   Thumb Code     8  usbd_desc.o(i.USBD_FS_DeviceDescriptor)
    USBD_FS_InterfaceStrDescriptor           0x080050f9   Thumb Code    16  usbd_desc.o(i.USBD_FS_InterfaceStrDescriptor)
    USBD_FS_LangIDStrDescriptor              0x0800511d   Thumb Code     8  usbd_desc.o(i.USBD_FS_LangIDStrDescriptor)
    USBD_FS_ManufacturerStrDescriptor        0x08005129   Thumb Code    16  usbd_desc.o(i.USBD_FS_ManufacturerStrDescriptor)
    USBD_FS_ProductStrDescriptor             0x08005151   Thumb Code    16  usbd_desc.o(i.USBD_FS_ProductStrDescriptor)
    USBD_FS_SerialStrDescriptor              0x0800517d   Thumb Code    16  usbd_desc.o(i.USBD_FS_SerialStrDescriptor)
    USBD_GetString                           0x08005281   Thumb Code    70  usbd_ctlreq.o(i.USBD_GetString)
    USBD_Init                                0x080052c7   Thumb Code    42  usbd_core.o(i.USBD_Init)
    USBD_LL_ClearStallEP                     0x080052f1   Thumb Code    32  usbd_conf.o(i.USBD_LL_ClearStallEP)
    USBD_LL_CloseEP                          0x08005311   Thumb Code    32  usbd_conf.o(i.USBD_LL_CloseEP)
    USBD_LL_DataInStage                      0x08005331   Thumb Code   170  usbd_core.o(i.USBD_LL_DataInStage)
    USBD_LL_DataOutStage                     0x080053db   Thumb Code   106  usbd_core.o(i.USBD_LL_DataOutStage)
    USBD_LL_GetRxDataSize                    0x08005445   Thumb Code     8  usbd_conf.o(i.USBD_LL_GetRxDataSize)
    USBD_LL_Init                             0x0800544d   Thumb Code   130  usbd_conf.o(i.USBD_LL_Init)
    USBD_LL_IsStallEP                        0x080054ed   Thumb Code    28  usbd_conf.o(i.USBD_LL_IsStallEP)
    USBD_LL_OpenEP                           0x08005509   Thumb Code    38  usbd_conf.o(i.USBD_LL_OpenEP)
    USBD_LL_PrepareReceive                   0x0800552f   Thumb Code    32  usbd_conf.o(i.USBD_LL_PrepareReceive)
    USBD_LL_Reset                            0x0800554f   Thumb Code    62  usbd_core.o(i.USBD_LL_Reset)
    USBD_LL_Resume                           0x0800558d   Thumb Code    12  usbd_core.o(i.USBD_LL_Resume)
    USBD_LL_SOF                              0x08005599   Thumb Code    24  usbd_core.o(i.USBD_LL_SOF)
    USBD_LL_SetSpeed                         0x080055b1   Thumb Code     6  usbd_core.o(i.USBD_LL_SetSpeed)
    USBD_LL_SetUSBAddress                    0x080055b7   Thumb Code    32  usbd_conf.o(i.USBD_LL_SetUSBAddress)
    USBD_LL_SetupStage                       0x080055d7   Thumb Code    90  usbd_core.o(i.USBD_LL_SetupStage)
    USBD_LL_StallEP                          0x08005631   Thumb Code    32  usbd_conf.o(i.USBD_LL_StallEP)
    USBD_LL_Start                            0x08005651   Thumb Code    32  usbd_conf.o(i.USBD_LL_Start)
    USBD_LL_Suspend                          0x08005671   Thumb Code    18  usbd_core.o(i.USBD_LL_Suspend)
    USBD_LL_Transmit                         0x08005683   Thumb Code    32  usbd_conf.o(i.USBD_LL_Transmit)
    USBD_ParseSetupRequest                   0x080056a3   Thumb Code    40  usbd_ctlreq.o(i.USBD_ParseSetupRequest)
    USBD_RegisterClass                       0x080056cb   Thumb Code    16  usbd_core.o(i.USBD_RegisterClass)
    USBD_SetClassConfig                      0x080056db   Thumb Code    22  usbd_core.o(i.USBD_SetClassConfig)
    USBD_Start                               0x08005765   Thumb Code    10  usbd_core.o(i.USBD_Start)
    USBD_StdDevReq                           0x0800576f   Thumb Code   242  usbd_ctlreq.o(i.USBD_StdDevReq)
    USBD_StdEPReq                            0x08005861   Thumb Code   220  usbd_ctlreq.o(i.USBD_StdEPReq)
    USBD_StdItfReq                           0x0800593d   Thumb Code    52  usbd_ctlreq.o(i.USBD_StdItfReq)
    USBD_static_free                         0x08005971   Thumb Code     2  usbd_conf.o(i.USBD_static_free)
    USBD_static_malloc                       0x08005975   Thumb Code     4  usbd_conf.o(i.USBD_static_malloc)
    USB_ActivateEndpoint                     0x0800597d   Thumb Code   604  stm32f1xx_ll_usb.o(i.USB_ActivateEndpoint)
    USB_CDC_ReceiveCallBack                  0x08005bd9   Thumb Code    30  usb_module.o(i.USB_CDC_ReceiveCallBack)
    USB_CalculateChecksum                    0x08005bfd   Thumb Code    72  usb_module.o(i.USB_CalculateChecksum)
    USB_CoreInit                             0x08005c49   Thumb Code     4  stm32f1xx_ll_usb.o(i.USB_CoreInit)
    USB_DeactivateEndpoint                   0x08005c4d   Thumb Code   292  stm32f1xx_ll_usb.o(i.USB_DeactivateEndpoint)
    USB_DevConnect                           0x08005d71   Thumb Code     4  stm32f1xx_ll_usb.o(i.USB_DevConnect)
    USB_DevDisconnect                        0x08005d75   Thumb Code     4  stm32f1xx_ll_usb.o(i.USB_DevDisconnect)
    USB_DevInit                              0x08005d79   Thumb Code    30  stm32f1xx_ll_usb.o(i.USB_DevInit)
    USB_DisableGlobalInt                     0x08005d97   Thumb Code    14  stm32f1xx_ll_usb.o(i.USB_DisableGlobalInt)
    USB_EP0_OutStart                         0x08005da5   Thumb Code     4  stm32f1xx_ll_usb.o(i.USB_EP0_OutStart)
    USB_EPClearStall                         0x08005da9   Thumb Code   106  stm32f1xx_ll_usb.o(i.USB_EPClearStall)
    USB_EPSetStall                           0x08005e13   Thumb Code    74  stm32f1xx_ll_usb.o(i.USB_EPSetStall)
    USB_EPStartXfer                          0x08005e5d   Thumb Code   426  stm32f1xx_ll_usb.o(i.USB_EPStartXfer)
    USB_EnableGlobalInt                      0x08006007   Thumb Code    14  stm32f1xx_ll_usb.o(i.USB_EnableGlobalInt)
    USB_EventHandler                         0x08006015   Thumb Code    46  usb_module.o(i.USB_EventHandler)
    USB_HandleReadConfig                     0x08006049   Thumb Code    80  usb_module.o(i.USB_HandleReadConfig)
    USB_HandleUserCmdData                    0x0800609d   Thumb Code   166  usb_module.o(i.USB_HandleUserCmdData)
    USB_HandleWriteConfig                    0x0800614d   Thumb Code    30  usb_module.o(i.USB_HandleWriteConfig)
    USB_LP_CAN1_RX0_IRQHandler               0x08006171   Thumb Code     6  stm32f1xx_it.o(i.USB_LP_CAN1_RX0_IRQHandler)
    USB_ParsingEvent                         0x0800617d   Thumb Code   284  usb_module.o(i.USB_ParsingEvent)
    USB_PrintMsg                             0x080062a1   Thumb Code   156  usb_module.o(i.USB_PrintMsg)
    USB_ReadInterrupts                       0x08006341   Thumb Code     6  stm32f1xx_ll_usb.o(i.USB_ReadInterrupts)
    USB_ReadPMA                              0x08006349   Thumb Code    30  stm32f1xx_ll_usb.o(i.USB_ReadPMA)
    USB_SetCurrentMode                       0x08006367   Thumb Code     4  stm32f1xx_ll_usb.o(i.USB_SetCurrentMode)
    USB_SetDevAddress                        0x0800636b   Thumb Code    12  stm32f1xx_ll_usb.o(i.USB_SetDevAddress)
    USB_TxMessage                            0x08006379   Thumb Code   156  usb_module.o(i.USB_TxMessage)
    USB_WritePMA                             0x0800641d   Thumb Code    38  stm32f1xx_ll_usb.o(i.USB_WritePMA)
    UsageFault_Handler                       0x08006443   Thumb Code     2  stm32f1xx_it.o(i.UsageFault_Handler)
    UserCmd_HandleATCommand                  0x08006445   Thumb Code    72  usercmd.o(i.UserCmd_HandleATCommand)
    UserCmd_LBATCommand                      0x08006499   Thumb Code   234  usercmd.o(i.UserCmd_LBATCommand)
    UserCmd_ParsingATCommand                 0x080065a1   Thumb Code   118  usercmd.o(i.UserCmd_ParsingATCommand)
    UserCmd_ParsingCmd                       0x08006649   Thumb Code    86  usercmd.o(i.UserCmd_ParsingCmd)
    UserCmd_SDCardTestCommand                0x080066b5   Thumb Code    22  usercmd.o(i.UserCmd_SDCardTestCommand)
    UserCmd_SystemUptimeCommand              0x080066cd   Thumb Code    32  usercmd.o(i.UserCmd_SystemUptimeCommand)
    UserCmd_TimeStampCommand                 0x080066f1   Thumb Code   124  usercmd.o(i.UserCmd_TimeStampCommand)
    UserCmd_VersionCommand                   0x08006775   Thumb Code   108  usercmd.o(i.UserCmd_VersionCommand)
    _Error_Handler                           0x080067f9   Thumb Code    86  main.o(i._Error_Handler)
    __scatterload_copy                       0x0800686d   Thumb Code    14  handlers.o(i.__scatterload_copy)
    __scatterload_null                       0x0800687b   Thumb Code     2  handlers.o(i.__scatterload_null)
    __scatterload_zeroinit                   0x0800687d   Thumb Code    14  handlers.o(i.__scatterload_zeroinit)
    clust2sect                               0x080069a7   Thumb Code    30  ff.o(i.clust2sect)
    disk_initialize                          0x08006ddd   Thumb Code    36  diskio.o(i.disk_initialize)
    disk_ioctl                               0x08006e05   Thumb Code    24  diskio.o(i.disk_ioctl)
    disk_read                                0x08006e21   Thumb Code    24  diskio.o(i.disk_read)
    disk_status                              0x08006e3d   Thumb Code    18  diskio.o(i.disk_status)
    disk_write                               0x08006e55   Thumb Code    24  diskio.o(i.disk_write)
    f_close                                  0x08006e71   Thumb Code    42  ff.o(i.f_close)
    f_getfree                                0x08006e9b   Thumb Code   200  ff.o(i.f_getfree)
    f_mount                                  0x08006f65   Thumb Code    88  ff.o(i.f_mount)
    f_open                                   0x08006fc1   Thumb Code   412  ff.o(i.f_open)
    f_puts                                   0x08007161   Thumb Code    70  ff.o(i.f_puts)
    f_sync                                   0x080071a7   Thumb Code   184  ff.o(i.f_sync)
    f_write                                  0x0800725f   Thumb Code   470  ff.o(i.f_write)
    free                                     0x0800774d   Thumb Code    76  malloc.o(i.free)
    get_fat                                  0x0800779d   Thumb Code   194  ff.o(i.get_fat)
    get_fattime                              0x0800785f   Thumb Code     4  fatfs.o(i.get_fattime)
    main                                     0x08007955   Thumb Code   102  main.o(i.main)
    malloc                                   0x080079c5   Thumb Code    92  malloc.o(i.malloc)
    put_fat                                  0x08007a87   Thumb Code   248  ff.o(i.put_fat)
    AHBPrescTable                            0x08007d84   Data          16  system_stm32f1xx.o(.constdata)
    APBPrescTable                            0x08007d94   Data           8  system_stm32f1xx.o(.constdata)
    SD_Driver                                0x08007d9c   Data          20  sd_diskio.o(.constdata)
    Region$$Table$$Base                      0x08007e5c   Number         0  anon$$obj.o(Region$$Table)
    Region$$Table$$Limit                     0x08007e7c   Number         0  anon$$obj.o(Region$$Table)
    g_ADC_SampleFinish                       0x20000000   Data           1  adc.o(.data)
    g_ADC_Status                             0x20000001   Data           1  adc.o(.data)
    g_ADC_SampleTime                         0x20000002   Data           1  adc.o(.data)
    g_ADC_SampleType                         0x20000004   Data           2  adc.o(.data)
    g_ADC_SampleFinishType                   0x20000006   Data           2  adc.o(.data)
    g_ADC_SampleValue                        0x20000008   Data           6  adc.o(.data)
    g_Key_NewEvent                           0x2000000e   Data           1  key.o(.data)
    yTemp                                    0x2000000f   Data           1  key.o(.data)
    g_Key_State                              0x20000010   Data           4  key.o(.data)
    g_Module_SignalQueue                     0x20000014   Data           8  module.o(.data)
    g_RTC_TimeZoneIndex                      0x2000001c   Data           1  rtc.o(.data)
    g_RTC_CurrentTime                        0x20000020   Data           4  rtc.o(.data)
    g_RTC_SystemUptime                       0x20000024   Data           4  rtc.o(.data)
    g_RTC_SystemTimer                        0x20000028   Data           7  rtc.o(.data)
    g_UI_LEDFastBlink                        0x2000002f   Data           2  ui.o(.data)
    g_UI_Status                              0x20000031   Data           7  ui.o(.data)
    g_USB_ChecksumLowBit                     0x20000038   Data           1  usb_module.o(.data)
    g_USB_MessageNumber                      0x20000039   Data           1  usb_module.o(.data)
    g_USB_DataIndex                          0x2000003a   Data           2  usb_module.o(.data)
    g_USB_CheckSum                           0x2000003c   Data           2  usb_module.o(.data)
    g_USB_TotalLength                        0x20000040   Data           4  usb_module.o(.data)
    g_USB_MessageHead                        0x20000044   Data           4  usb_module.o(.data)
    g_USB_State                              0x20000048   Data           8  usb_module.o(.data)
    g_UserCmd_SendType                       0x20000050   Data           1  usercmd.o(.data)
    g_Power_SampleCount                      0x20000052   Data           1  power.o(.data)
    g_Power_CurrentVoltage                   0x20000054   Data           2  power.o(.data)
    g_Power_LowBatteryThreshold              0x20000056   Data           2  power.o(.data)
    g_Power_TempBattery                      0x20000058   Data           6  power.o(.data)
    g_SDCard_Status                          0x20000060   Data           1  sdcard.o(.data)
    pfs                                      0x20000064   Data           4  sdcard.o(.data)
    fre_clust                                0x20000068   Data           4  sdcard.o(.data)
    totalSpace                               0x2000006c   Data           4  sdcard.o(.data)
    freeSpace                                0x20000070   Data           4  sdcard.o(.data)
    retSD                                    0x20000074   Data           1  fatfs.o(.data)
    SDPath                                   0x20000075   Data           4  fatfs.o(.data)
    FS_Desc                                  0x2000007c   Data          28  usbd_desc.o(.data)
    USBD_LangIDDesc                          0x20000098   Data           4  usbd_desc.o(.data)
    USBD_FS_DeviceDesc                       0x2000009c   Data          18  usbd_desc.o(.data)
    USBD_Interface_fops_FS                   0x200000b0   Data          16  usbd_cdc_if.o(.data)
    uwTickFreq                               0x200000c0   Data           1  stm32f1xx_hal.o(.data)
    uwTickPrio                               0x200000c4   Data           4  stm32f1xx_hal.o(.data)
    uwTick                                   0x200000c8   Data           4  stm32f1xx_hal.o(.data)
    SystemCoreClock                          0x200000cc   Data           4  system_stm32f1xx.o(.data)
    USBD_CDC_CfgHSDesc                       0x200000e4   Data          67  usbd_cdc.o(.data)
    USBD_CDC_CfgFSDesc                       0x20000128   Data          67  usbd_cdc.o(.data)
    USBD_CDC_OtherSpeedCfgDesc               0x2000016c   Data          67  usbd_cdc.o(.data)
    USBD_CDC                                 0x200001b0   Data          56  usbd_cdc.o(.data)
    __microlib_freelist                      0x200001f4   Data           4  mvars.o(.data)
    __microlib_freelist_initialised          0x200001f8   Data           4  mvars.o(.data)
    g_RTC_TimerFlag                          0x200001fc   Data          12  rtc.o(.bss)
    g_USB_UserCmd                            0x20000208   Data         256  usb_module.o(.bss)
    g_USB_PrintOut                           0x20000308   Data          64  usb_module.o(.bss)
    g_UserCmd_Response                       0x20000348   Data         256  usercmd.o(.bss)
    fs                                       0x20000448   Data         560  sdcard.o(.bss)
    fil                                      0x20000678   Data         556  sdcard.o(.bss)
    hadc1                                    0x200008a4   Data          48  main.o(.bss)
    hi2c2                                    0x200008d4   Data          84  main.o(.bss)
    hrtc                                     0x20000928   Data          20  main.o(.bss)
    hsd                                      0x2000093c   Data         132  main.o(.bss)
    htim2                                    0x200009c0   Data          64  main.o(.bss)
    htim3                                    0x20000a00   Data          64  main.o(.bss)
    hUsbDeviceFS                             0x20000a40   Data         548  usb_device.o(.bss)
    hpcd_USB_FS                              0x20000e84   Data        1120  usbd_conf.o(.bss)
    USBD_StrDesc                             0x200012e4   Data         512  usbd_desc.o(.bss)
    UserRxBufferFS                           0x200014e4   Data        1000  usbd_cdc_if.o(.bss)
    UserTxBufferFS                           0x200018cc   Data        1000  usbd_cdc_if.o(.bss)
    disk                                     0x20001ccc   Data          12  ff_gen_drv.o(.bss)
    __heap_base                              0x20001cd8   Data           0  startup_stm32f103xe.o(HEAP)
    __heap_limit                             0x20001ed8   Data           0  startup_stm32f103xe.o(HEAP)
    __initial_sp                             0x200022d8   Data           0  startup_stm32f103xe.o(STACK)



==============================================================================

Memory Map of the image

  Image Entry point : 0x08000131

  Load Region LR_IROM1 (Base: 0x08000000, Size: 0x00008078, Max: 0x00040000, ABSOLUTE, COMPRESSED[0x00007f40])

    Execution Region ER_IROM1 (Base: 0x08000000, Size: 0x00007e7c, Max: 0x00040000, ABSOLUTE)

    Base Addr    Size         Type   Attr      Idx    E Section Name        Object

    0x08000000   0x00000130   Data   RO            3    RESET               startup_stm32f103xe.o
    0x08000130   0x00000000   Code   RO         6537  * .ARM.Collect$$$$00000000  mc_w.l(entry.o)
    0x08000130   0x00000004   Code   RO         6590    .ARM.Collect$$$$00000001  mc_w.l(entry2.o)
    0x08000134   0x00000004   Code   RO         6593    .ARM.Collect$$$$00000004  mc_w.l(entry5.o)
    0x08000138   0x00000000   Code   RO         6595    .ARM.Collect$$$$00000008  mc_w.l(entry7b.o)
    0x08000138   0x00000000   Code   RO         6597    .ARM.Collect$$$$0000000A  mc_w.l(entry8b.o)
    0x08000138   0x00000008   Code   RO         6598    .ARM.Collect$$$$0000000B  mc_w.l(entry9a.o)
    0x08000140   0x00000000   Code   RO         6600    .ARM.Collect$$$$0000000D  mc_w.l(entry10a.o)
    0x08000140   0x00000000   Code   RO         6602    .ARM.Collect$$$$0000000F  mc_w.l(entry11a.o)
    0x08000140   0x00000004   Code   RO         6591    .ARM.Collect$$$$00002712  mc_w.l(entry2.o)
    0x08000144   0x00000024   Code   RO            4    .text               startup_stm32f103xe.o
    0x08000168   0x00000020   Code   RO         6540    .text               mc_w.l(llushr.o)
    0x08000188   0x00000024   Code   RO         6542    .text               mc_w.l(memcpya.o)
    0x080001ac   0x00000024   Code   RO         6544    .text               mc_w.l(memseta.o)
    0x080001d0   0x00000018   Code   RO         6546    .text               mc_w.l(strcat.o)
    0x080001e8   0x0000000e   Code   RO         6548    .text               mc_w.l(strlen.o)
    0x080001f6   0x00000012   Code   RO         6550    .text               mc_w.l(strcpy.o)
    0x08000208   0x000000e4   Code   RO         6582    .text               mf_w.l(dmul.o)
    0x080002ec   0x0000002e   Code   RO         6584    .text               mf_w.l(dscalb.o)
    0x0800031a   0x0000001a   Code   RO         6586    .text               mf_w.l(dfltui.o)
    0x08000334   0x00000032   Code   RO         6588    .text               mf_w.l(dfixui.o)
    0x08000366   0x00000000   Code   RO         6606    .text               mc_w.l(iusefp.o)
    0x08000366   0x000000ba   Code   RO         6607    .text               mf_w.l(depilogue.o)
    0x08000420   0x00000024   Code   RO         6609    .text               mc_w.l(init.o)
    0x08000444   0x0000001e   Code   RO         6611    .text               mc_w.l(llshl.o)
    0x08000462   0x00000056   Code   RO         6621    .text               mc_w.l(__dczerorl2.o)
    0x080004b8   0x00000014   Code   RO         1763    i.ADC1_2_IRQHandler  stm32f1xx_it.o
    0x080004cc   0x0000004c   Code   RO         2420    i.ADC_ConversionStop_Disable  stm32f1xx_hal_adc.o
    0x08000518   0x00000070   Code   RO         2424    i.ADC_Enable        stm32f1xx_hal_adc.o
    0x08000588   0x00000010   Code   RO           13    i.ADC_Initialize    adc.o
    0x08000598   0x00000058   Code   RO           14    i.ADC_InterruptHandler  adc.o
    0x080005f0   0x00000018   Code   RO           15    i.ADCif_CloseADC    adc.o
    0x08000608   0x00000048   Code   RO           16    i.ADCif_NewEventHandler  adc.o
    0x08000650   0x0000004c   Code   RO           17    i.ADCif_SampleADC   adc.o
    0x0800069c   0x0000000c   Code   RO         1220    i.BSP_SD_GetCardInfo  bsp_driver_sd.o
    0x080006a8   0x00000018   Code   RO         1221    i.BSP_SD_GetCardState  bsp_driver_sd.o
    0x080006c0   0x00000034   Code   RO         1224    i.BSP_SD_Init       bsp_driver_sd.o
    0x080006f4   0x00000020   Code   RO         1226    i.BSP_SD_ReadBlocks  bsp_driver_sd.o
    0x08000714   0x00000020   Code   RO         1229    i.BSP_SD_WriteBlocks  bsp_driver_sd.o
    0x08000734   0x00000002   Code   RO         1764    i.BusFault_Handler  stm32f1xx_it.o
    0x08000736   0x00000004   Code   RO         1705    i.CDC_Control_FS    usbd_cdc_if.o
    0x0800073a   0x00000004   Code   RO         1706    i.CDC_DeInit_FS     usbd_cdc_if.o
    0x0800073e   0x00000002   PAD
    0x08000740   0x00000018   Code   RO         1707    i.CDC_ISBUSY        usbd_cdc_if.o
    0x08000758   0x00000024   Code   RO         1708    i.CDC_Init_FS       usbd_cdc_if.o
    0x0800077c   0x00000024   Code   RO         1709    i.CDC_Receive_FS    usbd_cdc_if.o
    0x080007a0   0x0000002c   Code   RO         1710    i.CDC_Transmit_FS   usbd_cdc_if.o
    0x080007cc   0x00000002   Code   RO         1765    i.DebugMon_Handler  stm32f1xx_it.o
    0x080007ce   0x00000006   Code   RO         6490    i.FATFS_LinkDriver  ff_gen_drv.o
    0x080007d4   0x00000040   Code   RO         6491    i.FATFS_LinkDriverEx  ff_gen_drv.o
    0x08000814   0x00000004   Code   RO          745    i.FREE              utility.o
    0x08000818   0x00000002   Code   RO         2602    i.HAL_ADCEx_InjectedConvCpltCallback  stm32f1xx_hal_adc_ex.o
    0x0800081a   0x00000002   PAD
    0x0800081c   0x000000fc   Code   RO         2426    i.HAL_ADC_ConfigChannel  stm32f1xx_hal_adc.o
    0x08000918   0x00000002   Code   RO         2427    i.HAL_ADC_ConvCpltCallback  stm32f1xx_hal_adc.o
    0x0800091a   0x00000006   Code   RO         2433    i.HAL_ADC_GetValue  stm32f1xx_hal_adc.o
    0x08000920   0x000000e6   Code   RO         2434    i.HAL_ADC_IRQHandler  stm32f1xx_hal_adc.o
    0x08000a06   0x00000002   PAD
    0x08000a08   0x00000124   Code   RO         2435    i.HAL_ADC_Init      stm32f1xx_hal_adc.o
    0x08000b2c   0x00000002   Code   RO         2436    i.HAL_ADC_LevelOutOfWindowCallback  stm32f1xx_hal_adc.o
    0x08000b2e   0x00000002   PAD
    0x08000b30   0x00000050   Code   RO         1864    i.HAL_ADC_MspInit   stm32f1xx_hal_msp.o
    0x08000b80   0x000000cc   Code   RO         2443    i.HAL_ADC_Start_IT  stm32f1xx_hal_adc.o
    0x08000c4c   0x0000003e   Code   RO         2446    i.HAL_ADC_Stop_IT   stm32f1xx_hal_adc.o
    0x08000c8a   0x00000002   PAD
    0x08000c8c   0x00000024   Code   RO         4736    i.HAL_Delay         stm32f1xx_hal.o
    0x08000cb0   0x000001e8   Code   RO         5029    i.HAL_GPIO_Init     stm32f1xx_hal_gpio.o
    0x08000e98   0x00000008   Code   RO         5032    i.HAL_GPIO_TogglePin  stm32f1xx_hal_gpio.o
    0x08000ea0   0x0000000a   Code   RO         5033    i.HAL_GPIO_WritePin  stm32f1xx_hal_gpio.o
    0x08000eaa   0x00000002   PAD
    0x08000eac   0x0000000c   Code   RO         4740    i.HAL_GetTick       stm32f1xx_hal.o
    0x08000eb8   0x00000140   Code   RO         2707    i.HAL_I2C_Init      stm32f1xx_hal_i2c.o
    0x08000ff8   0x00000044   Code   RO         1866    i.HAL_I2C_MspInit   stm32f1xx_hal_msp.o
    0x0800103c   0x00000010   Code   RO         4744    i.HAL_IncTick       stm32f1xx_hal.o
    0x0800104c   0x00000024   Code   RO         4745    i.HAL_Init          stm32f1xx_hal.o
    0x08001070   0x00000040   Code   RO         4746    i.HAL_InitTick      stm32f1xx_hal.o
    0x080010b0   0x00000090   Code   RO         1867    i.HAL_MspInit       stm32f1xx_hal_msp.o
    0x08001140   0x00000016   Code   RO         5189    i.HAL_NVIC_EnableIRQ  stm32f1xx_hal_cortex.o
    0x08001156   0x00000002   PAD
    0x08001158   0x00000040   Code   RO         5195    i.HAL_NVIC_SetPriority  stm32f1xx_hal_cortex.o
    0x08001198   0x00000024   Code   RO         5196    i.HAL_NVIC_SetPriorityGrouping  stm32f1xx_hal_cortex.o
    0x080011bc   0x00000034   Code   RO         2198    i.HAL_PCDEx_PMAConfig  stm32f1xx_hal_pcd_ex.o
    0x080011f0   0x00000002   Code   RO         1430    i.HAL_PCDEx_SetConnectionState  usbd_conf.o
    0x080011f2   0x0000000e   Code   RO         1432    i.HAL_PCD_DataInStageCallback  usbd_conf.o
    0x08001200   0x00000010   Code   RO         1433    i.HAL_PCD_DataOutStageCallback  usbd_conf.o
    0x08001210   0x00000040   Code   RO         1992    i.HAL_PCD_EP_Close  stm32f1xx_hal_pcd.o
    0x08001250   0x00000048   Code   RO         1993    i.HAL_PCD_EP_ClrStall  stm32f1xx_hal_pcd.o
    0x08001298   0x00000010   Code   RO         1995    i.HAL_PCD_EP_GetRxCount  stm32f1xx_hal_pcd.o
    0x080012a8   0x00000044   Code   RO         1996    i.HAL_PCD_EP_Open   stm32f1xx_hal_pcd.o
    0x080012ec   0x0000002e   Code   RO         1997    i.HAL_PCD_EP_Receive  stm32f1xx_hal_pcd.o
    0x0800131a   0x00000056   Code   RO         1998    i.HAL_PCD_EP_SetStall  stm32f1xx_hal_pcd.o
    0x08001370   0x0000002a   Code   RO         1999    i.HAL_PCD_EP_Transmit  stm32f1xx_hal_pcd.o
    0x0800139a   0x0000010c   Code   RO         2001    i.HAL_PCD_IRQHandler  stm32f1xx_hal_pcd.o
    0x080014a6   0x00000002   PAD
    0x080014a8   0x000000c0   Code   RO         2004    i.HAL_PCD_Init      stm32f1xx_hal_pcd.o
    0x08001568   0x0000003c   Code   RO         1438    i.HAL_PCD_MspInit   usbd_conf.o
    0x080015a4   0x0000001a   Code   RO         1439    i.HAL_PCD_ResetCallback  usbd_conf.o
    0x080015be   0x00000008   Code   RO         1440    i.HAL_PCD_ResumeCallback  usbd_conf.o
    0x080015c6   0x00000008   Code   RO         1441    i.HAL_PCD_SOFCallback  usbd_conf.o
    0x080015ce   0x00000028   Code   RO         2010    i.HAL_PCD_SetAddress  stm32f1xx_hal_pcd.o
    0x080015f6   0x0000000e   Code   RO         1442    i.HAL_PCD_SetupStageCallback  usbd_conf.o
    0x08001604   0x00000032   Code   RO         2012    i.HAL_PCD_Start     stm32f1xx_hal_pcd.o
    0x08001636   0x00000002   PAD
    0x08001638   0x00000024   Code   RO         1443    i.HAL_PCD_SuspendCallback  usbd_conf.o
    0x0800165c   0x0000000c   Code   RO         5311    i.HAL_PWR_EnableBkUpAccess  stm32f1xx_hal_pwr.o
    0x08001668   0x000000d4   Code   RO         4991    i.HAL_RCCEx_GetPeriphCLKFreq  stm32f1xx_hal_rcc_ex.o
    0x0800173c   0x000000ec   Code   RO         4992    i.HAL_RCCEx_PeriphCLKConfig  stm32f1xx_hal_rcc_ex.o
    0x08001828   0x00000154   Code   RO         4889    i.HAL_RCC_ClockConfig  stm32f1xx_hal_rcc.o
    0x0800197c   0x0000000c   Code   RO         4894    i.HAL_RCC_GetHCLKFreq  stm32f1xx_hal_rcc.o
    0x08001988   0x00000020   Code   RO         4896    i.HAL_RCC_GetPCLK1Freq  stm32f1xx_hal_rcc.o
    0x080019a8   0x00000020   Code   RO         4897    i.HAL_RCC_GetPCLK2Freq  stm32f1xx_hal_rcc.o
    0x080019c8   0x0000006c   Code   RO         4898    i.HAL_RCC_GetSysClockFreq  stm32f1xx_hal_rcc.o
    0x08001a34   0x00000304   Code   RO         4901    i.HAL_RCC_OscConfig  stm32f1xx_hal_rcc.o
    0x08001d38   0x0000002c   Code   RO         3266    i.HAL_RTCEx_DeactivateSecond  stm32f1xx_hal_rtc_ex.o
    0x08001d64   0x00000002   Code   RO         3269    i.HAL_RTCEx_RTCEventCallback  stm32f1xx_hal_rtc_ex.o
    0x08001d66   0x00000002   Code   RO         3270    i.HAL_RTCEx_RTCEventErrorCallback  stm32f1xx_hal_rtc_ex.o
    0x08001d68   0x0000003c   Code   RO         3271    i.HAL_RTCEx_RTCIRQHandler  stm32f1xx_hal_rtc_ex.o
    0x08001da4   0x0000002c   Code   RO         3272    i.HAL_RTCEx_SetSecond_IT  stm32f1xx_hal_rtc_ex.o
    0x08001dd0   0x000000a0   Code   RO         3102    i.HAL_RTC_Init      stm32f1xx_hal_rtc.o
    0x08001e70   0x00000048   Code   RO         1869    i.HAL_RTC_MspInit   stm32f1xx_hal_msp.o
    0x08001eb8   0x000000c4   Code   RO         3108    i.HAL_RTC_SetDate   stm32f1xx_hal_rtc.o
    0x08001f7c   0x000000ac   Code   RO         3109    i.HAL_RTC_SetTime   stm32f1xx_hal_rtc.o
    0x08002028   0x0000003a   Code   RO         3110    i.HAL_RTC_WaitForSynchro  stm32f1xx_hal_rtc.o
    0x08002062   0x00000078   Code   RO         3633    i.HAL_SD_ConfigWideBusOperation  stm32f1xx_hal_sd.o
    0x080020da   0x000001da   Code   RO         3638    i.HAL_SD_GetCardCSD  stm32f1xx_hal_sd.o
    0x080022b4   0x00000024   Code   RO         3639    i.HAL_SD_GetCardInfo  stm32f1xx_hal_sd.o
    0x080022d8   0x0000002c   Code   RO         3640    i.HAL_SD_GetCardState  stm32f1xx_hal_sd.o
    0x08002304   0x00000036   Code   RO         3645    i.HAL_SD_Init       stm32f1xx_hal_sd.o
    0x0800233a   0x00000002   PAD
    0x0800233c   0x00000054   Code   RO         3646    i.HAL_SD_InitCard   stm32f1xx_hal_sd.o
    0x08002390   0x00000058   Code   RO         1871    i.HAL_SD_MspInit    stm32f1xx_hal_msp.o
    0x080023e8   0x000001b2   Code   RO         3649    i.HAL_SD_ReadBlocks  stm32f1xx_hal_sd.o
    0x0800259a   0x00000002   PAD
    0x0800259c   0x0000019a   Code   RO         3654    i.HAL_SD_WriteBlocks  stm32f1xx_hal_sd.o
    0x08002736   0x00000018   Code   RO         5198    i.HAL_SYSTICK_CLKSourceConfig  stm32f1xx_hal_cortex.o
    0x0800274e   0x00000002   Code   RO         5199    i.HAL_SYSTICK_Callback  stm32f1xx_hal_cortex.o
    0x08002750   0x00000028   Code   RO         5200    i.HAL_SYSTICK_Config  stm32f1xx_hal_cortex.o
    0x08002778   0x00000008   Code   RO         5201    i.HAL_SYSTICK_IRQHandler  stm32f1xx_hal_cortex.o
    0x08002780   0x00000002   Code   RO         4496    i.HAL_TIMEx_BreakCallback  stm32f1xx_hal_tim_ex.o
    0x08002782   0x00000002   Code   RO         4497    i.HAL_TIMEx_CommutationCallback  stm32f1xx_hal_tim_ex.o
    0x08002784   0x00000050   Code   RO         4513    i.HAL_TIMEx_MasterConfigSynchronization  stm32f1xx_hal_tim_ex.o
    0x080027d4   0x00000036   Code   RO         3867    i.HAL_TIM_Base_Init  stm32f1xx_hal_tim.o
    0x0800280a   0x00000002   PAD
    0x0800280c   0x00000050   Code   RO         1873    i.HAL_TIM_Base_MspInit  stm32f1xx_hal_msp.o
    0x0800285c   0x00000018   Code   RO         3872    i.HAL_TIM_Base_Start_IT  stm32f1xx_hal_tim.o
    0x08002874   0x0000002a   Code   RO         3875    i.HAL_TIM_Base_Stop_IT  stm32f1xx_hal_tim.o
    0x0800289e   0x000000f2   Code   RO         3876    i.HAL_TIM_ConfigClockSource  stm32f1xx_hal_tim.o
    0x08002990   0x00000002   Code   RO         3896    i.HAL_TIM_IC_CaptureCallback  stm32f1xx_hal_tim.o
    0x08002992   0x00000166   Code   RO         3909    i.HAL_TIM_IRQHandler  stm32f1xx_hal_tim.o
    0x08002af8   0x00000002   Code   RO         3912    i.HAL_TIM_OC_DelayElapsedCallback  stm32f1xx_hal_tim.o
    0x08002afa   0x00000002   Code   RO         3939    i.HAL_TIM_PWM_PulseFinishedCallback  stm32f1xx_hal_tim.o
    0x08002afc   0x00000014   Code   RO         1082    i.HAL_TIM_PeriodElapsedCallback  main.o
    0x08002b10   0x00000002   Code   RO         3950    i.HAL_TIM_TriggerCallback  stm32f1xx_hal_tim.o
    0x08002b12   0x00000002   Code   RO         1766    i.HardFault_Handler  stm32f1xx_it.o
    0x08002b14   0x00000068   Code   RO          747    i.ItoStr            utility.o
    0x08002b7c   0x00000016   Code   RO          217    i.Key_FindKeyValue  key.o
    0x08002b92   0x00000002   PAD
    0x08002b94   0x00000010   Code   RO          219    i.Key_InitializeModule  key.o
    0x08002ba4   0x0000004c   Code   RO          223    i.Keyif_NewEventHandler  key.o
    0x08002bf0   0x0000000a   Code   RO          748    i.MALLOC            utility.o
    0x08002bfa   0x00000002   PAD
    0x08002bfc   0x00000054   Code   RO         1083    i.MX_ADC1_Init      main.o
    0x08002c50   0x0000001c   Code   RO         1358    i.MX_FATFS_Init     fatfs.o
    0x08002c6c   0x000000b4   Code   RO         1084    i.MX_GPIO_Init      main.o
    0x08002d20   0x00000048   Code   RO         1085    i.MX_I2C2_Init      main.o
    0x08002d68   0x0000007c   Code   RO         1086    i.MX_RTC_Init       main.o
    0x08002de4   0x00000070   Code   RO         1087    i.MX_TIM2_Init      main.o
    0x08002e54   0x00000080   Code   RO         1088    i.MX_TIM3_Init      main.o
    0x08002ed4   0x00000038   Code   RO         1396    i.MX_USB_DEVICE_Init  usb_device.o
    0x08002f0c   0x00000026   Code   RO         1089    i.Main_SystemInitialize  main.o
    0x08002f32   0x00000002   Code   RO         1767    i.MemManage_Handler  stm32f1xx_it.o
    0x08002f34   0x0000003c   Code   RO          301    i.Module_AddSignal  module.o
    0x08002f70   0x00000038   Code   RO          303    i.Module_HandleSignal  module.o
    0x08002fa8   0x0000001c   Code   RO          304    i.Module_InitSignalQueue  module.o
    0x08002fc4   0x00000018   Code   RO          306    i.Module_RemoveSignal  module.o
    0x08002fdc   0x00000002   Code   RO         1768    i.NMI_Handler       stm32f1xx_it.o
    0x08002fde   0x00000020   Code   RO         5202    i.NVIC_SetPriority  stm32f1xx_hal_cortex.o
    0x08002ffe   0x00000362   Code   RO         2015    i.PCD_EP_ISR_Handler  stm32f1xx_hal_pcd.o
    0x08003360   0x00000002   Code   RO         1769    i.PendSV_Handler    stm32f1xx_it.o
    0x08003362   0x00000002   PAD
    0x08003364   0x00000014   Code   RO          958    i.Power_Initialize  power.o
    0x08003378   0x000000a8   Code   RO          959    i.Power_SampleBatteryAlgorithm  power.o
    0x08003420   0x0000003c   Code   RO          960    i.Powerif_GetLowBatteryThreshold  power.o
    0x0800345c   0x00000074   Code   RO          961    i.Powerif_GetVoltageValue  power.o
    0x080034d0   0x0000003c   Code   RO          963    i.Powerif_SetBatteryValue  power.o
    0x0800350c   0x0000000c   Code   RO          964    i.Powerif_SetLowBatteryThreshold  power.o
    0x08003518   0x00000012   Code   RO         3111    i.RTC_Bcd2ToByte    stm32f1xx_hal_rtc.o
    0x0800352a   0x00000034   Code   RO         3114    i.RTC_EnterInitMode  stm32f1xx_hal_rtc.o
    0x0800355e   0x00000002   PAD
    0x08003560   0x00000036   Code   RO         3115    i.RTC_ExitInitMode  stm32f1xx_hal_rtc.o
    0x08003596   0x00000002   PAD
    0x08003598   0x00000014   Code   RO         1770    i.RTC_IRQHandler    stm32f1xx_it.o
    0x080035ac   0x0000002c   Code   RO          360    i.RTC_Initialize    rtc.o
    0x080035d8   0x0000000e   Code   RO         3116    i.RTC_ReadAlarmCounter  stm32f1xx_hal_rtc.o
    0x080035e6   0x00000020   Code   RO         3117    i.RTC_ReadTimeCounter  stm32f1xx_hal_rtc.o
    0x08003606   0x00000002   PAD
    0x08003608   0x00000014   Code   RO          361    i.RTC_SetOneSecTimerEnable  rtc.o
    0x0800361c   0x00000060   Code   RO          362    i.RTC_TimeOutHandler  rtc.o
    0x0800367c   0x0000019c   Code   RO          363    i.RTC_TimeStampToDate  rtc.o
    0x08003818   0x0000008c   Code   RO          364    i.RTC_TimerHandler  rtc.o
    0x080038a4   0x00000056   Code   RO         3118    i.RTC_WeekDayNum    stm32f1xx_hal_rtc.o
    0x080038fa   0x00000028   Code   RO         3119    i.RTC_WriteAlarmCounter  stm32f1xx_hal_rtc.o
    0x08003922   0x00000028   Code   RO         3120    i.RTC_WriteTimeCounter  stm32f1xx_hal_rtc.o
    0x0800394a   0x00000002   PAD
    0x0800394c   0x0000027c   Code   RO          365    i.RTCif_GetDateString  rtc.o
    0x08003bc8   0x0000000c   Code   RO          367    i.RTCif_GetSystemUptime  rtc.o
    0x08003bd4   0x0000000c   Code   RO          368    i.RTCif_GetTimeStamp  rtc.o
    0x08003be0   0x000000a6   Code   RO          369    i.RTCif_GetTimeString  rtc.o
    0x08003c86   0x00000002   PAD
    0x08003c88   0x00000010   Code   RO          371    i.RTCif_SetHalfSecondTimeout  rtc.o
    0x08003c98   0x00000054   Code   RO          372    i.RTCif_SetLEDTimer  rtc.o
    0x08003cec   0x0000000c   Code   RO          373    i.RTCif_SetTimeStamp  rtc.o
    0x08003cf8   0x00000090   Code   RO          374    i.RTCif_TimeSecondsToString  rtc.o
    0x08003d88   0x0000000c   Code   RO         1024    i.SDCard_InitializeModule  sdcard.o
    0x08003d94   0x00000148   Code   RO         1026    i.SDCard_TestWrite  sdcard.o
    0x08003edc   0x00000024   Code   RO         3366    i.SDIO_ConfigData   stm32f1xx_ll_sdmmc.o
    0x08003f00   0x00000008   Code   RO         3370    i.SDIO_GetPowerState  stm32f1xx_ll_sdmmc.o
    0x08003f08   0x0000000c   Code   RO         3371    i.SDIO_GetResponse  stm32f1xx_ll_sdmmc.o
    0x08003f14   0x00000024   Code   RO         3372    i.SDIO_Init         stm32f1xx_ll_sdmmc.o
    0x08003f38   0x00000008   Code   RO         3374    i.SDIO_PowerState_ON  stm32f1xx_ll_sdmmc.o
    0x08003f40   0x00000006   Code   RO         3375    i.SDIO_ReadFIFO     stm32f1xx_ll_sdmmc.o
    0x08003f46   0x00000020   Code   RO         3376    i.SDIO_SendCommand  stm32f1xx_ll_sdmmc.o
    0x08003f66   0x0000000a   Code   RO         3378    i.SDIO_WriteFIFO    stm32f1xx_ll_sdmmc.o
    0x08003f70   0x00000032   Code   RO         3379    i.SDMMC_CmdAppCommand  stm32f1xx_ll_sdmmc.o
    0x08003fa2   0x00000002   PAD
    0x08003fa4   0x00000034   Code   RO         3380    i.SDMMC_CmdAppOperCommand  stm32f1xx_ll_sdmmc.o
    0x08003fd8   0x00000032   Code   RO         3381    i.SDMMC_CmdBlockLength  stm32f1xx_ll_sdmmc.o
    0x0800400a   0x00000032   Code   RO         3382    i.SDMMC_CmdBusWidth  stm32f1xx_ll_sdmmc.o
    0x0800403c   0x00000050   Code   RO         3386    i.SDMMC_CmdGoIdleState  stm32f1xx_ll_sdmmc.o
    0x0800408c   0x00000068   Code   RO         3388    i.SDMMC_CmdOperCond  stm32f1xx_ll_sdmmc.o
    0x080040f4   0x00000032   Code   RO         3389    i.SDMMC_CmdReadMultiBlock  stm32f1xx_ll_sdmmc.o
    0x08004126   0x00000032   Code   RO         3390    i.SDMMC_CmdReadSingleBlock  stm32f1xx_ll_sdmmc.o
    0x08004158   0x00000032   Code   RO         3393    i.SDMMC_CmdSelDesel  stm32f1xx_ll_sdmmc.o
    0x0800418a   0x0000002c   Code   RO         3394    i.SDMMC_CmdSendCID  stm32f1xx_ll_sdmmc.o
    0x080041b6   0x0000002c   Code   RO         3395    i.SDMMC_CmdSendCSD  stm32f1xx_ll_sdmmc.o
    0x080041e2   0x00000030   Code   RO         3396    i.SDMMC_CmdSendSCR  stm32f1xx_ll_sdmmc.o
    0x08004212   0x00000032   Code   RO         3397    i.SDMMC_CmdSendStatus  stm32f1xx_ll_sdmmc.o
    0x08004244   0x00000030   Code   RO         3398    i.SDMMC_CmdSetRelAdd  stm32f1xx_ll_sdmmc.o
    0x08004274   0x00000034   Code   RO         3400    i.SDMMC_CmdStopTransfer  stm32f1xx_ll_sdmmc.o
    0x080042a8   0x00000032   Code   RO         3402    i.SDMMC_CmdWriteMultiBlock  stm32f1xx_ll_sdmmc.o
    0x080042da   0x00000032   Code   RO         3403    i.SDMMC_CmdWriteSingleBlock  stm32f1xx_ll_sdmmc.o
    0x0800430c   0x0000011c   Code   RO         3404    i.SDMMC_GetCmdResp1  stm32f1xx_ll_sdmmc.o
    0x08004428   0x00000050   Code   RO         3405    i.SDMMC_GetCmdResp2  stm32f1xx_ll_sdmmc.o
    0x08004478   0x00000040   Code   RO         3406    i.SDMMC_GetCmdResp3  stm32f1xx_ll_sdmmc.o
    0x080044b8   0x00000084   Code   RO         3407    i.SDMMC_GetCmdResp6  stm32f1xx_ll_sdmmc.o
    0x0800453c   0x000000d4   Code   RO         3662    i.SD_FindSCR        stm32f1xx_hal_sd.o
    0x08004610   0x000000e6   Code   RO         3663    i.SD_InitCard       stm32f1xx_hal_sd.o
    0x080046f6   0x000000a2   Code   RO         3664    i.SD_PowerON        stm32f1xx_hal_sd.o
    0x08004798   0x0000004e   Code   RO         3666    i.SD_WideBus_Disable  stm32f1xx_hal_sd.o
    0x080047e6   0x0000004e   Code   RO         3667    i.SD_WideBus_Enable  stm32f1xx_hal_sd.o
    0x08004834   0x00000020   Code   RO         6055    i.SD_initialize     sd_diskio.o
    0x08004854   0x00000050   Code   RO         6056    i.SD_ioctl          sd_diskio.o
    0x080048a4   0x0000003c   Code   RO         6057    i.SD_read           sd_diskio.o
    0x080048e0   0x00000020   Code   RO         6058    i.SD_status         sd_diskio.o
    0x08004900   0x0000003c   Code   RO         6059    i.SD_write          sd_diskio.o
    0x0800493c   0x00000002   Code   RO         1771    i.SVC_Handler       stm32f1xx_it.o
    0x0800493e   0x00000002   PAD
    0x08004940   0x0000002e   Code   RO          752    i.StoI              utility.o
    0x0800496e   0x00000024   Code   RO          753    i.StrCmpN           utility.o
    0x08004992   0x00000036   Code   RO          755    i.StrUpperCase      utility.o
    0x080049c8   0x0000000e   Code   RO         1772    i.SysTick_Handler   stm32f1xx_it.o
    0x080049d6   0x00000002   PAD
    0x080049d8   0x000000ac   Code   RO         1090    i.SystemClock_Config  main.o
    0x08004a84   0x00000048   Code   RO         5618    i.SystemInit        system_stm32f1xx.o
    0x08004acc   0x0000000c   Code   RO         1773    i.TIM3_IRQHandler   stm32f1xx_it.o
    0x08004ad8   0x0000008c   Code   RO         3951    i.TIM_Base_SetConfig  stm32f1xx_hal_tim.o
    0x08004b64   0x00000014   Code   RO         3958    i.TIM_ETR_SetConfig  stm32f1xx_hal_tim.o
    0x08004b78   0x00000010   Code   RO         3959    i.TIM_ITRx_SetConfig  stm32f1xx_hal_tim.o
    0x08004b88   0x00000022   Code   RO         3965    i.TIM_TI1_ConfigInputStage  stm32f1xx_hal_tim.o
    0x08004baa   0x00000024   Code   RO         3967    i.TIM_TI2_ConfigInputStage  stm32f1xx_hal_tim.o
    0x08004bce   0x00000002   Code   RO          858    i.TS_Initialize     temperature.o
    0x08004bd0   0x0000002c   Code   RO          864    i.TSif_HandleSampleValue  temperature.o
    0x08004bfc   0x00000018   Code   RO          481    i.UI_InitializeModule  ui.o
    0x08004c14   0x00000018   Code   RO          482    i.UI_KeyHandler     ui.o
    0x08004c2c   0x00000020   Code   RO          483    i.UI_SignalHandler  ui.o
    0x08004c4c   0x000000d0   Code   RO          485    i.UIif_HandleFastBlinkLEDTimeout  ui.o
    0x08004d1c   0x0000009c   Code   RO          486    i.UIif_SetBlinkLED  ui.o
    0x08004db8   0x0000001c   Code   RO          487    i.UIif_StartFastBlinkLED  ui.o
    0x08004dd4   0x00000014   Code   RO         5918    i.USBD_CDC_DataIn   usbd_cdc.o
    0x08004de8   0x0000002e   Code   RO         5919    i.USBD_CDC_DataOut  usbd_cdc.o
    0x08004e16   0x0000003c   Code   RO         5920    i.USBD_CDC_DeInit   usbd_cdc.o
    0x08004e52   0x00000024   Code   RO         5921    i.USBD_CDC_EP0_RxReady  usbd_cdc.o
    0x08004e76   0x00000002   PAD
    0x08004e78   0x0000000c   Code   RO         5922    i.USBD_CDC_GetDeviceQualifierDescriptor  usbd_cdc.o
    0x08004e84   0x0000000c   Code   RO         5923    i.USBD_CDC_GetFSCfgDesc  usbd_cdc.o
    0x08004e90   0x0000000c   Code   RO         5924    i.USBD_CDC_GetHSCfgDesc  usbd_cdc.o
    0x08004e9c   0x0000000c   Code   RO         5925    i.USBD_CDC_GetOtherSpeedCfgDesc  usbd_cdc.o
    0x08004ea8   0x00000088   Code   RO         5926    i.USBD_CDC_Init     usbd_cdc.o
    0x08004f30   0x00000028   Code   RO         5927    i.USBD_CDC_ReceivePacket  usbd_cdc.o
    0x08004f58   0x00000010   Code   RO         5928    i.USBD_CDC_RegisterInterface  usbd_cdc.o
    0x08004f68   0x0000000c   Code   RO         5929    i.USBD_CDC_SetRxBuffer  usbd_cdc.o
    0x08004f74   0x00000010   Code   RO         5930    i.USBD_CDC_SetTxBuffer  usbd_cdc.o
    0x08004f84   0x00000070   Code   RO         5931    i.USBD_CDC_Setup    usbd_cdc.o
    0x08004ff4   0x00000030   Code   RO         5932    i.USBD_CDC_TransmitPacket  usbd_cdc.o
    0x08005024   0x0000000e   Code   RO         5655    i.USBD_ClrClassConfig  usbd_core.o
    0x08005032   0x00000010   Code   RO         5858    i.USBD_CtlContinueRx  usbd_ioreq.o
    0x08005042   0x00000010   Code   RO         5859    i.USBD_CtlContinueSendData  usbd_ioreq.o
    0x08005052   0x00000016   Code   RO         5793    i.USBD_CtlError     usbd_ctlreq.o
    0x08005068   0x0000001e   Code   RO         5860    i.USBD_CtlPrepareRx  usbd_ioreq.o
    0x08005086   0x00000016   Code   RO         5861    i.USBD_CtlReceiveStatus  usbd_ioreq.o
    0x0800509c   0x0000001a   Code   RO         5862    i.USBD_CtlSendData  usbd_ioreq.o
    0x080050b6   0x00000016   Code   RO         5863    i.USBD_CtlSendStatus  usbd_ioreq.o
    0x080050cc   0x00000020   Code   RO         1637    i.USBD_FS_ConfigStrDescriptor  usbd_desc.o
    0x080050ec   0x0000000c   Code   RO         1638    i.USBD_FS_DeviceDescriptor  usbd_desc.o
    0x080050f8   0x00000024   Code   RO         1639    i.USBD_FS_InterfaceStrDescriptor  usbd_desc.o
    0x0800511c   0x0000000c   Code   RO         1640    i.USBD_FS_LangIDStrDescriptor  usbd_desc.o
    0x08005128   0x00000028   Code   RO         1641    i.USBD_FS_ManufacturerStrDescriptor  usbd_desc.o
    0x08005150   0x0000002c   Code   RO         1642    i.USBD_FS_ProductStrDescriptor  usbd_desc.o
    0x0800517c   0x00000024   Code   RO         1643    i.USBD_FS_SerialStrDescriptor  usbd_desc.o
    0x080051a0   0x000000e0   Code   RO         5794    i.USBD_GetDescriptor  usbd_ctlreq.o
    0x08005280   0x00000046   Code   RO         5795    i.USBD_GetString    usbd_ctlreq.o
    0x080052c6   0x0000002a   Code   RO         5657    i.USBD_Init         usbd_core.o
    0x080052f0   0x00000020   Code   RO         1444    i.USBD_LL_ClearStallEP  usbd_conf.o
    0x08005310   0x00000020   Code   RO         1445    i.USBD_LL_CloseEP   usbd_conf.o
    0x08005330   0x000000aa   Code   RO         5658    i.USBD_LL_DataInStage  usbd_core.o
    0x080053da   0x0000006a   Code   RO         5659    i.USBD_LL_DataOutStage  usbd_core.o
    0x08005444   0x00000008   Code   RO         1449    i.USBD_LL_GetRxDataSize  usbd_conf.o
    0x0800544c   0x000000a0   Code   RO         1450    i.USBD_LL_Init      usbd_conf.o
    0x080054ec   0x0000001c   Code   RO         1451    i.USBD_LL_IsStallEP  usbd_conf.o
    0x08005508   0x00000026   Code   RO         1452    i.USBD_LL_OpenEP    usbd_conf.o
    0x0800552e   0x00000020   Code   RO         1453    i.USBD_LL_PrepareReceive  usbd_conf.o
    0x0800554e   0x0000003e   Code   RO         5664    i.USBD_LL_Reset     usbd_core.o
    0x0800558c   0x0000000c   Code   RO         5665    i.USBD_LL_Resume    usbd_core.o
    0x08005598   0x00000018   Code   RO         5666    i.USBD_LL_SOF       usbd_core.o
    0x080055b0   0x00000006   Code   RO         5667    i.USBD_LL_SetSpeed  usbd_core.o
    0x080055b6   0x00000020   Code   RO         1454    i.USBD_LL_SetUSBAddress  usbd_conf.o
    0x080055d6   0x0000005a   Code   RO         5668    i.USBD_LL_SetupStage  usbd_core.o
    0x08005630   0x00000020   Code   RO         1455    i.USBD_LL_StallEP   usbd_conf.o
    0x08005650   0x00000020   Code   RO         1456    i.USBD_LL_Start     usbd_conf.o
    0x08005670   0x00000012   Code   RO         5669    i.USBD_LL_Suspend   usbd_core.o
    0x08005682   0x00000020   Code   RO         1458    i.USBD_LL_Transmit  usbd_conf.o
    0x080056a2   0x00000028   Code   RO         5796    i.USBD_ParseSetupRequest  usbd_ctlreq.o
    0x080056ca   0x00000010   Code   RO         5670    i.USBD_RegisterClass  usbd_core.o
    0x080056da   0x00000016   Code   RO         5672    i.USBD_SetClassConfig  usbd_core.o
    0x080056f0   0x00000074   Code   RO         5797    i.USBD_SetConfig    usbd_ctlreq.o
    0x08005764   0x0000000a   Code   RO         5673    i.USBD_Start        usbd_core.o
    0x0800576e   0x000000f2   Code   RO         5798    i.USBD_StdDevReq    usbd_ctlreq.o
    0x08005860   0x000000dc   Code   RO         5799    i.USBD_StdEPReq     usbd_ctlreq.o
    0x0800593c   0x00000034   Code   RO         5800    i.USBD_StdItfReq    usbd_ctlreq.o
    0x08005970   0x00000002   Code   RO         1459    i.USBD_static_free  usbd_conf.o
    0x08005972   0x00000002   PAD
    0x08005974   0x00000008   Code   RO         1460    i.USBD_static_malloc  usbd_conf.o
    0x0800597c   0x0000025c   Code   RO         2228    i.USB_ActivateEndpoint  stm32f1xx_ll_usb.o
    0x08005bd8   0x00000024   Code   RO          557    i.USB_CDC_ReceiveCallBack  usb_module.o
    0x08005bfc   0x0000004c   Code   RO          558    i.USB_CalculateChecksum  usb_module.o
    0x08005c48   0x00000004   Code   RO         2231    i.USB_CoreInit      stm32f1xx_ll_usb.o
    0x08005c4c   0x00000124   Code   RO         2233    i.USB_DeactivateEndpoint  stm32f1xx_ll_usb.o
    0x08005d70   0x00000004   Code   RO         2234    i.USB_DevConnect    stm32f1xx_ll_usb.o
    0x08005d74   0x00000004   Code   RO         2235    i.USB_DevDisconnect  stm32f1xx_ll_usb.o
    0x08005d78   0x0000001e   Code   RO         2236    i.USB_DevInit       stm32f1xx_ll_usb.o
    0x08005d96   0x0000000e   Code   RO         2237    i.USB_DisableGlobalInt  stm32f1xx_ll_usb.o
    0x08005da4   0x00000004   Code   RO         2238    i.USB_EP0_OutStart  stm32f1xx_ll_usb.o
    0x08005da8   0x0000006a   Code   RO         2239    i.USB_EPClearStall  stm32f1xx_ll_usb.o
    0x08005e12   0x0000004a   Code   RO         2240    i.USB_EPSetStall    stm32f1xx_ll_usb.o
    0x08005e5c   0x000001aa   Code   RO         2241    i.USB_EPStartXfer   stm32f1xx_ll_usb.o
    0x08006006   0x0000000e   Code   RO         2242    i.USB_EnableGlobalInt  stm32f1xx_ll_usb.o
    0x08006014   0x00000034   Code   RO          559    i.USB_EventHandler  usb_module.o
    0x08006048   0x00000054   Code   RO          560    i.USB_HandleReadConfig  usb_module.o
    0x0800609c   0x000000b0   Code   RO          561    i.USB_HandleUserCmdData  usb_module.o
    0x0800614c   0x00000024   Code   RO          562    i.USB_HandleWriteConfig  usb_module.o
    0x08006170   0x0000000c   Code   RO         1774    i.USB_LP_CAN1_RX0_IRQHandler  stm32f1xx_it.o
    0x0800617c   0x00000124   Code   RO          564    i.USB_ParsingEvent  usb_module.o
    0x080062a0   0x000000a0   Code   RO          565    i.USB_PrintMsg      usb_module.o
    0x08006340   0x00000006   Code   RO         2249    i.USB_ReadInterrupts  stm32f1xx_ll_usb.o
    0x08006346   0x00000002   PAD
    0x08006348   0x0000001e   Code   RO         2250    i.USB_ReadPMA       stm32f1xx_ll_usb.o
    0x08006366   0x00000004   Code   RO         2252    i.USB_SetCurrentMode  stm32f1xx_ll_usb.o
    0x0800636a   0x0000000c   Code   RO         2253    i.USB_SetDevAddress  stm32f1xx_ll_usb.o
    0x08006376   0x00000002   PAD
    0x08006378   0x000000a4   Code   RO          566    i.USB_TxMessage     usb_module.o
    0x0800641c   0x00000026   Code   RO         2255    i.USB_WritePMA      stm32f1xx_ll_usb.o
    0x08006442   0x00000002   Code   RO         1775    i.UsageFault_Handler  stm32f1xx_it.o
    0x08006444   0x00000054   Code   RO          671    i.UserCmd_HandleATCommand  usercmd.o
    0x08006498   0x00000108   Code   RO          672    i.UserCmd_LBATCommand  usercmd.o
    0x080065a0   0x000000a8   Code   RO          673    i.UserCmd_ParsingATCommand  usercmd.o
    0x08006648   0x0000006c   Code   RO          674    i.UserCmd_ParsingCmd  usercmd.o
    0x080066b4   0x00000016   Code   RO          675    i.UserCmd_SDCardTestCommand  usercmd.o
    0x080066ca   0x00000002   PAD
    0x080066cc   0x00000024   Code   RO          676    i.UserCmd_SystemUptimeCommand  usercmd.o
    0x080066f0   0x00000084   Code   RO          677    i.UserCmd_TimeStampCommand  usercmd.o
    0x08006774   0x00000084   Code   RO          678    i.UserCmd_VersionCommand  usercmd.o
    0x080067f8   0x00000074   Code   RO         1091    i._Error_Handler    main.o
    0x0800686c   0x0000000e   Code   RO         6615    i.__scatterload_copy  mc_w.l(handlers.o)
    0x0800687a   0x00000002   Code   RO         6616    i.__scatterload_null  mc_w.l(handlers.o)
    0x0800687c   0x0000000e   Code   RO         6617    i.__scatterload_zeroinit  mc_w.l(handlers.o)
    0x0800688a   0x00000002   PAD
    0x0800688c   0x00000060   Code   RO         6169    i.check_fs          ff.o
    0x080068ec   0x0000006c   Code   RO         6170    i.chk_lock          ff.o
    0x08006958   0x00000024   Code   RO         6171    i.clear_lock        ff.o
    0x0800697c   0x0000002a   Code   RO         6172    i.clmt_clust        ff.o
    0x080069a6   0x0000001e   Code   RO         6173    i.clust2sect        ff.o
    0x080069c4   0x000000b0   Code   RO         6174    i.create_chain      ff.o
    0x08006a74   0x00000100   Code   RO         6175    i.create_name       ff.o
    0x08006b74   0x0000003c   Code   RO         6176    i.dec_lock          ff.o
    0x08006bb0   0x0000011e   Code   RO         6177    i.dir_next          ff.o
    0x08006cce   0x00000076   Code   RO         6179    i.dir_register      ff.o
    0x08006d44   0x00000098   Code   RO         6181    i.dir_sdi           ff.o
    0x08006ddc   0x00000028   Code   RO         6114    i.disk_initialize   diskio.o
    0x08006e04   0x0000001c   Code   RO         6115    i.disk_ioctl        diskio.o
    0x08006e20   0x0000001c   Code   RO         6116    i.disk_read         diskio.o
    0x08006e3c   0x00000018   Code   RO         6117    i.disk_status       diskio.o
    0x08006e54   0x0000001c   Code   RO         6118    i.disk_write        diskio.o
    0x08006e70   0x0000002a   Code   RO         6183    i.f_close           ff.o
    0x08006e9a   0x000000c8   Code   RO         6185    i.f_getfree         ff.o
    0x08006f62   0x00000002   PAD
    0x08006f64   0x0000005c   Code   RO         6190    i.f_mount           ff.o
    0x08006fc0   0x000001a0   Code   RO         6191    i.f_open            ff.o
    0x08007160   0x00000046   Code   RO         6195    i.f_puts            ff.o
    0x080071a6   0x000000b8   Code   RO         6200    i.f_sync            ff.o
    0x0800725e   0x000001d6   Code   RO         6204    i.f_write           ff.o
    0x08007434   0x00000258   Code   RO         6205    i.find_volume       ff.o
    0x0800768c   0x000000c0   Code   RO         6206    i.follow_path       ff.o
    0x0800774c   0x00000050   Code   RO         6554    i.free              mc_w.l(malloc.o)
    0x0800779c   0x000000c2   Code   RO         6207    i.get_fat           ff.o
    0x0800785e   0x00000004   Code   RO         1359    i.get_fattime       fatfs.o
    0x08007862   0x0000003c   Code   RO         6209    i.get_ldnumber      ff.o
    0x0800789e   0x00000002   PAD
    0x080078a0   0x000000a0   Code   RO         6210    i.inc_lock          ff.o
    0x08007940   0x00000014   Code   RO         6211    i.ld_clust          ff.o
    0x08007954   0x00000070   Code   RO         1092    i.main              main.o
    0x080079c4   0x0000006c   Code   RO         6555    i.malloc            mc_w.l(malloc.o)
    0x08007a30   0x00000012   Code   RO         6212    i.mem_cpy           ff.o
    0x08007a42   0x0000000e   Code   RO         6213    i.mem_set           ff.o
    0x08007a50   0x00000036   Code   RO         6214    i.move_window       ff.o
    0x08007a86   0x000000f8   Code   RO         6215    i.put_fat           ff.o
    0x08007b7e   0x00000046   Code   RO         6216    i.putc_bfd          ff.o
    0x08007bc4   0x0000006e   Code   RO         6217    i.remove_chain      ff.o
    0x08007c32   0x00000010   Code   RO         6218    i.st_clust          ff.o
    0x08007c42   0x000000b6   Code   RO         6219    i.sync_fs           ff.o
    0x08007cf8   0x00000060   Code   RO         6220    i.sync_window       ff.o
    0x08007d58   0x0000002c   Code   RO         6221    i.validate          ff.o
    0x08007d84   0x00000010   Data   RO         5619    .constdata          system_stm32f1xx.o
    0x08007d94   0x00000008   Data   RO         5620    .constdata          system_stm32f1xx.o
    0x08007d9c   0x00000014   Data   RO         6060    .constdata          sd_diskio.o
    0x08007db0   0x000000ac   Data   RO         6223    .constdata          ff.o
    0x08007e5c   0x00000020   Data   RO         6613    Region$$Table       anon$$obj.o


    Execution Region RW_IRAM1 (Base: 0x20000000, Size: 0x000022d8, Max: 0x0000c000, ABSOLUTE, COMPRESSED[0x000000c4])

    Base Addr    Size         Type   Attr      Idx    E Section Name        Object

    0x20000000   0x0000000e   Data   RW           19    .data               adc.o
    0x2000000e   0x00000006   Data   RW          226    .data               key.o
    0x20000014   0x00000008   Data   RW          308    .data               module.o
    0x2000001c   0x00000013   Data   RW          376    .data               rtc.o
    0x2000002f   0x00000009   Data   RW          488    .data               ui.o
    0x20000038   0x00000018   Data   RW          568    .data               usb_module.o
    0x20000050   0x00000001   Data   RW          681    .data               usercmd.o
    0x20000051   0x00000001   PAD
    0x20000052   0x0000000c   Data   RW          967    .data               power.o
    0x2000005e   0x00000002   PAD
    0x20000060   0x00000014   Data   RW         1031    .data               sdcard.o
    0x20000074   0x00000005   Data   RW         1362    .data               fatfs.o
    0x20000079   0x00000003   PAD
    0x2000007c   0x0000001c   Data   RW         1645    .data               usbd_desc.o
    0x20000098   0x00000016   Data   RW         1646    .data               usbd_desc.o
    0x200000ae   0x00000002   PAD
    0x200000b0   0x00000010   Data   RW         1712    .data               usbd_cdc_if.o
    0x200000c0   0x0000000c   Data   RW         4752    .data               stm32f1xx_hal.o
    0x200000cc   0x00000004   Data   RW         5621    .data               system_stm32f1xx.o
    0x200000d0   0x00000001   Data   RW         5801    .data               usbd_ctlreq.o
    0x200000d1   0x00000003   PAD
    0x200000d4   0x000000db   Data   RW         5933    .data               usbd_cdc.o
    0x200001af   0x00000001   PAD
    0x200001b0   0x00000038   Data   RW         5934    .data               usbd_cdc.o
    0x200001e8   0x00000001   Data   RW         6061    .data               sd_diskio.o
    0x200001e9   0x00000003   PAD
    0x200001ec   0x00000008   Data   RW         6224    .data               ff.o
    0x200001f4   0x00000004   Data   RW         6604    .data               mc_w.l(mvars.o)
    0x200001f8   0x00000004   Data   RW         6605    .data               mc_w.l(mvars.o)
    0x200001fc   0x0000000c   Zero   RW          375    .bss                rtc.o
    0x20000208   0x00000140   Zero   RW          567    .bss                usb_module.o
    0x20000348   0x00000100   Zero   RW          679    .bss                usercmd.o
    0x20000448   0x0000045c   Zero   RW         1028    .bss                sdcard.o
    0x200008a4   0x0000019c   Zero   RW         1093    .bss                main.o
    0x20000a40   0x00000224   Zero   RW         1397    .bss                usb_device.o
    0x20000c64   0x00000680   Zero   RW         1461    .bss                usbd_conf.o
    0x200012e4   0x00000200   Zero   RW         1644    .bss                usbd_desc.o
    0x200014e4   0x000007d0   Zero   RW         1711    .bss                usbd_cdc_if.o
    0x20001cb4   0x00000018   Zero   RW         6222    .bss                ff.o
    0x20001ccc   0x0000000c   Zero   RW         6494    .bss                ff_gen_drv.o
    0x20001cd8   0x00000200   Zero   RW            2    HEAP                startup_stm32f103xe.o
    0x20001ed8   0x00000400   Zero   RW            1    STACK               startup_stm32f103xe.o


==============================================================================

Image component sizes


      Code (inc. data)   RO Data    RW Data    ZI Data      Debug   Object Name

       276         36          0         14          0     551738   adc.o
       152         24          0          0          0       3282   bsp_driver_sd.o
       148         22          0          0          0       3501   diskio.o
        32         10          0          5          0       1376   fatfs.o
      4912         70        172          8         24      33683   ff.o
        70          4          0          0         12       1539   ff_gen_drv.o
       114          8          0          6          0       2276   key.o
      1158        152          0          0        412      12276   main.o
       168         22          0          8          0       2872   module.o
       436         64          0         12          0       4073   power.o
      1794        390          0         19         12       9503   rtc.o
       264         34         20          1          0       4268   sd_diskio.o
       340        106          0         20       1116       4964   sdcard.o
        36          8        304          0       1536        788   startup_stm32f103xe.o
       164         28          0         12          0       3749   stm32f1xx_hal.o
      1238         46          0          0          0       7852   stm32f1xx_hal_adc.o
         2          0          0          0          0       1029   stm32f1xx_hal_adc_ex.o
       228         14          0          0          0      27265   stm32f1xx_hal_cortex.o
       506         42          0          0          0       3409   stm32f1xx_hal_gpio.o
       320         18          0          0          0       2891   stm32f1xx_hal_i2c.o
       532         72          0          0          0       3952   stm32f1xx_hal_msp.o
      1810          0          0          0          0       9845   stm32f1xx_hal_pcd.o
        52          0          0          0          0       1146   stm32f1xx_hal_pcd_ex.o
        12          4          0          0          0        499   stm32f1xx_hal_pwr.o
      1296        104          0          0          0       5544   stm32f1xx_hal_rcc.o
       448         44          0          0          0       2529   stm32f1xx_hal_rcc_ex.o
       922         14          0          0          0       9200   stm32f1xx_hal_rtc.o
       152          0          0          0          0       3323   stm32f1xx_hal_rtc_ex.o
      2416          4          0          0          0      12508   stm32f1xx_hal_sd.o
       974         20          0          0          0       9814   stm32f1xx_hal_tim.o
        84          0          0          0          0       2270   stm32f1xx_hal_tim_ex.o
        94         20          0          0          0       5446   stm32f1xx_it.o
      1630         42          0          0          0      21371   stm32f1xx_ll_sdmmc.o
      1666          0          0          0          0      12387   stm32f1xx_ll_usb.o
        72         16         24          4          0       1115   system_stm32f1xx.o
        46          8          0          0          0        921   temperature.o
       472         50          0          9          0       4087   ui.o
        56         18          0          0        548        676   usb_device.o
      1076         56          0         24        320      14433   usb_module.o
       590         22          0        275          0      12414   usbd_cdc.o
       148         26          0         16       2000       3637   usbd_cdc_if.o
       652         50          0          0       1664      12797   usbd_conf.o
       592          0          0          0          0       8952   usbd_core.o
       986         30          0          1          0       7620   usbd_ctlreq.o
       212        116          0         50        512       4791   usbd_desc.o
       132          0          0          0          0       4228   usbd_ioreq.o
       946        156          0          1        256       6392   usercmd.o
       254          0          0          0          0       3901   utility.o

    ----------------------------------------------------------------------
     30740       1970        552        500       8412     868132   Object Totals
         0          0         32          0          0          0   (incl. Generated)
        60          0          0         15          0          0   (incl. Padding)

    ----------------------------------------------------------------------

      Code (inc. data)   RO Data    RW Data    ZI Data      Debug   Library Member Name

        86          0          0          0          0          0   __dczerorl2.o
         0          0          0          0          0          0   entry.o
         0          0          0          0          0          0   entry10a.o
         0          0          0          0          0          0   entry11a.o
         8          4          0          0          0          0   entry2.o
         4          0          0          0          0          0   entry5.o
         0          0          0          0          0          0   entry7b.o
         0          0          0          0          0          0   entry8b.o
         8          4          0          0          0          0   entry9a.o
        30          0          0          0          0          0   handlers.o
        36          8          0          0          0         68   init.o
         0          0          0          0          0          0   iusefp.o
        30          0          0          0          0         68   llshl.o
        32          0          0          0          0         68   llushr.o
       188         20          0          0          0        160   malloc.o
        36          0          0          0          0         68   memcpya.o
        36          0          0          0          0        108   memseta.o
         0          0          0          8          0          0   mvars.o
        24          0          0          0          0         68   strcat.o
        18          0          0          0          0         68   strcpy.o
        14          0          0          0          0         68   strlen.o
       186          0          0          0          0        176   depilogue.o
        50          0          0          0          0         76   dfixui.o
        26          0          0          0          0         76   dfltui.o
       228          0          0          0          0         96   dmul.o
        46          0          0          0          0         80   dscalb.o

    ----------------------------------------------------------------------
      1088         36          0          8          0       1248   Library Totals
         2          0          0          0          0          0   (incl. Padding)

    ----------------------------------------------------------------------

      Code (inc. data)   RO Data    RW Data    ZI Data      Debug   Library Name

       550         36          0          8          0        744   mc_w.l
       536          0          0          0          0        504   mf_w.l

    ----------------------------------------------------------------------
      1088         36          0          8          0       1248   Library Totals

    ----------------------------------------------------------------------

==============================================================================


      Code (inc. data)   RO Data    RW Data    ZI Data      Debug   

     31828       2006        552        508       8412     850008   Grand Totals
     31828       2006        552        196       8412     850008   ELF Image Totals (compressed)
     31828       2006        552        196          0          0   ROM Totals

==============================================================================

    Total RO  Size (Code + RO Data)                32380 (  31.62kB)
    Total RW  Size (RW Data + ZI Data)              8920 (   8.71kB)
    Total ROM Size (Code + RO Data + RW Data)      32576 (  31.81kB)

==============================================================================

