Component: ARM Compiler 5.06 update 2 (build 183) Tool: armlink [4d35b7]

==============================================================================

Section Cross References

    startup_stm32f103xe.o(RESET) refers to startup_stm32f103xe.o(STACK) for __initial_sp
    startup_stm32f103xe.o(RESET) refers to startup_stm32f103xe.o(.text) for Reset_Handler
    startup_stm32f103xe.o(RESET) refers to stm32f1xx_it.o(i.NMI_Handler) for NMI_Handler
    startup_stm32f103xe.o(RESET) refers to stm32f1xx_it.o(i.HardFault_Handler) for HardFault_Handler
    startup_stm32f103xe.o(RESET) refers to stm32f1xx_it.o(i.MemManage_Handler) for MemManage_Handler
    startup_stm32f103xe.o(RESET) refers to stm32f1xx_it.o(i.BusFault_Handler) for BusFault_Handler
    startup_stm32f103xe.o(RESET) refers to stm32f1xx_it.o(i.UsageFault_Handler) for UsageFault_Handler
    startup_stm32f103xe.o(RESET) refers to stm32f1xx_it.o(i.SVC_Handler) for SVC_Handler
    startup_stm32f103xe.o(RESET) refers to stm32f1xx_it.o(i.DebugMon_Handler) for DebugMon_Handler
    startup_stm32f103xe.o(RESET) refers to stm32f1xx_it.o(i.PendSV_Handler) for PendSV_Handler
    startup_stm32f103xe.o(RESET) refers to stm32f1xx_it.o(i.SysTick_Handler) for SysTick_Handler
    startup_stm32f103xe.o(RESET) refers to stm32f1xx_it.o(i.ADC1_2_IRQHandler) for ADC1_2_IRQHandler
    startup_stm32f103xe.o(RESET) refers to stm32f1xx_it.o(i.USB_LP_CAN1_RX0_IRQHandler) for USB_LP_CAN1_RX0_IRQHandler
    startup_stm32f103xe.o(RESET) refers to stm32f1xx_it.o(i.TIM2_IRQHandler) for TIM2_IRQHandler
    startup_stm32f103xe.o(RESET) refers to stm32f1xx_it.o(i.TIM3_IRQHandler) for TIM3_IRQHandler
    startup_stm32f103xe.o(RESET) refers to stm32f1xx_it.o(i.EXTI15_10_IRQHandler) for EXTI15_10_IRQHandler
    startup_stm32f103xe.o(.text) refers to system_stm32f1xx.o(i.SystemInit) for SystemInit
    startup_stm32f103xe.o(.text) refers to entry.o(.ARM.Collect$$$$00000000) for __main
    adc.o(i.ADC_Initialize) refers to adc.o(i.ADCif_CloseADC) for ADCif_CloseADC
    adc.o(i.ADC_Initialize) refers to adc.o(.data) for .data
    adc.o(i.ADC_InterruptHandler) refers to stm32f1xx_hal_adc.o(i.HAL_ADC_GetValue) for HAL_ADC_GetValue
    adc.o(i.ADC_InterruptHandler) refers to stm32f1xx_hal_adc.o(i.HAL_ADC_Start_IT) for HAL_ADC_Start_IT
    adc.o(i.ADC_InterruptHandler) refers to adc.o(i.ADCif_CloseADC) for ADCif_CloseADC
    adc.o(i.ADC_InterruptHandler) refers to adc.o(.data) for .data
    adc.o(i.ADC_InterruptHandler) refers to main.o(.bss) for hadc1
    adc.o(i.ADCif_CloseADC) refers to stm32f1xx_hal_adc.o(i.HAL_ADC_Stop_IT) for HAL_ADC_Stop_IT
    adc.o(i.ADCif_CloseADC) refers to adc.o(.data) for .data
    adc.o(i.ADCif_CloseADC) refers to main.o(.bss) for hadc1
    adc.o(i.ADCif_NewEventHandler) refers to memseta.o(.text) for __aeabi_memclr4
    adc.o(i.ADCif_NewEventHandler) refers to temperature.o(i.TSif_HandleSampleValue) for TSif_HandleSampleValue
    adc.o(i.ADCif_NewEventHandler) refers to power.o(i.Powerif_SetBatteryValue) for Powerif_SetBatteryValue
    adc.o(i.ADCif_NewEventHandler) refers to adc.o(.data) for .data
    adc.o(i.ADCif_SampleADC) refers to adc.o(i.ADCif_CloseADC) for ADCif_CloseADC
    adc.o(i.ADCif_SampleADC) refers to stm32f1xx_hal_adc.o(i.HAL_ADC_ConfigChannel) for HAL_ADC_ConfigChannel
    adc.o(i.ADCif_SampleADC) refers to stm32f1xx_hal_adc.o(i.HAL_ADC_Start_IT) for HAL_ADC_Start_IT
    adc.o(i.ADCif_SampleADC) refers to adc.o(.data) for .data
    adc.o(i.ADCif_SampleADC) refers to main.o(.bss) for hadc1
    key.o(i.Key_DebounceInterruptHandler) refers to key.o(i.Key_GetKeyData) for Key_GetKeyData
    key.o(i.Key_DebounceInterruptHandler) refers to stm32f1xx_hal_tim.o(i.HAL_TIM_Base_Stop_IT) for HAL_TIM_Base_Stop_IT
    key.o(i.Key_DebounceInterruptHandler) refers to key.o(.data) for .data
    key.o(i.Key_DebounceInterruptHandler) refers to main.o(.bss) for htim2
    key.o(i.Key_GetKeyData) refers to stm32f1xx_hal_gpio.o(i.HAL_GPIO_ReadPin) for HAL_GPIO_ReadPin
    key.o(i.Key_InitializeModule) refers to key.o(.data) for .data
    key.o(i.Key_ParseKey) refers to key.o(i.Key_GetKeyData) for Key_GetKeyData
    key.o(i.Key_ParseKey) refers to stm32f1xx_hal_tim.o(i.HAL_TIM_Base_Stop_IT) for HAL_TIM_Base_Stop_IT
    key.o(i.Key_ParseKey) refers to stm32f1xx_hal_tim.o(i.HAL_TIM_Base_Start_IT) for HAL_TIM_Base_Start_IT
    key.o(i.Key_ParseKey) refers to key.o(.data) for .data
    key.o(i.Key_ParseKey) refers to main.o(.bss) for htim2
    key.o(i.Key_PressTimeOut) refers to key.o(.data) for .data
    key.o(i.Keyif_GetKeyState) refers to key.o(.data) for .data
    key.o(i.Keyif_NewEventHandler) refers to utility.o(i.MALLOC) for MALLOC
    key.o(i.Keyif_NewEventHandler) refers to key.o(i.Key_FindKeyValue) for Key_FindKeyValue
    key.o(i.Keyif_NewEventHandler) refers to module.o(i.Module_AddSignal) for Module_AddSignal
    key.o(i.Keyif_NewEventHandler) refers to key.o(.data) for .data
    key.o(i.Keyif_StopModule) refers to key.o(.data) for .data
[...]
    i.StrUpperCase                           0x080028fa   Section        0  utility.o(i.StrUpperCase)
    i.SysTick_Handler                        0x08002930   Section        0  stm32f1xx_it.o(i.SysTick_Handler)
    i.SystemClock_Config                     0x0800293e   Section        0  main.o(i.SystemClock_Config)
    i.SystemInit                             0x080029c0   Section        0  system_stm32f1xx.o(i.SystemInit)
    i.TIM2_IRQHandler                        0x08002a08   Section        0  stm32f1xx_it.o(i.TIM2_IRQHandler)
    i.TIM3_IRQHandler                        0x08002a1c   Section        0  stm32f1xx_it.o(i.TIM3_IRQHandler)
    i.TIM_Base_SetConfig                     0x08002a28   Section        0  stm32f1xx_hal_tim.o(i.TIM_Base_SetConfig)
    i.TIM_ETR_SetConfig                      0x08002ab4   Section        0  stm32f1xx_hal_tim.o(i.TIM_ETR_SetConfig)
    TIM_ETR_SetConfig                        0x08002ab5   Thumb Code    20  stm32f1xx_hal_tim.o(i.TIM_ETR_SetConfig)
    i.TIM_ITRx_SetConfig                     0x08002ac8   Section        0  stm32f1xx_hal_tim.o(i.TIM_ITRx_SetConfig)
    TIM_ITRx_SetConfig                       0x08002ac9   Thumb Code    16  stm32f1xx_hal_tim.o(i.TIM_ITRx_SetConfig)
    i.TIM_TI1_ConfigInputStage               0x08002ad8   Section        0  stm32f1xx_hal_tim.o(i.TIM_TI1_ConfigInputStage)
    TIM_TI1_ConfigInputStage                 0x08002ad9   Thumb Code    34  stm32f1xx_hal_tim.o(i.TIM_TI1_ConfigInputStage)
    i.TIM_TI2_ConfigInputStage               0x08002afa   Section        0  stm32f1xx_hal_tim.o(i.TIM_TI2_ConfigInputStage)
    TIM_TI2_ConfigInputStage                 0x08002afb   Thumb Code    36  stm32f1xx_hal_tim.o(i.TIM_TI2_ConfigInputStage)
    i.TS_Initialize                          0x08002b1e   Section        0  temperature.o(i.TS_Initialize)
    i.TSif_HandleSampleValue                 0x08002b20   Section        0  temperature.o(i.TSif_HandleSampleValue)
    i.UI_CheckBatteryHandler                 0x08002b4c   Section        0  ui.o(i.UI_CheckBatteryHandler)
    i.UI_InitializeModule                    0x08002ba4   Section        0  ui.o(i.UI_InitializeModule)
    i.UI_KeyHandler                          0x08002bb8   Section        0  ui.o(i.UI_KeyHandler)
    i.UI_SignalHandler                       0x08002bd0   Section        0  ui.o(i.UI_SignalHandler)
    i.UI_StopBlinkLED                        0x08002bfc   Section        0  ui.o(i.UI_StopBlinkLED)
    i.UIif_SetBlinkLED                       0x08002c28   Section        0  ui.o(i.UIif_SetBlinkLED)
    i.USBD_CDC_DataIn                        0x08002c84   Section        0  usbd_cdc.o(i.USBD_CDC_DataIn)
    USBD_CDC_DataIn                          0x08002c85   Thumb Code    20  usbd_cdc.o(i.USBD_CDC_DataIn)
    i.USBD_CDC_DataOut                       0x08002c98   Section        0  usbd_cdc.o(i.USBD_CDC_DataOut)
    USBD_CDC_DataOut                         0x08002c99   Thumb Code    46  usbd_cdc.o(i.USBD_CDC_DataOut)
    i.USBD_CDC_DeInit                        0x08002cc6   Section        0  usbd_cdc.o(i.USBD_CDC_DeInit)
    USBD_CDC_DeInit                          0x08002cc7   Thumb Code    60  usbd_cdc.o(i.USBD_CDC_DeInit)
    i.USBD_CDC_EP0_RxReady                   0x08002d02   Section        0  usbd_cdc.o(i.USBD_CDC_EP0_RxReady)
    USBD_CDC_EP0_RxReady                     0x08002d03   Thumb Code    36  usbd_cdc.o(i.USBD_CDC_EP0_RxReady)
    i.USBD_CDC_GetDeviceQualifierDescriptor  0x08002d28   Section        0  usbd_cdc.o(i.USBD_CDC_GetDeviceQualifierDescriptor)
    i.USBD_CDC_GetFSCfgDesc                  0x08002d34   Section        0  usbd_cdc.o(i.USBD_CDC_GetFSCfgDesc)
    USBD_CDC_GetFSCfgDesc                    0x08002d35   Thumb Code     8  usbd_cdc.o(i.USBD_CDC_GetFSCfgDesc)
    i.USBD_CDC_GetHSCfgDesc                  0x08002d40   Section        0  usbd_cdc.o(i.USBD_CDC_GetHSCfgDesc)
    USBD_CDC_GetHSCfgDesc                    0x08002d41   Thumb Code     8  usbd_cdc.o(i.USBD_CDC_GetHSCfgDesc)
    i.USBD_CDC_GetOtherSpeedCfgDesc          0x08002d4c   Section        0  usbd_cdc.o(i.USBD_CDC_GetOtherSpeedCfgDesc)
    USBD_CDC_GetOtherSpeedCfgDesc            0x08002d4d   Thumb Code     8  usbd_cdc.o(i.USBD_CDC_GetOtherSpeedCfgDesc)
    i.USBD_CDC_Init                          0x08002d58   Section        0  usbd_cdc.o(i.USBD_CDC_Init)
    USBD_CDC_Init                            0x08002d59   Thumb Code   136  usbd_cdc.o(i.USBD_CDC_Init)
    i.USBD_CDC_ReceivePacket                 0x08002de0   Section        0  usbd_cdc.o(i.USBD_CDC_ReceivePacket)
    i.USBD_CDC_RegisterInterface             0x08002e08   Section        0  usbd_cdc.o(i.USBD_CDC_RegisterInterface)
    i.USBD_CDC_SetRxBuffer                   0x08002e18   Section        0  usbd_cdc.o(i.USBD_CDC_SetRxBuffer)
    i.USBD_CDC_SetTxBuffer                   0x08002e24   Section        0  usbd_cdc.o(i.USBD_CDC_SetTxBuffer)
    i.USBD_CDC_Setup                         0x08002e34   Section        0  usbd_cdc.o(i.USBD_CDC_Setup)
    USBD_CDC_Setup                           0x08002e35   Thumb Code   106  usbd_cdc.o(i.USBD_CDC_Setup)
    i.USBD_CDC_TransmitPacket                0x08002ea4   Section        0  usbd_cdc.o(i.USBD_CDC_TransmitPacket)
    i.USBD_ClrClassConfig                    0x08002ed4   Section        0  usbd_core.o(i.USBD_ClrClassConfig)
    i.USBD_CtlContinueRx                     0x08002ee2   Section        0  usbd_ioreq.o(i.USBD_CtlContinueRx)
    i.USBD_CtlContinueSendData               0x08002ef2   Section        0  usbd_ioreq.o(i.USBD_CtlContinueSendData)
    i.USBD_CtlError                          0x08002f02   Section        0  usbd_ctlreq.o(i.USBD_CtlError)
    i.USBD_CtlPrepareRx                      0x08002f18   Section        0  usbd_ioreq.o(i.USBD_CtlPrepareRx)
    i.USBD_CtlReceiveStatus                  0x08002f36   Section        0  usbd_ioreq.o(i.USBD_CtlReceiveStatus)
    i.USBD_CtlSendData                       0x08002f4c   Section        0  usbd_ioreq.o(i.USBD_CtlSendData)
    i.USBD_CtlSendStatus                     0x08002f66   Section        0  usbd_ioreq.o(i.USBD_CtlSendStatus)
    i.USBD_FS_ConfigStrDescriptor            0x08002f7c   Section        0  usbd_desc.o(i.USBD_FS_ConfigStrDescriptor)
    i.USBD_FS_DeviceDescriptor               0x08002f9c   Section        0  usbd_desc.o(i.USBD_FS_DeviceDescriptor)
    i.USBD_FS_InterfaceStrDescriptor         0x08002fa8   Section        0  usbd_desc.o(i.USBD_FS_InterfaceStrDescriptor)
    i.USBD_FS_LangIDStrDescriptor            0x08002fcc   Section        0  usbd_desc.o(i.USBD_FS_LangIDStrDescriptor)
    i.USBD_FS_ManufacturerStrDescriptor      0x08002fd8   Section        0  usbd_desc.o(i.USBD_FS_ManufacturerStrDescriptor)
    i.USBD_FS_ProductStrDescriptor           0x08003000   Section        0  usbd_desc.o(i.USBD_FS_ProductStrDescriptor)
    i.USBD_FS_SerialStrDescriptor            0x0800302c   Section        0  usbd_desc.o(i.USBD_FS_SerialStrDescriptor)
    i.USBD_GetDescriptor                     0x08003050   Section        0  usbd_ctlreq.o(i.USBD_GetDescriptor)
    USBD_GetDescriptor                       0x08003051   Thumb Code   224  usbd_ctlreq.o(i.USBD_GetDescriptor)
    i.USBD_GetString                         0x08003130   Section        0  usbd_ctlreq.o(i.USBD_GetString)
    i.USBD_Init                              0x08003176   Section        0  usbd_core.o(i.USBD_Init)
    i.USBD_LL_ClearStallEP                   0x080031a0   Section        0  usbd_conf.o(i.USBD_LL_ClearStallEP)
    i.USBD_LL_CloseEP                        0x080031c0   Section        0  usbd_conf.o(i.USBD_LL_CloseEP)
    i.USBD_LL_DataInStage                    0x080031e0   Section        0  usbd_core.o(i.USBD_LL_DataInStage)
    i.USBD_LL_DataOutStage                   0x0800328a   Section        0  usbd_core.o(i.USBD_LL_DataOutStage)
    i.USBD_LL_GetRxDataSize                  0x080032f4   Section        0  usbd_conf.o(i.USBD_LL_GetRxDataSize)
    i.USBD_LL_Init                           0x080032fc   Section        0  usbd_conf.o(i.USBD_LL_Init)
    i.USBD_LL_IsStallEP                      0x0800339c   Section        0  usbd_conf.o(i.USBD_LL_IsStallEP)
    i.USBD_LL_OpenEP                         0x080033b8   Section        0  usbd_conf.o(i.USBD_LL_OpenEP)
    i.USBD_LL_PrepareReceive                 0x080033de   Section        0  usbd_conf.o(i.USBD_LL_PrepareReceive)
    i.USBD_LL_Reset                          0x080033fe   Section        0  usbd_core.o(i.USBD_LL_Reset)
    i.USBD_LL_Resume                         0x0800343c   Section        0  usbd_core.o(i.USBD_LL_Resume)
    i.USBD_LL_SOF                            0x08003448   Section        0  usbd_core.o(i.USBD_LL_SOF)
    i.USBD_LL_SetSpeed                       0x08003460   Section        0  usbd_core.o(i.USBD_LL_SetSpeed)
    i.USBD_LL_SetUSBAddress                  0x08003466   Section        0  usbd_conf.o(i.USBD_LL_SetUSBAddress)
    i.USBD_LL_SetupStage                     0x08003486   Section        0  usbd_core.o(i.USBD_LL_SetupStage)
    i.USBD_LL_StallEP                        0x080034e0   Section        0  usbd_conf.o(i.USBD_LL_StallEP)
    i.USBD_LL_Start                          0x08003500   Section        0  usbd_conf.o(i.USBD_LL_Start)
    i.USBD_LL_Suspend                        0x08003520   Section        0  usbd_core.o(i.USBD_LL_Suspend)
    i.USBD_LL_Transmit                       0x08003532   Section        0  usbd_conf.o(i.USBD_LL_Transmit)
    i.USBD_ParseSetupRequest                 0x08003552   Section        0  usbd_ctlreq.o(i.USBD_ParseSetupRequest)
    i.USBD_RegisterClass                     0x0800357a   Section        0  usbd_core.o(i.USBD_RegisterClass)
    i.USBD_SetClassConfig                    0x0800358a   Section        0  usbd_core.o(i.USBD_SetClassConfig)
    i.USBD_SetConfig                         0x080035a0   Section        0  usbd_ctlreq.o(i.USBD_SetConfig)
    USBD_SetConfig                           0x080035a1   Thumb Code   110  usbd_ctlreq.o(i.USBD_SetConfig)
    i.USBD_Start                             0x08003614   Section        0  usbd_core.o(i.USBD_Start)
    i.USBD_StdDevReq                         0x0800361e   Section        0  usbd_ctlreq.o(i.USBD_StdDevReq)
    i.USBD_StdEPReq                          0x08003710   Section        0  usbd_ctlreq.o(i.USBD_StdEPReq)
    i.USBD_StdItfReq                         0x080037ec   Section        0  usbd_ctlreq.o(i.USBD_StdItfReq)
    i.USBD_static_free                       0x08003820   Section        0  usbd_conf.o(i.USBD_static_free)
    i.USBD_static_malloc                     0x08003824   Section        0  usbd_conf.o(i.USBD_static_malloc)
    i.USB_ActivateEndpoint                   0x0800382c   Section        0  stm32f1xx_ll_usb.o(i.USB_ActivateEndpoint)
    i.USB_CDC_ReceiveCallBack                0x08003a88   Section        0  usb_module.o(i.USB_CDC_ReceiveCallBack)
    i.USB_CoreInit                           0x08003aa4   Section        0  stm32f1xx_ll_usb.o(i.USB_CoreInit)
    i.USB_DeactivateEndpoint                 0x08003aa8   Section        0  stm32f1xx_ll_usb.o(i.USB_DeactivateEndpoint)
    i.USB_DevConnect                         0x08003bcc   Section        0  stm32f1xx_ll_usb.o(i.USB_DevConnect)
    i.USB_DevDisconnect                      0x08003bd0   Section        0  stm32f1xx_ll_usb.o(i.USB_DevDisconnect)
    i.USB_DevInit                            0x08003bd4   Section        0  stm32f1xx_ll_usb.o(i.USB_DevInit)
    i.USB_DisableGlobalInt                   0x08003bf2   Section        0  stm32f1xx_ll_usb.o(i.USB_DisableGlobalInt)
    i.USB_EP0_OutStart                       0x08003c00   Section        0  stm32f1xx_ll_usb.o(i.USB_EP0_OutStart)
    i.USB_EPClearStall                       0x08003c04   Section        0  stm32f1xx_ll_usb.o(i.USB_EPClearStall)
    i.USB_EPSetStall                         0x08003c6e   Section        0  stm32f1xx_ll_usb.o(i.USB_EPSetStall)
    i.USB_EPStartXfer                        0x08003cb8   Section        0  stm32f1xx_ll_usb.o(i.USB_EPStartXfer)
    i.USB_EnableGlobalInt                    0x08003e62   Section        0  stm32f1xx_ll_usb.o(i.USB_EnableGlobalInt)
    i.USB_EventHandler                       0x08003e70   Section        0  usb_module.o(i.USB_EventHandler)
    i.USB_HandleUserCmdData                  0x08003eb0   Section        0  usb_module.o(i.USB_HandleUserCmdData)
    i.USB_LP_CAN1_RX0_IRQHandler             0x08003f58   Section        0  stm32f1xx_it.o(i.USB_LP_CAN1_RX0_IRQHandler)
    i.USB_ParsingEvent                       0x08003f64   Section        0  usb_module.o(i.USB_ParsingEvent)
    i.USB_PrintMsg                           0x08003f9c   Section        0  usb_module.o(i.USB_PrintMsg)
    i.USB_ReadInterrupts                     0x0800403c   Section        0  stm32f1xx_ll_usb.o(i.USB_ReadInterrupts)
    i.USB_ReadPMA                            0x08004044   Section        0  stm32f1xx_ll_usb.o(i.USB_ReadPMA)
    i.USB_SetCurrentMode                     0x08004062   Section        0  stm32f1xx_ll_usb.o(i.USB_SetCurrentMode)
    i.USB_SetDevAddress                      0x08004066   Section        0  stm32f1xx_ll_usb.o(i.USB_SetDevAddress)
    i.USB_TxMessage                          0x08004074   Section        0  usb_module.o(i.USB_TxMessage)
    i.USB_WritePMA                           0x08004118   Section        0  stm32f1xx_ll_usb.o(i.USB_WritePMA)
    i.UsageFault_Handler                     0x0800413e   Section        0  stm32f1xx_it.o(i.UsageFault_Handler)
    i.UserCmd_HandleATCommand                0x08004140   Section        0  usercmd.o(i.UserCmd_HandleATCommand)
    i.UserCmd_LBATCommand                    0x08004184   Section        0  usercmd.o(i.UserCmd_LBATCommand)
    i.UserCmd_ParsingATCommand               0x0800428c   Section        0  usercmd.o(i.UserCmd_ParsingATCommand)
    i.UserCmd_ParsingCmd                     0x080042f8   Section        0  usercmd.o(i.UserCmd_ParsingCmd)
    i.UserCmd_SystemUptimeCommand            0x08004364   Section        0  usercmd.o(i.UserCmd_SystemUptimeCommand)
    i.UserCmd_VersionCommand                 0x08004380   Section        0  usercmd.o(i.UserCmd_VersionCommand)
    i._Error_Handler                         0x08004404   Section        0  main.o(i._Error_Handler)
    i.__scatterload_copy                     0x08004406   Section       14  handlers.o(i.__scatterload_copy)
    i.__scatterload_null                     0x08004414   Section        2  handlers.o(i.__scatterload_null)
    i.__scatterload_zeroinit                 0x08004416   Section       14  handlers.o(i.__scatterload_zeroinit)
    i.free                                   0x08004424   Section        0  malloc.o(i.free)
    i.main                                   0x08004474   Section        0  main.o(i.main)
    i.malloc                                 0x080044b0   Section        0  malloc.o(i.malloc)
    .constdata                               0x0800451c   Section       16  system_stm32f1xx.o(.constdata)
    .data                                    0x20000000   Section       14  adc.o(.data)
    .data                                    0x2000000e   Section        6  key.o(.data)
    .data                                    0x20000014   Section        8  module.o(.data)
    .data                                    0x2000001c   Section       28  rtc.o(.data)
    .data                                    0x20000038   Section        4  ui.o(.data)
    .data                                    0x2000003c   Section       16  usb_module.o(.data)
    .data                                    0x2000004c   Section        1  usercmd.o(.data)
    .data                                    0x20000050   Section       28  usbd_desc.o(.data)
    .data                                    0x2000006c   Section       22  usbd_desc.o(.data)
    .data                                    0x20000084   Section       16  usbd_cdc_if.o(.data)
    .data                                    0x20000094   Section       12  power.o(.data)
    .data                                    0x200000a0   Section       12  stm32f1xx_hal.o(.data)
    .data                                    0x200000ac   Section        4  system_stm32f1xx.o(.data)
    .data                                    0x200000b0   Section        1  usbd_ctlreq.o(.data)
    cfgidx                                   0x200000b0   Data           1  usbd_ctlreq.o(.data)
    .data                                    0x200000b4   Section      219  usbd_cdc.o(.data)
    ifalt                                    0x200000b4   Data           1  usbd_cdc.o(.data)
    USBD_CDC_DeviceQualifierDesc             0x200000b8   Data          10  usbd_cdc.o(.data)
    .data                                    0x20000190   Section       56  usbd_cdc.o(.data)
    .data                                    0x200001c8   Section        4  mvars.o(.data)
    .data                                    0x200001cc   Section        4  mvars.o(.data)
    .bss                                     0x200001d0   Section      320  usb_module.o(.bss)
    .bss                                     0x20000310   Section      256  usercmd.o(.bss)
    .bss                                     0x20000410   Section      176  main.o(.bss)
    .bss                                     0x200004c0   Section      548  usb_device.o(.bss)
    .bss                                     0x200006e4   Section     1664  usbd_conf.o(.bss)
    mem                                      0x200006e4   Data         544  usbd_conf.o(.bss)
    .bss                                     0x20000d64   Section      512  usbd_desc.o(.bss)
    .bss                                     0x20000f64   Section     2000  usbd_cdc_if.o(.bss)
    HEAP                                     0x20001738   Section      512  startup_stm32f103xe.o(HEAP)
    STACK                                    0x20001938   Section     1024  startup_stm32f103xe.o(STACK)

    Global Symbols

    Symbol Name                              Value     Ov Type        Size  Object(Section)

    BuildAttributes$$THM_ISAv4$P$D$K$B$S$PE$A:L22UL41UL21$X:L11$S22US41US21$IEEE1$IW$USESV6$~STKCKD$USESV7$~SHL$OSPACE$ROPI$EBA8$MICROLIB$REQ8$PRES8$EABIv2 0x00000000   Number         0  anon$$obj.o ABSOLUTE
    __ARM_use_no_argv                        0x00000000   Number         0  main.o ABSOLUTE
    __cpp_initialize__aeabi_                  - Undefined Weak Reference
    __cxa_finalize                            - Undefined Weak Reference
    _clock_init                               - Undefined Weak Reference
    _microlib_exit                            - Undefined Weak Reference
    __Vectors_Size                           0x00000130   Number         0  startup_stm32f103xe.o ABSOLUTE
    __Vectors                                0x08000000   Data           4  startup_stm32f103xe.o(RESET)
    __Vectors_End                            0x08000130   Data           0  startup_stm32f103xe.o(RESET)
    __main                                   0x08000131   Thumb Code     0  entry.o(.ARM.Collect$$$$00000000)
    _main_stk                                0x08000131   Thumb Code     0  entry2.o(.ARM.Collect$$$$00000001)
    _main_scatterload                        0x08000135   Thumb Code     0  entry5.o(.ARM.Collect$$$$00000004)
    __main_after_scatterload                 0x08000139   Thumb Code     0  entry5.o(.ARM.Collect$$$$00000004)
    _main_clock                              0x08000139   Thumb Code     0  entry7b.o(.ARM.Collect$$$$00000008)
    _main_cpp_init                           0x08000139   Thumb Code     0  entry8b.o(.ARM.Collect$$$$0000000A)
    _main_init                               0x08000139   Thumb Code     0  entry9a.o(.ARM.Collect$$$$0000000B)
    __rt_final_cpp                           0x08000141   Thumb Code     0  entry10a.o(.ARM.Collect$$$$0000000D)
    __rt_final_exit                          0x08000141   Thumb Code     0  entry11a.o(.ARM.Collect$$$$0000000F)
    Reset_Handler                            0x08000145   Thumb Code     8  startup_stm32f103xe.o(.text)
    ADC3_IRQHandler                          0x0800015f   Thumb Code     0  startup_stm32f103xe.o(.text)
    CAN1_RX1_IRQHandler                      0x0800015f   Thumb Code     0  startup_stm32f103xe.o(.text)
    CAN1_SCE_IRQHandler                      0x0800015f   Thumb Code     0  startup_stm32f103xe.o(.text)
    DMA1_Channel1_IRQHandler                 0x0800015f   Thumb Code     0  startup_stm32f103xe.o(.text)
    DMA1_Channel2_IRQHandler                 0x0800015f   Thumb Code     0  startup_stm32f103xe.o(.text)
    DMA1_Channel3_IRQHandler                 0x0800015f   Thumb Code     0  startup_stm32f103xe.o(.text)
    DMA1_Channel4_IRQHandler                 0x0800015f   Thumb Code     0  startup_stm32f103xe.o(.text)
    DMA1_Channel5_IRQHandler                 0x0800015f   Thumb Code     0  startup_stm32f103xe.o(.text)
    DMA1_Channel6_IRQHandler                 0x0800015f   Thumb Code     0  startup_stm32f103xe.o(.text)
    DMA1_Channel7_IRQHandler                 0x0800015f   Thumb Code     0  startup_stm32f103xe.o(.text)
    DMA2_Channel1_IRQHandler                 0x0800015f   Thumb Code     0  startup_stm32f103xe.o(.text)
    DMA2_Channel2_IRQHandler                 0x0800015f   Thumb Code     0  startup_stm32f103xe.o(.text)
    DMA2_Channel3_IRQHandler                 0x0800015f   Thumb Code     0  startup_stm32f103xe.o(.text)
    DMA2_Channel4_5_IRQHandler               0x0800015f   Thumb Code     0  startup_stm32f103xe.o(.text)
    EXTI0_IRQHandler                         0x0800015f   Thumb Code     0  startup_stm32f103xe.o(.text)
    EXTI1_IRQHandler                         0x0800015f   Thumb Code     0  startup_stm32f103xe.o(.text)
    EXTI2_IRQHandler                         0x0800015f   Thumb Code     0  startup_stm32f103xe.o(.text)
    EXTI3_IRQHandler                         0x0800015f   Thumb Code     0  startup_stm32f103xe.o(.text)
    EXTI4_IRQHandler                         0x0800015f   Thumb Code     0  startup_stm32f103xe.o(.text)
    EXTI9_5_IRQHandler                       0x0800015f   Thumb Code     0  startup_stm32f103xe.o(.text)
    FLASH_IRQHandler                         0x0800015f   Thumb Code     0  startup_stm32f103xe.o(.text)
    FSMC_IRQHandler                          0x0800015f   Thumb Code     0  startup_stm32f103xe.o(.text)
    I2C1_ER_IRQHandler                       0x0800015f   Thumb Code     0  startup_stm32f103xe.o(.text)
    I2C1_EV_IRQHandler                       0x0800015f   Thumb Code     0  startup_stm32f103xe.o(.text)
    I2C2_ER_IRQHandler                       0x0800015f   Thumb Code     0  startup_stm32f103xe.o(.text)
    I2C2_EV_IRQHandler                       0x0800015f   Thumb Code     0  startup_stm32f103xe.o(.text)
    PVD_IRQHandler                           0x0800015f   Thumb Code     0  startup_stm32f103xe.o(.text)
    RCC_IRQHandler                           0x0800015f   Thumb Code     0  startup_stm32f103xe.o(.text)
    RTC_Alarm_IRQHandler                     0x0800015f   Thumb Code     0  startup_stm32f103xe.o(.text)
    RTC_IRQHandler                           0x0800015f   Thumb Code     0  startup_stm32f103xe.o(.text)
    SDIO_IRQHandler                          0x0800015f   Thumb Code     0  startup_stm32f103xe.o(.text)
    SPI1_IRQHandler                          0x0800015f   Thumb Code     0  startup_stm32f103xe.o(.text)
    SPI2_IRQHandler                          0x0800015f   Thumb Code     0  startup_stm32f103xe.o(.text)
    SPI3_IRQHandler                          0x0800015f   Thumb Code     0  startup_stm32f103xe.o(.text)
    TAMPER_IRQHandler                        0x0800015f   Thumb Code     0  startup_stm32f103xe.o(.text)
    TIM1_BRK_IRQHandler                      0x0800015f   Thumb Code     0  startup_stm32f103xe.o(.text)
    TIM1_CC_IRQHandler                       0x0800015f   Thumb Code     0  startup_stm32f103xe.o(.text)
    TIM1_TRG_COM_IRQHandler                  0x0800015f   Thumb Code     0  startup_stm32f103xe.o(.text)
    TIM1_UP_IRQHandler                       0x0800015f   Thumb Code     0  startup_stm32f103xe.o(.text)
    TIM4_IRQHandler                          0x0800015f   Thumb Code     0  startup_stm32f103xe.o(.text)
    TIM5_IRQHandler                          0x0800015f   Thumb Code     0  startup_stm32f103xe.o(.text)
    TIM6_IRQHandler                          0x0800015f   Thumb Code     0  startup_stm32f103xe.o(.text)
    TIM7_IRQHandler                          0x0800015f   Thumb Code     0  startup_stm32f103xe.o(.text)
    TIM8_BRK_IRQHandler                      0x0800015f   Thumb Code     0  startup_stm32f103xe.o(.text)
    TIM8_CC_IRQHandler                       0x0800015f   Thumb Code     0  startup_stm32f103xe.o(.text)
    TIM8_TRG_COM_IRQHandler                  0x0800015f   Thumb Code     0  startup_stm32f103xe.o(.text)
    TIM8_UP_IRQHandler                       0x0800015f   Thumb Code     0  startup_stm32f103xe.o(.text)
    UART4_IRQHandler                         0x0800015f   Thumb Code     0  startup_stm32f103xe.o(.text)
    UART5_IRQHandler                         0x0800015f   Thumb Code     0  startup_stm32f103xe.o(.text)
    USART1_IRQHandler                        0x0800015f   Thumb Code     0  startup_stm32f103xe.o(.text)
    USART2_IRQHandler                        0x0800015f   Thumb Code     0  startup_stm32f103xe.o(.text)
    USART3_IRQHandler                        0x0800015f   Thumb Code     0  startup_stm32f103xe.o(.text)
    USBWakeUp_IRQHandler                     0x0800015f   Thumb Code     0  startup_stm32f103xe.o(.text)
    USB_HP_CAN1_TX_IRQHandler                0x0800015f   Thumb Code     0  startup_stm32f103xe.o(.text)
    WWDG_IRQHandler                          0x0800015f   Thumb Code     0  startup_stm32f103xe.o(.text)
    __aeabi_llsr                             0x08000169   Thumb Code    32  llushr.o(.text)
    _ll_ushift_r                             0x08000169   Thumb Code     0  llushr.o(.text)
    __aeabi_memcpy                           0x08000189   Thumb Code    36  memcpya.o(.text)
    __aeabi_memcpy4                          0x08000189   Thumb Code     0  memcpya.o(.text)
    __aeabi_memcpy8                          0x08000189   Thumb Code     0  memcpya.o(.text)
    __aeabi_memset                           0x080001ad   Thumb Code    14  memseta.o(.text)
    __aeabi_memset4                          0x080001ad   Thumb Code     0  memseta.o(.text)
    __aeabi_memset8                          0x080001ad   Thumb Code     0  memseta.o(.text)
    __aeabi_memclr                           0x080001bb   Thumb Code     4  memseta.o(.text)
    __aeabi_memclr4                          0x080001bb   Thumb Code     0  memseta.o(.text)
    __aeabi_memclr8                          0x080001bb   Thumb Code     0  memseta.o(.text)
    _memset$wrapper                          0x080001bf   Thumb Code    18  memseta.o(.text)
    strcat                                   0x080001d1   Thumb Code    24  strcat.o(.text)
    strlen                                   0x080001e9   Thumb Code    14  strlen.o(.text)
    strcpy                                   0x080001f7   Thumb Code    18  strcpy.o(.text)
    __aeabi_dmul                             0x08000209   Thumb Code   228  dmul.o(.text)
    __aeabi_ui2d                             0x080002ed   Thumb Code    26  dfltui.o(.text)
    __aeabi_d2uiz                            0x08000307   Thumb Code    50  dfixui.o(.text)
    __I$use$fp                               0x08000339   Thumb Code     0  iusefp.o(.text)
    _double_round                            0x08000339   Thumb Code    30  depilogue.o(.text)
    _double_epilogue                         0x08000357   Thumb Code   156  depilogue.o(.text)
    __scatterload                            0x080003f5   Thumb Code    28  init.o(.text)
    __scatterload_rt2                        0x080003f5   Thumb Code     0  init.o(.text)
    __aeabi_llsl                             0x08000419   Thumb Code    30  llshl.o(.text)
    _ll_shift_l                              0x08000419   Thumb Code     0  llshl.o(.text)
    __decompress                             0x08000437   Thumb Code     0  __dczerorl2.o(.text)
    __decompress1                            0x08000437   Thumb Code    86  __dczerorl2.o(.text)
    ADC1_2_IRQHandler                        0x0800048d   Thumb Code    16  stm32f1xx_it.o(i.ADC1_2_IRQHandler)
    ADC_ConversionStop_Disable               0x080004a1   Thumb Code    76  stm32f1xx_hal_adc.o(i.ADC_ConversionStop_Disable)
    ADC_Enable                               0x080004ed   Thumb Code   104  stm32f1xx_hal_adc.o(i.ADC_Enable)
    ADC_Initialize                           0x0800055d   Thumb Code    10  adc.o(i.ADC_Initialize)
    ADC_InterruptHandler                     0x0800056d   Thumb Code    80  adc.o(i.ADC_InterruptHandler)
    ADCif_CloseADC                           0x080005c5   Thumb Code    14  adc.o(i.ADCif_CloseADC)
    ADCif_NewEventHandler                    0x080005dd   Thumb Code    68  adc.o(i.ADCif_NewEventHandler)
    ADCif_SampleADC                          0x08000625   Thumb Code    68  adc.o(i.ADCif_SampleADC)
    BusFault_Handler                         0x08000671   Thumb Code     2  stm32f1xx_it.o(i.BusFault_Handler)
    CDC_ISBUSY                               0x0800067d   Thumb Code    20  usbd_cdc_if.o(i.CDC_ISBUSY)
    CDC_Transmit_FS                          0x080006dd   Thumb Code    38  usbd_cdc_if.o(i.CDC_Transmit_FS)
    DebugMon_Handler                         0x08000709   Thumb Code     2  stm32f1xx_it.o(i.DebugMon_Handler)
    EXTI15_10_IRQHandler                     0x0800070b   Thumb Code    34  stm32f1xx_it.o(i.EXTI15_10_IRQHandler)
    FREE                                     0x0800072d   Thumb Code     4  utility.o(i.FREE)
    HAL_ADCEx_InjectedConvCpltCallback       0x08000731   Thumb Code     2  stm32f1xx_hal_adc_ex.o(i.HAL_ADCEx_InjectedConvCpltCallback)
    HAL_ADC_ConfigChannel                    0x08000735   Thumb Code   240  stm32f1xx_hal_adc.o(i.HAL_ADC_ConfigChannel)
    HAL_ADC_ConvCpltCallback                 0x08000831   Thumb Code     2  stm32f1xx_hal_adc.o(i.HAL_ADC_ConvCpltCallback)
    HAL_ADC_GetValue                         0x08000833   Thumb Code     6  stm32f1xx_hal_adc.o(i.HAL_ADC_GetValue)
    HAL_ADC_IRQHandler                       0x08000839   Thumb Code   230  stm32f1xx_hal_adc.o(i.HAL_ADC_IRQHandler)
    HAL_ADC_Init                             0x08000921   Thumb Code   276  stm32f1xx_hal_adc.o(i.HAL_ADC_Init)
    HAL_ADC_LevelOutOfWindowCallback         0x08000a45   Thumb Code     2  stm32f1xx_hal_adc.o(i.HAL_ADC_LevelOutOfWindowCallback)
    HAL_ADC_MspInit                          0x08000a49   Thumb Code    66  stm32f1xx_hal_msp.o(i.HAL_ADC_MspInit)
    HAL_ADC_Start_IT                         0x08000a99   Thumb Code   194  stm32f1xx_hal_adc.o(i.HAL_ADC_Start_IT)
    HAL_ADC_Stop_IT                          0x08000b65   Thumb Code    62  stm32f1xx_hal_adc.o(i.HAL_ADC_Stop_IT)
    HAL_GPIO_EXTI_Callback                   0x08000ba3   Thumb Code     2  stm32f1xx_hal_gpio.o(i.HAL_GPIO_EXTI_Callback)
    HAL_GPIO_EXTI_IRQHandler                 0x08000ba5   Thumb Code    18  stm32f1xx_hal_gpio.o(i.HAL_GPIO_EXTI_IRQHandler)
    HAL_GPIO_Init                            0x08000bbd   Thumb Code   446  stm32f1xx_hal_gpio.o(i.HAL_GPIO_Init)
    HAL_GPIO_ReadPin                         0x08000da5   Thumb Code    10  stm32f1xx_hal_gpio.o(i.HAL_GPIO_ReadPin)
    HAL_GPIO_WritePin                        0x08000daf   Thumb Code    10  stm32f1xx_hal_gpio.o(i.HAL_GPIO_WritePin)
    HAL_GetTick                              0x08000db9   Thumb Code     6  stm32f1xx_hal.o(i.HAL_GetTick)
    HAL_IncTick                              0x08000dc5   Thumb Code    12  stm32f1xx_hal.o(i.HAL_IncTick)
    HAL_Init                                 0x08000dd5   Thumb Code    32  stm32f1xx_hal.o(i.HAL_Init)
    HAL_InitTick                             0x08000df9   Thumb Code    54  stm32f1xx_hal.o(i.HAL_InitTick)
    HAL_MspInit                              0x08000e39   Thumb Code   134  stm32f1xx_hal_msp.o(i.HAL_MspInit)
    HAL_NVIC_EnableIRQ                       0x08000ec9   Thumb Code    22  stm32f1xx_hal_cortex.o(i.HAL_NVIC_EnableIRQ)
    HAL_NVIC_SetPriority                     0x08000ee1   Thumb Code    60  stm32f1xx_hal_cortex.o(i.HAL_NVIC_SetPriority)
    HAL_NVIC_SetPriorityGrouping             0x08000f21   Thumb Code    26  stm32f1xx_hal_cortex.o(i.HAL_NVIC_SetPriorityGrouping)
    HAL_PCDEx_PMAConfig                      0x08000f45   Thumb Code    52  stm32f1xx_hal_pcd_ex.o(i.HAL_PCDEx_PMAConfig)
    HAL_PCDEx_SetConnectionState             0x08000f79   Thumb Code     2  usbd_conf.o(i.HAL_PCDEx_SetConnectionState)
    HAL_PCD_DataInStageCallback              0x08000f7b   Thumb Code    14  usbd_conf.o(i.HAL_PCD_DataInStageCallback)
    HAL_PCD_DataOutStageCallback             0x08000f89   Thumb Code    16  usbd_conf.o(i.HAL_PCD_DataOutStageCallback)
    HAL_PCD_EP_Close                         0x08000f99   Thumb Code    64  stm32f1xx_hal_pcd.o(i.HAL_PCD_EP_Close)
    HAL_PCD_EP_ClrStall                      0x08000fd9   Thumb Code    72  stm32f1xx_hal_pcd.o(i.HAL_PCD_EP_ClrStall)
    HAL_PCD_EP_GetRxCount                    0x08001021   Thumb Code    16  stm32f1xx_hal_pcd.o(i.HAL_PCD_EP_GetRxCount)
    HAL_PCD_EP_Open                          0x08001031   Thumb Code    68  stm32f1xx_hal_pcd.o(i.HAL_PCD_EP_Open)
    HAL_PCD_EP_Receive                       0x08001075   Thumb Code    46  stm32f1xx_hal_pcd.o(i.HAL_PCD_EP_Receive)
    HAL_PCD_EP_SetStall                      0x080010a3   Thumb Code    86  stm32f1xx_hal_pcd.o(i.HAL_PCD_EP_SetStall)
    HAL_PCD_EP_Transmit                      0x080010f9   Thumb Code    42  stm32f1xx_hal_pcd.o(i.HAL_PCD_EP_Transmit)
    HAL_PCD_IRQHandler                       0x08001123   Thumb Code   268  stm32f1xx_hal_pcd.o(i.HAL_PCD_IRQHandler)
    HAL_PCD_Init                             0x08001231   Thumb Code   192  stm32f1xx_hal_pcd.o(i.HAL_PCD_Init)
    HAL_PCD_MspInit                          0x080012f1   Thumb Code    50  usbd_conf.o(i.HAL_PCD_MspInit)
    HAL_PCD_ResetCallback                    0x0800132d   Thumb Code    26  usbd_conf.o(i.HAL_PCD_ResetCallback)
    HAL_PCD_ResumeCallback                   0x08001347   Thumb Code     8  usbd_conf.o(i.HAL_PCD_ResumeCallback)
    HAL_PCD_SOFCallback                      0x0800134f   Thumb Code     8  usbd_conf.o(i.HAL_PCD_SOFCallback)
    HAL_PCD_SetAddress                       0x08001357   Thumb Code    40  stm32f1xx_hal_pcd.o(i.HAL_PCD_SetAddress)
    HAL_PCD_SetupStageCallback               0x0800137f   Thumb Code    14  usbd_conf.o(i.HAL_PCD_SetupStageCallback)
    HAL_PCD_Start                            0x0800138d   Thumb Code    50  stm32f1xx_hal_pcd.o(i.HAL_PCD_Start)
    HAL_PCD_SuspendCallback                  0x080013c1   Thumb Code    30  usbd_conf.o(i.HAL_PCD_SuspendCallback)
    HAL_RCCEx_PeriphCLKConfig                0x080013e5   Thumb Code   224  stm32f1xx_hal_rcc_ex.o(i.HAL_RCCEx_PeriphCLKConfig)
    HAL_RCC_ClockConfig                      0x080014d1   Thumb Code   322  stm32f1xx_hal_rcc.o(i.HAL_RCC_ClockConfig)
    HAL_RCC_GetHCLKFreq                      0x08001625   Thumb Code     6  stm32f1xx_hal_rcc.o(i.HAL_RCC_GetHCLKFreq)
    HAL_RCC_GetSysClockFreq                  0x08001631   Thumb Code    74  stm32f1xx_hal_rcc.o(i.HAL_RCC_GetSysClockFreq)
    HAL_RCC_OscConfig                        0x0800169d   Thumb Code   750  stm32f1xx_hal_rcc.o(i.HAL_RCC_OscConfig)
    HAL_SYSTICK_CLKSourceConfig              0x080019a1   Thumb Code    24  stm32f1xx_hal_cortex.o(i.HAL_SYSTICK_CLKSourceConfig)
    HAL_SYSTICK_Callback                     0x080019b9   Thumb Code     4  main.o(i.HAL_SYSTICK_Callback)
    HAL_SYSTICK_Config                       0x080019bd   Thumb Code    40  stm32f1xx_hal_cortex.o(i.HAL_SYSTICK_Config)
    HAL_SYSTICK_IRQHandler                   0x080019e5   Thumb Code     8  stm32f1xx_hal_cortex.o(i.HAL_SYSTICK_IRQHandler)
    HAL_TIMEx_BreakCallback                  0x080019ed   Thumb Code     2  stm32f1xx_hal_tim_ex.o(i.HAL_TIMEx_BreakCallback)
    HAL_TIMEx_CommutationCallback            0x080019ef   Thumb Code     2  stm32f1xx_hal_tim_ex.o(i.HAL_TIMEx_CommutationCallback)
    HAL_TIMEx_MasterConfigSynchronization    0x080019f1   Thumb Code    80  stm32f1xx_hal_tim_ex.o(i.HAL_TIMEx_MasterConfigSynchronization)
    HAL_TIM_Base_Init                        0x08001a41   Thumb Code    54  stm32f1xx_hal_tim.o(i.HAL_TIM_Base_Init)
    HAL_TIM_Base_MspInit                     0x08001a79   Thumb Code    86  stm32f1xx_hal_msp.o(i.HAL_TIM_Base_MspInit)
    HAL_TIM_Base_Start_IT                    0x08001ad9   Thumb Code    24  stm32f1xx_hal_tim.o(i.HAL_TIM_Base_Start_IT)
    HAL_TIM_Base_Stop_IT                     0x08001af1   Thumb Code    42  stm32f1xx_hal_tim.o(i.HAL_TIM_Base_Stop_IT)
    HAL_TIM_ConfigClockSource                0x08001b1b   Thumb Code   242  stm32f1xx_hal_tim.o(i.HAL_TIM_ConfigClockSource)
    HAL_TIM_IC_CaptureCallback               0x08001c0d   Thumb Code     2  stm32f1xx_hal_tim.o(i.HAL_TIM_IC_CaptureCallback)
    HAL_TIM_IRQHandler                       0x08001c0f   Thumb Code   358  stm32f1xx_hal_tim.o(i.HAL_TIM_IRQHandler)
    HAL_TIM_OC_DelayElapsedCallback          0x08001d75   Thumb Code     2  stm32f1xx_hal_tim.o(i.HAL_TIM_OC_DelayElapsedCallback)
    HAL_TIM_PWM_PulseFinishedCallback        0x08001d77   Thumb Code     2  stm32f1xx_hal_tim.o(i.HAL_TIM_PWM_PulseFinishedCallback)
    HAL_TIM_PeriodElapsedCallback            0x08001d79   Thumb Code     2  stm32f1xx_hal_tim.o(i.HAL_TIM_PeriodElapsedCallback)
    HAL_TIM_TriggerCallback                  0x08001d7b   Thumb Code     2  stm32f1xx_hal_tim.o(i.HAL_TIM_TriggerCallback)
    HardFault_Handler                        0x08001d7d   Thumb Code     2  stm32f1xx_it.o(i.HardFault_Handler)
    ItoStr                                   0x08001d7f   Thumb Code   104  utility.o(i.ItoStr)
    Key_DebounceInterruptHandler             0x08001de9   Thumb Code    42  key.o(i.Key_DebounceInterruptHandler)
    Key_FindKeyValue                         0x08001e1d   Thumb Code    22  key.o(i.Key_FindKeyValue)
    Key_GetKeyData                           0x08001e35   Thumb Code    42  key.o(i.Key_GetKeyData)
    Key_InitializeModule                     0x08001e65   Thumb Code    12  key.o(i.Key_InitializeModule)
    Key_ParseKey                             0x08001e75   Thumb Code    92  key.o(i.Key_ParseKey)
    Keyif_NewEventHandler                    0x08001ed9   Thumb Code    72  key.o(i.Keyif_NewEventHandler)
    MALLOC                                   0x08001f25   Thumb Code    10  utility.o(i.MALLOC)
    MX_USB_DEVICE_Init                       0x080020c1   Thumb Code    38  usb_device.o(i.MX_USB_DEVICE_Init)
    Main_SystemInitialize                    0x080020f9   Thumb Code    34  main.o(i.Main_SystemInitialize)
    MemManage_Handler                        0x0800211b   Thumb Code     2  stm32f1xx_it.o(i.MemManage_Handler)
    Module_AddSignal                         0x0800211d   Thumb Code    56  module.o(i.Module_AddSignal)
    Module_HandleSignal                      0x08002159   Thumb Code    50  module.o(i.Module_HandleSignal)
    Module_InitSignalQueue                   0x08002191   Thumb Code    22  module.o(i.Module_InitSignalQueue)
    Module_RemoveSignal                      0x080021ad   Thumb Code    18  module.o(i.Module_RemoveSignal)
    NMI_Handler                              0x080021c5   Thumb Code     2  stm32f1xx_it.o(i.NMI_Handler)
    PendSV_Handler                           0x08002549   Thumb Code     2  stm32f1xx_it.o(i.PendSV_Handler)
    Power_Initialize                         0x0800254d   Thumb Code    18  power.o(i.Power_Initialize)
    Power_SampleBatteryAlgorithm             0x08002565   Thumb Code   144  power.o(i.Power_SampleBatteryAlgorithm)
    Powerif_GetLowBatteryThreshold           0x0800260d   Thumb Code    48  power.o(i.Powerif_GetLowBatteryThreshold)
    Powerif_GetVoltageValue                  0x08002649   Thumb Code   106  power.o(i.Powerif_GetVoltageValue)
    Powerif_IsLowPowerState                  0x080026bd   Thumb Code    18  power.o(i.Powerif_IsLowPowerState)
    Powerif_SetBatteryValue                  0x080026d5   Thumb Code    54  power.o(i.Powerif_SetBatteryValue)
    Powerif_SetLowBatteryThreshold           0x08002711   Thumb Code     6  power.o(i.Powerif_SetLowBatteryThreshold)
    RTC_Initialize                           0x0800271d   Thumb Code    16  rtc.o(i.RTC_Initialize)
    RTC_TimeOutHandler                       0x08002731   Thumb Code    56  rtc.o(i.RTC_TimeOutHandler)
    RTC_TimerHandler                         0x0800276d   Thumb Code   100  rtc.o(i.RTC_TimerHandler)
    RTCif_GetLEDTimer                        0x080027d5   Thumb Code    12  rtc.o(i.RTCif_GetLEDTimer)
    RTCif_GetSystemUptime                    0x080027e5   Thumb Code     6  rtc.o(i.RTCif_GetSystemUptime)
    RTCif_SetBatterySampleTime               0x080027f1   Thumb Code     8  rtc.o(i.RTCif_SetBatterySampleTime)
    RTCif_SetHalfSecondTimeout               0x080027fd   Thumb Code    26  rtc.o(i.RTCif_SetHalfSecondTimeout)
    RTCif_SetLEDTimer                        0x0800281d   Thumb Code    36  rtc.o(i.RTCif_SetLEDTimer)
    RTCif_TimeSecondsToString                0x08002845   Thumb Code   134  rtc.o(i.RTCif_TimeSecondsToString)
    SVC_Handler                              0x080028d5   Thumb Code     2  stm32f1xx_it.o(i.SVC_Handler)
    StrCmpN                                  0x080028d7   Thumb Code    36  utility.o(i.StrCmpN)
    StrUpperCase                             0x080028fb   Thumb Code    54  utility.o(i.StrUpperCase)
    SysTick_Handler                          0x08002931   Thumb Code    14  stm32f1xx_it.o(i.SysTick_Handler)
    SystemClock_Config                       0x0800293f   Thumb Code   128  main.o(i.SystemClock_Config)
    SystemInit                               0x080029c1   Thumb Code    56  system_stm32f1xx.o(i.SystemInit)
    TIM2_IRQHandler                          0x08002a09   Thumb Code    16  stm32f1xx_it.o(i.TIM2_IRQHandler)
    TIM3_IRQHandler                          0x08002a1d   Thumb Code     6  stm32f1xx_it.o(i.TIM3_IRQHandler)
    TIM_Base_SetConfig                       0x08002a29   Thumb Code   120  stm32f1xx_hal_tim.o(i.TIM_Base_SetConfig)
    TS_Initialize                            0x08002b1f   Thumb Code     2  temperature.o(i.TS_Initialize)
    TSif_HandleSampleValue                   0x08002b21   Thumb Code    36  temperature.o(i.TSif_HandleSampleValue)
    UI_CheckBatteryHandler                   0x08002b4d   Thumb Code    84  ui.o(i.UI_CheckBatteryHandler)
    UI_InitializeModule                      0x08002ba5   Thumb Code    14  ui.o(i.UI_InitializeModule)
    UI_KeyHandler                            0x08002bb9   Thumb Code    18  ui.o(i.UI_KeyHandler)
    UI_SignalHandler                         0x08002bd1   Thumb Code    42  ui.o(i.UI_SignalHandler)
    UI_StopBlinkLED                          0x08002bfd   Thumb Code    40  ui.o(i.UI_StopBlinkLED)
    UIif_SetBlinkLED                         0x08002c29   Thumb Code    84  ui.o(i.UIif_SetBlinkLED)
    USBD_CDC_GetDeviceQualifierDescriptor    0x08002d29   Thumb Code     8  usbd_cdc.o(i.USBD_CDC_GetDeviceQualifierDescriptor)
    USBD_CDC_ReceivePacket                   0x08002de1   Thumb Code    40  usbd_cdc.o(i.USBD_CDC_ReceivePacket)
    USBD_CDC_RegisterInterface               0x08002e09   Thumb Code    16  usbd_cdc.o(i.USBD_CDC_RegisterInterface)
    USBD_CDC_SetRxBuffer                     0x08002e19   Thumb Code    12  usbd_cdc.o(i.USBD_CDC_SetRxBuffer)
    USBD_CDC_SetTxBuffer                     0x08002e25   Thumb Code    16  usbd_cdc.o(i.USBD_CDC_SetTxBuffer)
    USBD_CDC_TransmitPacket                  0x08002ea5   Thumb Code    48  usbd_cdc.o(i.USBD_CDC_TransmitPacket)
    USBD_ClrClassConfig                      0x08002ed5   Thumb Code    14  usbd_core.o(i.USBD_ClrClassConfig)
    USBD_CtlContinueRx                       0x08002ee3   Thumb Code    16  usbd_ioreq.o(i.USBD_CtlContinueRx)
    USBD_CtlContinueSendData                 0x08002ef3   Thumb Code    16  usbd_ioreq.o(i.USBD_CtlContinueSendData)
    USBD_CtlError                            0x08002f03   Thumb Code    22  usbd_ctlreq.o(i.USBD_CtlError)
    USBD_CtlPrepareRx                        0x08002f19   Thumb Code    30  usbd_ioreq.o(i.USBD_CtlPrepareRx)
    USBD_CtlReceiveStatus                    0x08002f37   Thumb Code    22  usbd_ioreq.o(i.USBD_CtlReceiveStatus)
    USBD_CtlSendData                         0x08002f4d   Thumb Code    26  usbd_ioreq.o(i.USBD_CtlSendData)
    USBD_CtlSendStatus                       0x08002f67   Thumb Code    22  usbd_ioreq.o(i.USBD_CtlSendStatus)
    USBD_FS_ConfigStrDescriptor              0x08002f7d   Thumb Code    16  usbd_desc.o(i.USBD_FS_ConfigStrDescriptor)
    USBD_FS_DeviceDescriptor                 0x08002f9d   Thumb Code     8  usbd_desc.o(i.USBD_FS_DeviceDescriptor)
    USBD_FS_InterfaceStrDescriptor           0x08002fa9   Thumb Code    16  usbd_desc.o(i.USBD_FS_InterfaceStrDescriptor)
    USBD_FS_LangIDStrDescriptor              0x08002fcd   Thumb Code     8  usbd_desc.o(i.USBD_FS_LangIDStrDescriptor)
    USBD_FS_ManufacturerStrDescriptor        0x08002fd9   Thumb Code    16  usbd_desc.o(i.USBD_FS_ManufacturerStrDescriptor)
    USBD_FS_ProductStrDescriptor             0x08003001   Thumb Code    16  usbd_desc.o(i.USBD_FS_ProductStrDescriptor)
    USBD_FS_SerialStrDescriptor              0x0800302d   Thumb Code    16  usbd_desc.o(i.USBD_FS_SerialStrDescriptor)
    USBD_GetString                           0x08003131   Thumb Code    70  usbd_ctlreq.o(i.USBD_GetString)
    USBD_Init                                0x08003177   Thumb Code    42  usbd_core.o(i.USBD_Init)
    USBD_LL_ClearStallEP                     0x080031a1   Thumb Code    32  usbd_conf.o(i.USBD_LL_ClearStallEP)
    USBD_LL_CloseEP                          0x080031c1   Thumb Code    32  usbd_conf.o(i.USBD_LL_CloseEP)
    USBD_LL_DataInStage                      0x080031e1   Thumb Code   170  usbd_core.o(i.USBD_LL_DataInStage)
    USBD_LL_DataOutStage                     0x0800328b   Thumb Code   106  usbd_core.o(i.USBD_LL_DataOutStage)
    USBD_LL_GetRxDataSize                    0x080032f5   Thumb Code     8  usbd_conf.o(i.USBD_LL_GetRxDataSize)
    USBD_LL_Init                             0x080032fd   Thumb Code   130  usbd_conf.o(i.USBD_LL_Init)
    USBD_LL_IsStallEP                        0x0800339d   Thumb Code    28  usbd_conf.o(i.USBD_LL_IsStallEP)
    USBD_LL_OpenEP                           0x080033b9   Thumb Code    38  usbd_conf.o(i.USBD_LL_OpenEP)
    USBD_LL_PrepareReceive                   0x080033df   Thumb Code    32  usbd_conf.o(i.USBD_LL_PrepareReceive)
    USBD_LL_Reset                            0x080033ff   Thumb Code    62  usbd_core.o(i.USBD_LL_Reset)
    USBD_LL_Resume                           0x0800343d   Thumb Code    12  usbd_core.o(i.USBD_LL_Resume)
    USBD_LL_SOF                              0x08003449   Thumb Code    24  usbd_core.o(i.USBD_LL_SOF)
    USBD_LL_SetSpeed                         0x08003461   Thumb Code     6  usbd_core.o(i.USBD_LL_SetSpeed)
    USBD_LL_SetUSBAddress                    0x08003467   Thumb Code    32  usbd_conf.o(i.USBD_LL_SetUSBAddress)
    USBD_LL_SetupStage                       0x08003487   Thumb Code    90  usbd_core.o(i.USBD_LL_SetupStage)
    USBD_LL_StallEP                          0x080034e1   Thumb Code    32  usbd_conf.o(i.USBD_LL_StallEP)
    USBD_LL_Start                            0x08003501   Thumb Code    32  usbd_conf.o(i.USBD_LL_Start)
    USBD_LL_Suspend                          0x08003521   Thumb Code    18  usbd_core.o(i.USBD_LL_Suspend)
    USBD_LL_Transmit                         0x08003533   Thumb Code    32  usbd_conf.o(i.USBD_LL_Transmit)
    USBD_ParseSetupRequest                   0x08003553   Thumb Code    40  usbd_ctlreq.o(i.USBD_ParseSetupRequest)
    USBD_RegisterClass                       0x0800357b   Thumb Code    16  usbd_core.o(i.USBD_RegisterClass)
    USBD_SetClassConfig                      0x0800358b   Thumb Code    22  usbd_core.o(i.USBD_SetClassConfig)
    USBD_Start                               0x08003615   Thumb Code    10  usbd_core.o(i.USBD_Start)
    USBD_StdDevReq                           0x0800361f   Thumb Code   242  usbd_ctlreq.o(i.USBD_StdDevReq)
    USBD_StdEPReq                            0x08003711   Thumb Code   220  usbd_ctlreq.o(i.USBD_StdEPReq)
    USBD_StdItfReq                           0x080037ed   Thumb Code    52  usbd_ctlreq.o(i.USBD_StdItfReq)
    USBD_static_free                         0x08003821   Thumb Code     2  usbd_conf.o(i.USBD_static_free)
    USBD_static_malloc                       0x08003825   Thumb Code     4  usbd_conf.o(i.USBD_static_malloc)
    USB_ActivateEndpoint                     0x0800382d   Thumb Code   604  stm32f1xx_ll_usb.o(i.USB_ActivateEndpoint)
    USB_CDC_ReceiveCallBack                  0x08003a89   Thumb Code    22  usb_module.o(i.USB_CDC_ReceiveCallBack)
    USB_CoreInit                             0x08003aa5   Thumb Code     4  stm32f1xx_ll_usb.o(i.USB_CoreInit)
    USB_DeactivateEndpoint                   0x08003aa9   Thumb Code   292  stm32f1xx_ll_usb.o(i.USB_DeactivateEndpoint)
    USB_DevConnect                           0x08003bcd   Thumb Code     4  stm32f1xx_ll_usb.o(i.USB_DevConnect)
    USB_DevDisconnect                        0x08003bd1   Thumb Code     4  stm32f1xx_ll_usb.o(i.USB_DevDisconnect)
    USB_DevInit                              0x08003bd5   Thumb Code    30  stm32f1xx_ll_usb.o(i.USB_DevInit)
    USB_DisableGlobalInt                     0x08003bf3   Thumb Code    14  stm32f1xx_ll_usb.o(i.USB_DisableGlobalInt)
    USB_EP0_OutStart                         0x08003c01   Thumb Code     4  stm32f1xx_ll_usb.o(i.USB_EP0_OutStart)
    USB_EPClearStall                         0x08003c05   Thumb Code   106  stm32f1xx_ll_usb.o(i.USB_EPClearStall)
    USB_EPSetStall                           0x08003c6f   Thumb Code    74  stm32f1xx_ll_usb.o(i.USB_EPSetStall)
    USB_EPStartXfer                          0x08003cb9   Thumb Code   426  stm32f1xx_ll_usb.o(i.USB_EPStartXfer)
    USB_EnableGlobalInt                      0x08003e63   Thumb Code    14  stm32f1xx_ll_usb.o(i.USB_EnableGlobalInt)
    USB_EventHandler                         0x08003e71   Thumb Code    56  usb_module.o(i.USB_EventHandler)
    USB_HandleUserCmdData                    0x08003eb1   Thumb Code   158  usb_module.o(i.USB_HandleUserCmdData)
    USB_LP_CAN1_RX0_IRQHandler               0x08003f59   Thumb Code     6  stm32f1xx_it.o(i.USB_LP_CAN1_RX0_IRQHandler)
    USB_ParsingEvent                         0x08003f65   Thumb Code    46  usb_module.o(i.USB_ParsingEvent)
    USB_PrintMsg                             0x08003f9d   Thumb Code   156  usb_module.o(i.USB_PrintMsg)
    USB_ReadInterrupts                       0x0800403d   Thumb Code     6  stm32f1xx_ll_usb.o(i.USB_ReadInterrupts)
    USB_ReadPMA                              0x08004045   Thumb Code    30  stm32f1xx_ll_usb.o(i.USB_ReadPMA)
    USB_SetCurrentMode                       0x08004063   Thumb Code     4  stm32f1xx_ll_usb.o(i.USB_SetCurrentMode)
    USB_SetDevAddress                        0x08004067   Thumb Code    12  stm32f1xx_ll_usb.o(i.USB_SetDevAddress)
    USB_TxMessage                            0x08004075   Thumb Code   156  usb_module.o(i.USB_TxMessage)
    USB_WritePMA                             0x08004119   Thumb Code    38  stm32f1xx_ll_usb.o(i.USB_WritePMA)
    UsageFault_Handler                       0x0800413f   Thumb Code     2  stm32f1xx_it.o(i.UsageFault_Handler)
    UserCmd_HandleATCommand                  0x08004141   Thumb Code    56  usercmd.o(i.UserCmd_HandleATCommand)
    UserCmd_LBATCommand                      0x08004185   Thumb Code   234  usercmd.o(i.UserCmd_LBATCommand)
    UserCmd_ParsingATCommand                 0x0800428d   Thumb Code    88  usercmd.o(i.UserCmd_ParsingATCommand)
    UserCmd_ParsingCmd                       0x080042f9   Thumb Code    86  usercmd.o(i.UserCmd_ParsingCmd)
    UserCmd_SystemUptimeCommand              0x08004365   Thumb Code    24  usercmd.o(i.UserCmd_SystemUptimeCommand)
    UserCmd_VersionCommand                   0x08004381   Thumb Code   108  usercmd.o(i.UserCmd_VersionCommand)
    _Error_Handler                           0x08004405   Thumb Code     2  main.o(i._Error_Handler)
    __scatterload_copy                       0x08004407   Thumb Code    14  handlers.o(i.__scatterload_copy)
    __scatterload_null                       0x08004415   Thumb Code     2  handlers.o(i.__scatterload_null)
    __scatterload_zeroinit                   0x08004417   Thumb Code    14  handlers.o(i.__scatterload_zeroinit)
    free                                     0x08004425   Thumb Code    76  malloc.o(i.free)
    main                                     0x08004475   Thumb Code    58  main.o(i.main)
    malloc                                   0x080044b1   Thumb Code    92  malloc.o(i.malloc)
    AHBPrescTable                            0x0800451c   Data          16  system_stm32f1xx.o(.constdata)
    Region$$Table$$Base                      0x0800452c   Number         0  anon$$obj.o(Region$$Table)
    Region$$Table$$Limit                     0x0800454c   Number         0  anon$$obj.o(Region$$Table)
    g_ADC_SampleFinish                       0x20000000   Data           1  adc.o(.data)
    g_ADC_Status                             0x20000001   Data           1  adc.o(.data)
    g_ADC_SampleTime                         0x20000002   Data           1  adc.o(.data)
    g_ADC_SampleType                         0x20000004   Data           2  adc.o(.data)
    g_ADC_SampleFinishType                   0x20000006   Data           2  adc.o(.data)
    g_ADC_SampleValue                        0x20000008   Data           6  adc.o(.data)
    g_Key_NewEvent                           0x2000000e   Data           1  key.o(.data)
    yTemp                                    0x2000000f   Data           1  key.o(.data)
    g_Key_State                              0x20000010   Data           4  key.o(.data)
    g_Module_SignalQueue                     0x20000014   Data           8  module.o(.data)
    g_RTC_HalfSecond                         0x2000001c   Data           1  rtc.o(.data)
    g_RTC_CurrentTime                        0x20000020   Data           4  rtc.o(.data)
    g_RTC_SystemUptime                       0x20000024   Data           4  rtc.o(.data)
    g_RTC_SystemTimer                        0x20000028   Data           5  rtc.o(.data)
    g_RTC_TimerFlag                          0x20000030   Data           8  rtc.o(.data)
    g_UI_Status                              0x20000038   Data           4  ui.o(.data)
    g_USB_MessageNumber                      0x2000003c   Data           1  usb_module.o(.data)
    g_USB_MessageHead                        0x20000040   Data           4  usb_module.o(.data)
    g_USB_State                              0x20000044   Data           8  usb_module.o(.data)
    g_UserCmd_SendType                       0x2000004c   Data           1  usercmd.o(.data)
    FS_Desc                                  0x20000050   Data          28  usbd_desc.o(.data)
    USBD_LangIDDesc                          0x2000006c   Data           4  usbd_desc.o(.data)
    USBD_FS_DeviceDesc                       0x20000070   Data          18  usbd_desc.o(.data)
    USBD_Interface_fops_FS                   0x20000084   Data          16  usbd_cdc_if.o(.data)
    g_Power_SampleCount                      0x20000094   Data           1  power.o(.data)
    g_Power_CurrentVoltage                   0x20000096   Data           2  power.o(.data)
    g_Power_LowBatteryThreshold              0x20000098   Data           2  power.o(.data)
    g_Power_TempBattery                      0x2000009a   Data           6  power.o(.data)
    uwTickFreq                               0x200000a0   Data           1  stm32f1xx_hal.o(.data)
    uwTickPrio                               0x200000a4   Data           4  stm32f1xx_hal.o(.data)
    uwTick                                   0x200000a8   Data           4  stm32f1xx_hal.o(.data)
    SystemCoreClock                          0x200000ac   Data           4  system_stm32f1xx.o(.data)
    USBD_CDC_CfgHSDesc                       0x200000c4   Data          67  usbd_cdc.o(.data)
    USBD_CDC_CfgFSDesc                       0x20000108   Data          67  usbd_cdc.o(.data)
    USBD_CDC_OtherSpeedCfgDesc               0x2000014c   Data          67  usbd_cdc.o(.data)
    USBD_CDC                                 0x20000190   Data          56  usbd_cdc.o(.data)
    __microlib_freelist                      0x200001c8   Data           4  mvars.o(.data)
    __microlib_freelist_initialised          0x200001cc   Data           4  mvars.o(.data)
    g_USB_UserCmd                            0x200001d0   Data         256  usb_module.o(.bss)
    g_USB_PrintOut                           0x200002d0   Data          64  usb_module.o(.bss)
    g_UserCmd_Response                       0x20000310   Data         256  usercmd.o(.bss)
    hadc1                                    0x20000410   Data          48  main.o(.bss)
    htim2                                    0x20000440   Data          64  main.o(.bss)
    htim3                                    0x20000480   Data          64  main.o(.bss)
    hUsbDeviceFS                             0x200004c0   Data         548  usb_device.o(.bss)
    hpcd_USB_FS                              0x20000904   Data        1120  usbd_conf.o(.bss)
    USBD_StrDesc                             0x20000d64   Data         512  usbd_desc.o(.bss)
    UserRxBufferFS                           0x20000f64   Data        1000  usbd_cdc_if.o(.bss)
    UserTxBufferFS                           0x2000134c   Data        1000  usbd_cdc_if.o(.bss)
    __heap_base                              0x20001738   Data           0  startup_stm32f103xe.o(HEAP)
    __heap_limit                             0x20001938   Data           0  startup_stm32f103xe.o(HEAP)
    __initial_sp                             0x20001d38   Data           0  startup_stm32f103xe.o(STACK)



==============================================================================

Memory Map of the image

  Image Entry point : 0x08000131

  Load Region LR_IROM1 (Base: 0x08000000, Size: 0x0000471c, Max: 0x00040000, ABSOLUTE, COMPRESSED[0x00004610])

    Execution Region ER_IROM1 (Base: 0x08000000, Size: 0x0000454c, Max: 0x00040000, ABSOLUTE)

    Base Addr    Size         Type   Attr      Idx    E Section Name        Object

    0x08000000   0x00000130   Data   RO            3    RESET               startup_stm32f103xe.o
    0x08000130   0x00000000   Code   RO         4437  * .ARM.Collect$$$$00000000  mc_w.l(entry.o)
    0x08000130   0x00000004   Code   RO         4488    .ARM.Collect$$$$00000001  mc_w.l(entry2.o)
    0x08000134   0x00000004   Code   RO         4491    .ARM.Collect$$$$00000004  mc_w.l(entry5.o)
    0x08000138   0x00000000   Code   RO         4493    .ARM.Collect$$$$00000008  mc_w.l(entry7b.o)
    0x08000138   0x00000000   Code   RO         4495    .ARM.Collect$$$$0000000A  mc_w.l(entry8b.o)
    0x08000138   0x00000008   Code   RO         4496    .ARM.Collect$$$$0000000B  mc_w.l(entry9a.o)
    0x08000140   0x00000000   Code   RO         4498    .ARM.Collect$$$$0000000D  mc_w.l(entry10a.o)
    0x08000140   0x00000000   Code   RO         4500    .ARM.Collect$$$$0000000F  mc_w.l(entry11a.o)
    0x08000140   0x00000004   Code   RO         4489    .ARM.Collect$$$$00002712  mc_w.l(entry2.o)
    0x08000144   0x00000024   Code   RO            4    .text               startup_stm32f103xe.o
    0x08000168   0x00000020   Code   RO         4440    .text               mc_w.l(llushr.o)
    0x08000188   0x00000024   Code   RO         4442    .text               mc_w.l(memcpya.o)
    0x080001ac   0x00000024   Code   RO         4444    .text               mc_w.l(memseta.o)
    0x080001d0   0x00000018   Code   RO         4446    .text               mc_w.l(strcat.o)
    0x080001e8   0x0000000e   Code   RO         4448    .text               mc_w.l(strlen.o)
    0x080001f6   0x00000012   Code   RO         4450    .text               mc_w.l(strcpy.o)
    0x08000208   0x000000e4   Code   RO         4482    .text               mf_w.l(dmul.o)
    0x080002ec   0x0000001a   Code   RO         4484    .text               mf_w.l(dfltui.o)
    0x08000306   0x00000032   Code   RO         4486    .text               mf_w.l(dfixui.o)
    0x08000338   0x00000000   Code   RO         4504    .text               mc_w.l(iusefp.o)
    0x08000338   0x000000ba   Code   RO         4505    .text               mf_w.l(depilogue.o)
    0x080003f2   0x00000002   PAD
    0x080003f4   0x00000024   Code   RO         4507    .text               mc_w.l(init.o)
    0x08000418   0x0000001e   Code   RO         4509    .text               mc_w.l(llshl.o)
    0x08000436   0x00000056   Code   RO         4519    .text               mc_w.l(__dczerorl2.o)
    0x0800048c   0x00000014   Code   RO         1212    i.ADC1_2_IRQHandler  stm32f1xx_it.o
    0x080004a0   0x0000004c   Code   RO         2005    i.ADC_ConversionStop_Disable  stm32f1xx_hal_adc.o
    0x080004ec   0x00000070   Code   RO         2009    i.ADC_Enable        stm32f1xx_hal_adc.o
    0x0800055c   0x00000010   Code   RO           13    i.ADC_Initialize    adc.o
    0x0800056c   0x00000058   Code   RO           14    i.ADC_InterruptHandler  adc.o
    0x080005c4   0x00000018   Code   RO           15    i.ADCif_CloseADC    adc.o
    0x080005dc   0x00000048   Code   RO           16    i.ADCif_NewEventHandler  adc.o
    0x08000624   0x0000004c   Code   RO           17    i.ADCif_SampleADC   adc.o
    0x08000670   0x00000002   Code   RO         1213    i.BusFault_Handler  stm32f1xx_it.o
    0x08000672   0x00000004   Code   RO         1154    i.CDC_Control_FS    usbd_cdc_if.o
    0x08000676   0x00000004   Code   RO         1155    i.CDC_DeInit_FS     usbd_cdc_if.o
    0x0800067a   0x00000002   PAD
    0x0800067c   0x00000018   Code   RO         1156    i.CDC_ISBUSY        usbd_cdc_if.o
    0x08000694   0x00000024   Code   RO         1157    i.CDC_Init_FS       usbd_cdc_if.o
    0x080006b8   0x00000024   Code   RO         1158    i.CDC_Receive_FS    usbd_cdc_if.o
    0x080006dc   0x0000002c   Code   RO         1159    i.CDC_Transmit_FS   usbd_cdc_if.o
    0x08000708   0x00000002   Code   RO         1214    i.DebugMon_Handler  stm32f1xx_it.o
    0x0800070a   0x00000022   Code   RO         1215    i.EXTI15_10_IRQHandler  stm32f1xx_it.o
    0x0800072c   0x00000004   Code   RO          658    i.FREE              utility.o
    0x08000730   0x00000002   Code   RO         2187    i.HAL_ADCEx_InjectedConvCpltCallback  stm32f1xx_hal_adc_ex.o
    0x08000732   0x00000002   PAD
    0x08000734   0x000000fc   Code   RO         2011    i.HAL_ADC_ConfigChannel  stm32f1xx_hal_adc.o
    0x08000830   0x00000002   Code   RO         2012    i.HAL_ADC_ConvCpltCallback  stm32f1xx_hal_adc.o
    0x08000832   0x00000006   Code   RO         2018    i.HAL_ADC_GetValue  stm32f1xx_hal_adc.o
    0x08000838   0x000000e6   Code   RO         2019    i.HAL_ADC_IRQHandler  stm32f1xx_hal_adc.o
    0x0800091e   0x00000002   PAD
    0x08000920   0x00000124   Code   RO         2020    i.HAL_ADC_Init      stm32f1xx_hal_adc.o
    0x08000a44   0x00000002   Code   RO         2021    i.HAL_ADC_LevelOutOfWindowCallback  stm32f1xx_hal_adc.o
    0x08000a46   0x00000002   PAD
    0x08000a48   0x00000050   Code   RO         1319    i.HAL_ADC_MspInit   stm32f1xx_hal_msp.o
    0x08000a98   0x000000cc   Code   RO         2028    i.HAL_ADC_Start_IT  stm32f1xx_hal_adc.o
    0x08000b64   0x0000003e   Code   RO         2031    i.HAL_ADC_Stop_IT   stm32f1xx_hal_adc.o
    0x08000ba2   0x00000002   Code   RO         3443    i.HAL_GPIO_EXTI_Callback  stm32f1xx_hal_gpio.o
    0x08000ba4   0x00000018   Code   RO         3444    i.HAL_GPIO_EXTI_IRQHandler  stm32f1xx_hal_gpio.o
    0x08000bbc   0x000001e8   Code   RO         3445    i.HAL_GPIO_Init     stm32f1xx_hal_gpio.o
    0x08000da4   0x0000000a   Code   RO         3447    i.HAL_GPIO_ReadPin  stm32f1xx_hal_gpio.o
    0x08000dae   0x0000000a   Code   RO         3449    i.HAL_GPIO_WritePin  stm32f1xx_hal_gpio.o
    0x08000db8   0x0000000c   Code   RO         3156    i.HAL_GetTick       stm32f1xx_hal.o
    0x08000dc4   0x00000010   Code   RO         3160    i.HAL_IncTick       stm32f1xx_hal.o
    0x08000dd4   0x00000024   Code   RO         3161    i.HAL_Init          stm32f1xx_hal.o
    0x08000df8   0x00000040   Code   RO         3162    i.HAL_InitTick      stm32f1xx_hal.o
    0x08000e38   0x00000090   Code   RO         1320    i.HAL_MspInit       stm32f1xx_hal_msp.o
    0x08000ec8   0x00000016   Code   RO         3605    i.HAL_NVIC_EnableIRQ  stm32f1xx_hal_cortex.o
    0x08000ede   0x00000002   PAD
    0x08000ee0   0x00000040   Code   RO         3611    i.HAL_NVIC_SetPriority  stm32f1xx_hal_cortex.o
    0x08000f20   0x00000024   Code   RO         3612    i.HAL_NVIC_SetPriorityGrouping  stm32f1xx_hal_cortex.o
    0x08000f44   0x00000034   Code   RO         1783    i.HAL_PCDEx_PMAConfig  stm32f1xx_hal_pcd_ex.o
    0x08000f78   0x00000002   Code   RO          879    i.HAL_PCDEx_SetConnectionState  usbd_conf.o
    0x08000f7a   0x0000000e   Code   RO          881    i.HAL_PCD_DataInStageCallback  usbd_conf.o
    0x08000f88   0x00000010   Code   RO          882    i.HAL_PCD_DataOutStageCallback  usbd_conf.o
    0x08000f98   0x00000040   Code   RO         1577    i.HAL_PCD_EP_Close  stm32f1xx_hal_pcd.o
    0x08000fd8   0x00000048   Code   RO         1578    i.HAL_PCD_EP_ClrStall  stm32f1xx_hal_pcd.o
    0x08001020   0x00000010   Code   RO         1580    i.HAL_PCD_EP_GetRxCount  stm32f1xx_hal_pcd.o
    0x08001030   0x00000044   Code   RO         1581    i.HAL_PCD_EP_Open   stm32f1xx_hal_pcd.o
    0x08001074   0x0000002e   Code   RO         1582    i.HAL_PCD_EP_Receive  stm32f1xx_hal_pcd.o
    0x080010a2   0x00000056   Code   RO         1583    i.HAL_PCD_EP_SetStall  stm32f1xx_hal_pcd.o
    0x080010f8   0x0000002a   Code   RO         1584    i.HAL_PCD_EP_Transmit  stm32f1xx_hal_pcd.o
    0x08001122   0x0000010c   Code   RO         1586    i.HAL_PCD_IRQHandler  stm32f1xx_hal_pcd.o
    0x0800122e   0x00000002   PAD
    0x08001230   0x000000c0   Code   RO         1589    i.HAL_PCD_Init      stm32f1xx_hal_pcd.o
    0x080012f0   0x0000003c   Code   RO          887    i.HAL_PCD_MspInit   usbd_conf.o
    0x0800132c   0x0000001a   Code   RO          888    i.HAL_PCD_ResetCallback  usbd_conf.o
    0x08001346   0x00000008   Code   RO          889    i.HAL_PCD_ResumeCallback  usbd_conf.o
    0x0800134e   0x00000008   Code   RO          890    i.HAL_PCD_SOFCallback  usbd_conf.o
    0x08001356   0x00000028   Code   RO         1595    i.HAL_PCD_SetAddress  stm32f1xx_hal_pcd.o
    0x0800137e   0x0000000e   Code   RO          891    i.HAL_PCD_SetupStageCallback  usbd_conf.o
    0x0800138c   0x00000032   Code   RO         1597    i.HAL_PCD_Start     stm32f1xx_hal_pcd.o
    0x080013be   0x00000002   PAD
    0x080013c0   0x00000024   Code   RO          892    i.HAL_PCD_SuspendCallback  usbd_conf.o
    0x080013e4   0x000000ec   Code   RO         3408    i.HAL_RCCEx_PeriphCLKConfig  stm32f1xx_hal_rcc_ex.o
    0x080014d0   0x00000154   Code   RO         3305    i.HAL_RCC_ClockConfig  stm32f1xx_hal_rcc.o
    0x08001624   0x0000000c   Code   RO         3310    i.HAL_RCC_GetHCLKFreq  stm32f1xx_hal_rcc.o
    0x08001630   0x0000006c   Code   RO         3314    i.HAL_RCC_GetSysClockFreq  stm32f1xx_hal_rcc.o
    0x0800169c   0x00000304   Code   RO         3317    i.HAL_RCC_OscConfig  stm32f1xx_hal_rcc.o
    0x080019a0   0x00000018   Code   RO         3614    i.HAL_SYSTICK_CLKSourceConfig  stm32f1xx_hal_cortex.o
    0x080019b8   0x00000004   Code   RO          771    i.HAL_SYSTICK_Callback  main.o
    0x080019bc   0x00000028   Code   RO         3616    i.HAL_SYSTICK_Config  stm32f1xx_hal_cortex.o
    0x080019e4   0x00000008   Code   RO         3617    i.HAL_SYSTICK_IRQHandler  stm32f1xx_hal_cortex.o
    0x080019ec   0x00000002   Code   RO         2912    i.HAL_TIMEx_BreakCallback  stm32f1xx_hal_tim_ex.o
    0x080019ee   0x00000002   Code   RO         2913    i.HAL_TIMEx_CommutationCallback  stm32f1xx_hal_tim_ex.o
    0x080019f0   0x00000050   Code   RO         2929    i.HAL_TIMEx_MasterConfigSynchronization  stm32f1xx_hal_tim_ex.o
    0x08001a40   0x00000036   Code   RO         2283    i.HAL_TIM_Base_Init  stm32f1xx_hal_tim.o
    0x08001a76   0x00000002   PAD
    0x08001a78   0x00000060   Code   RO         1322    i.HAL_TIM_Base_MspInit  stm32f1xx_hal_msp.o
    0x08001ad8   0x00000018   Code   RO         2288    i.HAL_TIM_Base_Start_IT  stm32f1xx_hal_tim.o
    0x08001af0   0x0000002a   Code   RO         2291    i.HAL_TIM_Base_Stop_IT  stm32f1xx_hal_tim.o
    0x08001b1a   0x000000f2   Code   RO         2292    i.HAL_TIM_ConfigClockSource  stm32f1xx_hal_tim.o
    0x08001c0c   0x00000002   Code   RO         2312    i.HAL_TIM_IC_CaptureCallback  stm32f1xx_hal_tim.o
    0x08001c0e   0x00000166   Code   RO         2325    i.HAL_TIM_IRQHandler  stm32f1xx_hal_tim.o
    0x08001d74   0x00000002   Code   RO         2328    i.HAL_TIM_OC_DelayElapsedCallback  stm32f1xx_hal_tim.o
    0x08001d76   0x00000002   Code   RO         2355    i.HAL_TIM_PWM_PulseFinishedCallback  stm32f1xx_hal_tim.o
    0x08001d78   0x00000002   Code   RO         2362    i.HAL_TIM_PeriodElapsedCallback  stm32f1xx_hal_tim.o
    0x08001d7a   0x00000002   Code   RO         2366    i.HAL_TIM_TriggerCallback  stm32f1xx_hal_tim.o
    0x08001d7c   0x00000002   Code   RO         1216    i.HardFault_Handler  stm32f1xx_it.o
    0x08001d7e   0x00000068   Code   RO          660    i.ItoStr            utility.o
    0x08001de6   0x00000002   PAD
    0x08001de8   0x00000034   Code   RO          201    i.Key_DebounceInterruptHandler  key.o
    0x08001e1c   0x00000016   Code   RO          202    i.Key_FindKeyValue  key.o
    0x08001e32   0x00000002   PAD
    0x08001e34   0x00000030   Code   RO          203    i.Key_GetKeyData    key.o
    0x08001e64   0x00000010   Code   RO          204    i.Key_InitializeModule  key.o
    0x08001e74   0x00000064   Code   RO          205    i.Key_ParseKey      key.o
    0x08001ed8   0x0000004c   Code   RO          208    i.Keyif_NewEventHandler  key.o
    0x08001f24   0x0000000a   Code   RO          661    i.MALLOC            utility.o
    0x08001f2e   0x00000002   PAD
    0x08001f30   0x00000044   Code   RO          772    i.MX_ADC1_Init      main.o
    0x08001f74   0x000000a0   Code   RO          773    i.MX_GPIO_Init      main.o
    0x08002014   0x00000054   Code   RO          774    i.MX_TIM2_Init      main.o
    0x08002068   0x00000058   Code   RO          775    i.MX_TIM3_Init      main.o
    0x080020c0   0x00000038   Code   RO          845    i.MX_USB_DEVICE_Init  usb_device.o
    0x080020f8   0x00000022   Code   RO          776    i.Main_SystemInitialize  main.o
    0x0800211a   0x00000002   Code   RO         1217    i.MemManage_Handler  stm32f1xx_it.o
    0x0800211c   0x0000003c   Code   RO          286    i.Module_AddSignal  module.o
    0x08002158   0x00000038   Code   RO          288    i.Module_HandleSignal  module.o
    0x08002190   0x0000001c   Code   RO          289    i.Module_InitSignalQueue  module.o
    0x080021ac   0x00000018   Code   RO          291    i.Module_RemoveSignal  module.o
    0x080021c4   0x00000002   Code   RO         1218    i.NMI_Handler       stm32f1xx_it.o
    0x080021c6   0x00000020   Code   RO         3618    i.NVIC_SetPriority  stm32f1xx_hal_cortex.o
    0x080021e6   0x00000362   Code   RO         1600    i.PCD_EP_ISR_Handler  stm32f1xx_hal_pcd.o
    0x08002548   0x00000002   Code   RO         1219    i.PendSV_Handler    stm32f1xx_it.o
    0x0800254a   0x00000002   PAD
    0x0800254c   0x00000018   Code   RO         1466    i.Power_Initialize  power.o
    0x08002564   0x000000a8   Code   RO         1467    i.Power_SampleBatteryAlgorithm  power.o
    0x0800260c   0x0000003c   Code   RO         1468    i.Powerif_GetLowBatteryThreshold  power.o
    0x08002648   0x00000074   Code   RO         1469    i.Powerif_GetVoltageValue  power.o
    0x080026bc   0x00000018   Code   RO         1470    i.Powerif_IsLowPowerState  power.o
    0x080026d4   0x0000003c   Code   RO         1471    i.Powerif_SetBatteryValue  power.o
    0x08002710   0x0000000c   Code   RO         1472    i.Powerif_SetLowBatteryThreshold  power.o
    0x0800271c   0x00000014   Code   RO          344    i.RTC_Initialize    rtc.o
    0x08002730   0x0000003c   Code   RO          346    i.RTC_TimeOutHandler  rtc.o
    0x0800276c   0x00000068   Code   RO          347    i.RTC_TimerHandler  rtc.o
    0x080027d4   0x00000010   Code   RO          348    i.RTCif_GetLEDTimer  rtc.o
    0x080027e4   0x0000000c   Code   RO          349    i.RTCif_GetSystemUptime  rtc.o
    0x080027f0   0x0000000c   Code   RO          350    i.RTCif_SetBatterySampleTime  rtc.o
    0x080027fc   0x00000020   Code   RO          351    i.RTCif_SetHalfSecondTimeout  rtc.o
    0x0800281c   0x00000028   Code   RO          352    i.RTCif_SetLEDTimer  rtc.o
    0x08002844   0x00000090   Code   RO          353    i.RTCif_TimeSecondsToString  rtc.o
    0x080028d4   0x00000002   Code   RO         1220    i.SVC_Handler       stm32f1xx_it.o
    0x080028d6   0x00000024   Code   RO          666    i.StrCmpN           utility.o
    0x080028fa   0x00000036   Code   RO          668    i.StrUpperCase      utility.o
    0x08002930   0x0000000e   Code   RO         1221    i.SysTick_Handler   stm32f1xx_it.o
    0x0800293e   0x00000080   Code   RO          777    i.SystemClock_Config  main.o
    0x080029be   0x00000002   PAD
    0x080029c0   0x00000048   Code   RO         4034    i.SystemInit        system_stm32f1xx.o
    0x08002a08   0x00000014   Code   RO         1222    i.TIM2_IRQHandler   stm32f1xx_it.o
    0x08002a1c   0x0000000c   Code   RO         1223    i.TIM3_IRQHandler   stm32f1xx_it.o
    0x08002a28   0x0000008c   Code   RO         2367    i.TIM_Base_SetConfig  stm32f1xx_hal_tim.o
    0x08002ab4   0x00000014   Code   RO         2374    i.TIM_ETR_SetConfig  stm32f1xx_hal_tim.o
    0x08002ac8   0x00000010   Code   RO         2375    i.TIM_ITRx_SetConfig  stm32f1xx_hal_tim.o
    0x08002ad8   0x00000022   Code   RO         2381    i.TIM_TI1_ConfigInputStage  stm32f1xx_hal_tim.o
    0x08002afa   0x00000024   Code   RO         2383    i.TIM_TI2_ConfigInputStage  stm32f1xx_hal_tim.o
    0x08002b1e   0x00000002   Code   RO         1366    i.TS_Initialize     temperature.o
    0x08002b20   0x0000002c   Code   RO         1372    i.TSif_HandleSampleValue  temperature.o
    0x08002b4c   0x00000058   Code   RO          429    i.UI_CheckBatteryHandler  ui.o
    0x08002ba4   0x00000014   Code   RO          430    i.UI_InitializeModule  ui.o
    0x08002bb8   0x00000018   Code   RO          431    i.UI_KeyHandler     ui.o
    0x08002bd0   0x0000002a   Code   RO          432    i.UI_SignalHandler  ui.o
    0x08002bfa   0x00000002   PAD
    0x08002bfc   0x0000002c   Code   RO          433    i.UI_StopBlinkLED   ui.o
    0x08002c28   0x0000005c   Code   RO          434    i.UIif_SetBlinkLED  ui.o
    0x08002c84   0x00000014   Code   RO         4334    i.USBD_CDC_DataIn   usbd_cdc.o
    0x08002c98   0x0000002e   Code   RO         4335    i.USBD_CDC_DataOut  usbd_cdc.o
    0x08002cc6   0x0000003c   Code   RO         4336    i.USBD_CDC_DeInit   usbd_cdc.o
    0x08002d02   0x00000024   Code   RO         4337    i.USBD_CDC_EP0_RxReady  usbd_cdc.o
    0x08002d26   0x00000002   PAD
    0x08002d28   0x0000000c   Code   RO         4338    i.USBD_CDC_GetDeviceQualifierDescriptor  usbd_cdc.o
    0x08002d34   0x0000000c   Code   RO         4339    i.USBD_CDC_GetFSCfgDesc  usbd_cdc.o
    0x08002d40   0x0000000c   Code   RO         4340    i.USBD_CDC_GetHSCfgDesc  usbd_cdc.o
    0x08002d4c   0x0000000c   Code   RO         4341    i.USBD_CDC_GetOtherSpeedCfgDesc  usbd_cdc.o
    0x08002d58   0x00000088   Code   RO         4342    i.USBD_CDC_Init     usbd_cdc.o
    0x08002de0   0x00000028   Code   RO         4343    i.USBD_CDC_ReceivePacket  usbd_cdc.o
    0x08002e08   0x00000010   Code   RO         4344    i.USBD_CDC_RegisterInterface  usbd_cdc.o
    0x08002e18   0x0000000c   Code   RO         4345    i.USBD_CDC_SetRxBuffer  usbd_cdc.o
    0x08002e24   0x00000010   Code   RO         4346    i.USBD_CDC_SetTxBuffer  usbd_cdc.o
    0x08002e34   0x00000070   Code   RO         4347    i.USBD_CDC_Setup    usbd_cdc.o
    0x08002ea4   0x00000030   Code   RO         4348    i.USBD_CDC_TransmitPacket  usbd_cdc.o
    0x08002ed4   0x0000000e   Code   RO         4071    i.USBD_ClrClassConfig  usbd_core.o
    0x08002ee2   0x00000010   Code   RO         4274    i.USBD_CtlContinueRx  usbd_ioreq.o
    0x08002ef2   0x00000010   Code   RO         4275    i.USBD_CtlContinueSendData  usbd_ioreq.o
    0x08002f02   0x00000016   Code   RO         4209    i.USBD_CtlError     usbd_ctlreq.o
    0x08002f18   0x0000001e   Code   RO         4276    i.USBD_CtlPrepareRx  usbd_ioreq.o
    0x08002f36   0x00000016   Code   RO         4277    i.USBD_CtlReceiveStatus  usbd_ioreq.o
    0x08002f4c   0x0000001a   Code   RO         4278    i.USBD_CtlSendData  usbd_ioreq.o
    0x08002f66   0x00000016   Code   RO         4279    i.USBD_CtlSendStatus  usbd_ioreq.o
    0x08002f7c   0x00000020   Code   RO         1086    i.USBD_FS_ConfigStrDescriptor  usbd_desc.o
    0x08002f9c   0x0000000c   Code   RO         1087    i.USBD_FS_DeviceDescriptor  usbd_desc.o
    0x08002fa8   0x00000024   Code   RO         1088    i.USBD_FS_InterfaceStrDescriptor  usbd_desc.o
    0x08002fcc   0x0000000c   Code   RO         1089    i.USBD_FS_LangIDStrDescriptor  usbd_desc.o
    0x08002fd8   0x00000028   Code   RO         1090    i.USBD_FS_ManufacturerStrDescriptor  usbd_desc.o
    0x08003000   0x0000002c   Code   RO         1091    i.USBD_FS_ProductStrDescriptor  usbd_desc.o
    0x0800302c   0x00000024   Code   RO         1092    i.USBD_FS_SerialStrDescriptor  usbd_desc.o
    0x08003050   0x000000e0   Code   RO         4210    i.USBD_GetDescriptor  usbd_ctlreq.o
    0x08003130   0x00000046   Code   RO         4211    i.USBD_GetString    usbd_ctlreq.o
    0x08003176   0x0000002a   Code   RO         4073    i.USBD_Init         usbd_core.o
    0x080031a0   0x00000020   Code   RO          893    i.USBD_LL_ClearStallEP  usbd_conf.o
    0x080031c0   0x00000020   Code   RO          894    i.USBD_LL_CloseEP   usbd_conf.o
    0x080031e0   0x000000aa   Code   RO         4074    i.USBD_LL_DataInStage  usbd_core.o
    0x0800328a   0x0000006a   Code   RO         4075    i.USBD_LL_DataOutStage  usbd_core.o
    0x080032f4   0x00000008   Code   RO          898    i.USBD_LL_GetRxDataSize  usbd_conf.o
    0x080032fc   0x000000a0   Code   RO          899    i.USBD_LL_Init      usbd_conf.o
    0x0800339c   0x0000001c   Code   RO          900    i.USBD_LL_IsStallEP  usbd_conf.o
    0x080033b8   0x00000026   Code   RO          901    i.USBD_LL_OpenEP    usbd_conf.o
    0x080033de   0x00000020   Code   RO          902    i.USBD_LL_PrepareReceive  usbd_conf.o
    0x080033fe   0x0000003e   Code   RO         4080    i.USBD_LL_Reset     usbd_core.o
    0x0800343c   0x0000000c   Code   RO         4081    i.USBD_LL_Resume    usbd_core.o
    0x08003448   0x00000018   Code   RO         4082    i.USBD_LL_SOF       usbd_core.o
    0x08003460   0x00000006   Code   RO         4083    i.USBD_LL_SetSpeed  usbd_core.o
    0x08003466   0x00000020   Code   RO          903    i.USBD_LL_SetUSBAddress  usbd_conf.o
    0x08003486   0x0000005a   Code   RO         4084    i.USBD_LL_SetupStage  usbd_core.o
    0x080034e0   0x00000020   Code   RO          904    i.USBD_LL_StallEP   usbd_conf.o
    0x08003500   0x00000020   Code   RO          905    i.USBD_LL_Start     usbd_conf.o
    0x08003520   0x00000012   Code   RO         4085    i.USBD_LL_Suspend   usbd_core.o
    0x08003532   0x00000020   Code   RO          907    i.USBD_LL_Transmit  usbd_conf.o
    0x08003552   0x00000028   Code   RO         4212    i.USBD_ParseSetupRequest  usbd_ctlreq.o
    0x0800357a   0x00000010   Code   RO         4086    i.USBD_RegisterClass  usbd_core.o
    0x0800358a   0x00000016   Code   RO         4088    i.USBD_SetClassConfig  usbd_core.o
    0x080035a0   0x00000074   Code   RO         4213    i.USBD_SetConfig    usbd_ctlreq.o
    0x08003614   0x0000000a   Code   RO         4089    i.USBD_Start        usbd_core.o
    0x0800361e   0x000000f2   Code   RO         4214    i.USBD_StdDevReq    usbd_ctlreq.o
    0x08003710   0x000000dc   Code   RO         4215    i.USBD_StdEPReq     usbd_ctlreq.o
    0x080037ec   0x00000034   Code   RO         4216    i.USBD_StdItfReq    usbd_ctlreq.o
    0x08003820   0x00000002   Code   RO          908    i.USBD_static_free  usbd_conf.o
    0x08003822   0x00000002   PAD
    0x08003824   0x00000008   Code   RO          909    i.USBD_static_malloc  usbd_conf.o
    0x0800382c   0x0000025c   Code   RO         1813    i.USB_ActivateEndpoint  stm32f1xx_ll_usb.o
    0x08003a88   0x0000001c   Code   RO          494    i.USB_CDC_ReceiveCallBack  usb_module.o
    0x08003aa4   0x00000004   Code   RO         1816    i.USB_CoreInit      stm32f1xx_ll_usb.o
    0x08003aa8   0x00000124   Code   RO         1818    i.USB_DeactivateEndpoint  stm32f1xx_ll_usb.o
    0x08003bcc   0x00000004   Code   RO         1819    i.USB_DevConnect    stm32f1xx_ll_usb.o
    0x08003bd0   0x00000004   Code   RO         1820    i.USB_DevDisconnect  stm32f1xx_ll_usb.o
    0x08003bd4   0x0000001e   Code   RO         1821    i.USB_DevInit       stm32f1xx_ll_usb.o
    0x08003bf2   0x0000000e   Code   RO         1822    i.USB_DisableGlobalInt  stm32f1xx_ll_usb.o
    0x08003c00   0x00000004   Code   RO         1823    i.USB_EP0_OutStart  stm32f1xx_ll_usb.o
    0x08003c04   0x0000006a   Code   RO         1824    i.USB_EPClearStall  stm32f1xx_ll_usb.o
    0x08003c6e   0x0000004a   Code   RO         1825    i.USB_EPSetStall    stm32f1xx_ll_usb.o
    0x08003cb8   0x000001aa   Code   RO         1826    i.USB_EPStartXfer   stm32f1xx_ll_usb.o
    0x08003e62   0x0000000e   Code   RO         1827    i.USB_EnableGlobalInt  stm32f1xx_ll_usb.o
    0x08003e70   0x00000040   Code   RO          495    i.USB_EventHandler  usb_module.o
    0x08003eb0   0x000000a8   Code   RO          496    i.USB_HandleUserCmdData  usb_module.o
    0x08003f58   0x0000000c   Code   RO         1224    i.USB_LP_CAN1_RX0_IRQHandler  stm32f1xx_it.o
    0x08003f64   0x00000038   Code   RO          498    i.USB_ParsingEvent  usb_module.o
    0x08003f9c   0x000000a0   Code   RO          499    i.USB_PrintMsg      usb_module.o
    0x0800403c   0x00000006   Code   RO         1834    i.USB_ReadInterrupts  stm32f1xx_ll_usb.o
    0x08004042   0x00000002   PAD
    0x08004044   0x0000001e   Code   RO         1835    i.USB_ReadPMA       stm32f1xx_ll_usb.o
    0x08004062   0x00000004   Code   RO         1837    i.USB_SetCurrentMode  stm32f1xx_ll_usb.o
    0x08004066   0x0000000c   Code   RO         1838    i.USB_SetDevAddress  stm32f1xx_ll_usb.o
    0x08004072   0x00000002   PAD
    0x08004074   0x000000a4   Code   RO          500    i.USB_TxMessage     usb_module.o
    0x08004118   0x00000026   Code   RO         1840    i.USB_WritePMA      stm32f1xx_ll_usb.o
    0x0800413e   0x00000002   Code   RO         1225    i.UsageFault_Handler  stm32f1xx_it.o
    0x08004140   0x00000044   Code   RO          595    i.UserCmd_HandleATCommand  usercmd.o
    0x08004184   0x00000108   Code   RO          596    i.UserCmd_LBATCommand  usercmd.o
    0x0800428c   0x0000006c   Code   RO          597    i.UserCmd_ParsingATCommand  usercmd.o
    0x080042f8   0x0000006c   Code   RO          598    i.UserCmd_ParsingCmd  usercmd.o
    0x08004364   0x0000001c   Code   RO          599    i.UserCmd_SystemUptimeCommand  usercmd.o
    0x08004380   0x00000084   Code   RO          600    i.UserCmd_VersionCommand  usercmd.o
    0x08004404   0x00000002   Code   RO          778    i._Error_Handler    main.o
    0x08004406   0x0000000e   Code   RO         4513    i.__scatterload_copy  mc_w.l(handlers.o)
    0x08004414   0x00000002   Code   RO         4514    i.__scatterload_null  mc_w.l(handlers.o)
    0x08004416   0x0000000e   Code   RO         4515    i.__scatterload_zeroinit  mc_w.l(handlers.o)
    0x08004424   0x00000050   Code   RO         4454    i.free              mc_w.l(malloc.o)
    0x08004474   0x0000003a   Code   RO          779    i.main              main.o
    0x080044ae   0x00000002   PAD
    0x080044b0   0x0000006c   Code   RO         4455    i.malloc            mc_w.l(malloc.o)
    0x0800451c   0x00000010   Data   RO         4035    .constdata          system_stm32f1xx.o
    0x0800452c   0x00000020   Data   RO         4511    Region$$Table       anon$$obj.o


    Execution Region RW_IRAM1 (Base: 0x20000000, Size: 0x00001d38, Max: 0x0000c000, ABSOLUTE, COMPRESSED[0x000000c4])

    Base Addr    Size         Type   Attr      Idx    E Section Name        Object

    0x20000000   0x0000000e   Data   RW           19    .data               adc.o
    0x2000000e   0x00000006   Data   RW          211    .data               key.o
    0x20000014   0x00000008   Data   RW          293    .data               module.o
    0x2000001c   0x0000001c   Data   RW          354    .data               rtc.o
    0x20000038   0x00000004   Data   RW          435    .data               ui.o
    0x2000003c   0x00000010   Data   RW          507    .data               usb_module.o
    0x2000004c   0x00000001   Data   RW          603    .data               usercmd.o
    0x2000004d   0x00000003   PAD
    0x20000050   0x0000001c   Data   RW         1094    .data               usbd_desc.o
    0x2000006c   0x00000016   Data   RW         1095    .data               usbd_desc.o
    0x20000082   0x00000002   PAD
    0x20000084   0x00000010   Data   RW         1161    .data               usbd_cdc_if.o
    0x20000094   0x0000000c   Data   RW         1475    .data               power.o
    0x200000a0   0x0000000c   Data   RW         3168    .data               stm32f1xx_hal.o
    0x200000ac   0x00000004   Data   RW         4037    .data               system_stm32f1xx.o
    0x200000b0   0x00000001   Data   RW         4217    .data               usbd_ctlreq.o
    0x200000b1   0x00000003   PAD
    0x200000b4   0x000000db   Data   RW         4349    .data               usbd_cdc.o
    0x2000018f   0x00000001   PAD
    0x20000190   0x00000038   Data   RW         4350    .data               usbd_cdc.o
    0x200001c8   0x00000004   Data   RW         4502    .data               mc_w.l(mvars.o)
    0x200001cc   0x00000004   Data   RW         4503    .data               mc_w.l(mvars.o)
    0x200001d0   0x00000140   Zero   RW          502    .bss                usb_module.o
    0x20000310   0x00000100   Zero   RW          601    .bss                usercmd.o
    0x20000410   0x000000b0   Zero   RW          780    .bss                main.o
    0x200004c0   0x00000224   Zero   RW          846    .bss                usb_device.o
    0x200006e4   0x00000680   Zero   RW          910    .bss                usbd_conf.o
    0x20000d64   0x00000200   Zero   RW         1093    .bss                usbd_desc.o
    0x20000f64   0x000007d0   Zero   RW         1160    .bss                usbd_cdc_if.o
    0x20001734   0x00000004   PAD
    0x20001738   0x00000200   Zero   RW            2    HEAP                startup_stm32f103xe.o
    0x20001938   0x00000400   Zero   RW            1    STACK               startup_stm32f103xe.o


==============================================================================

Image component sizes


      Code (inc. data)   RO Data    RW Data    ZI Data      Debug   Object Name

       276         36          0         14          0     511338   adc.o
       314         32          0          6          0       3887   key.o
       626         40          0          0        176       5674   main.o
       168         22          0          8          0       2856   module.o
       464         70          0         12          0       4551   power.o
       440         46          0         28          0       5329   rtc.o
        36          8        304          0       1536        788   startup_stm32f103xe.o
       128         24          0         12          0       3141   stm32f1xx_hal.o
      1238         46          0          0          0       7828   stm32f1xx_hal_adc.o
         2          0          0          0          0       1025   stm32f1xx_hal_adc_ex.o
       226         14          0          0          0      26754   stm32f1xx_hal_cortex.o
       534         48          0          0          0       4535   stm32f1xx_hal_gpio.o
       320         34          0          0          0       2131   stm32f1xx_hal_msp.o
      1810          0          0          0          0       9817   stm32f1xx_hal_pcd.o
        52          0          0          0          0       1142   stm32f1xx_hal_pcd_ex.o
      1232         80          0          0          0       4434   stm32f1xx_hal_rcc.o
       236         12          0          0          0       1352   stm32f1xx_hal_rcc_ex.o
       976         20          0          0          0      10306   stm32f1xx_hal_tim.o
        84          0          0          0          0       2266   stm32f1xx_hal_tim_ex.o
       128         20          0          0          0       5894   stm32f1xx_it.o
      1666          0          0          0          0      12335   stm32f1xx_ll_usb.o
        72         16         16          4          0       1115   system_stm32f1xx.o
        46          8          0          0          0        925   temperature.o
       310         28          0          4          0       3691   ui.o
        56         18          0          0        548        676   usb_device.o
       640         46          0         16        320      11242   usb_module.o
       590         22          0        275          0      12366   usbd_cdc.o
       148         26          0         16       2000       3617   usbd_cdc_if.o
       652         50          0          0       1664      12753   usbd_conf.o
       592          0          0          0          0       8932   usbd_core.o
       986         30          0          1          0       7596   usbd_ctlreq.o
       212        116          0         50        512       4771   usbd_desc.o
       132          0          0          0          0       4212   usbd_ioreq.o
       708        112          0          1        256       4907   usercmd.o
       208          0          0          0          0       2982   utility.o

    ----------------------------------------------------------------------
     16346       1024        352        456       7016     707168   Object Totals
         0          0         32          0          0          0   (incl. Generated)
        38          0          0          9          4          0   (incl. Padding)

    ----------------------------------------------------------------------

      Code (inc. data)   RO Data    RW Data    ZI Data      Debug   Library Member Name

        86          0          0          0          0          0   __dczerorl2.o
         0          0          0          0          0          0   entry.o
         0          0          0          0          0          0   entry10a.o
         0          0          0          0          0          0   entry11a.o
         8          4          0          0          0          0   entry2.o
         4          0          0          0          0          0   entry5.o
         0          0          0          0          0          0   entry7b.o
         0          0          0          0          0          0   entry8b.o
         8          4          0          0          0          0   entry9a.o
        30          0          0          0          0          0   handlers.o
        36          8          0          0          0         68   init.o
         0          0          0          0          0          0   iusefp.o
        30          0          0          0          0         68   llshl.o
        32          0          0          0          0         68   llushr.o
       188         20          0          0          0        160   malloc.o
        36          0          0          0          0         68   memcpya.o
        36          0          0          0          0        108   memseta.o
         0          0          0          8          0          0   mvars.o
        24          0          0          0          0         68   strcat.o
        18          0          0          0          0         68   strcpy.o
        14          0          0          0          0         68   strlen.o
       186          0          0          0          0        176   depilogue.o
        50          0          0          0          0         76   dfixui.o
        26          0          0          0          0         76   dfltui.o
       228          0          0          0          0         96   dmul.o

    ----------------------------------------------------------------------
      1042         36          0          8          0       1168   Library Totals
         2          0          0          0          0          0   (incl. Padding)

    ----------------------------------------------------------------------

      Code (inc. data)   RO Data    RW Data    ZI Data      Debug   Library Name

       550         36          0          8          0        744   mc_w.l
       490          0          0          0          0        424   mf_w.l

    ----------------------------------------------------------------------
      1042         36          0          8          0       1168   Library Totals

    ----------------------------------------------------------------------

==============================================================================


      Code (inc. data)   RO Data    RW Data    ZI Data      Debug   

     17388       1060        352        464       7016     695620   Grand Totals
     17388       1060        352        196       7016     695620   ELF Image Totals (compressed)
     17388       1060        352        196          0          0   ROM Totals

==============================================================================

    Total RO  Size (Code + RO Data)                17740 (  17.32kB)
    Total RW  Size (RW Data + ZI Data)              7480 (   7.30kB)
    Total ROM Size (Code + RO Data + RW Data)      17936 (  17.52kB)

==============================================================================

